# Blockpost room-protocol capture, started 2026-08-23 14:46:07
# tx: <ms> tx hdr=0xNN op=0xNN <name> : <fields>    rx: <ms> rx len=N <hex>
11153,5 AMMO a=30 b=45 c=155
16096,4 AMMO a=31 b=45 c=150
21059,3 AMMO a=31 b=45 c=145
26214,9 AMMO a=31 b=46 c=140
30842,2 ==== FIELDWATCH ON ====
30845,4 # net: TcpClient.Connected = True
30861,3 #   player nonzero: _LCEIAGLFFJN_k__BackingField=1 GLFBKBKFPCL=2063882 CCINALOJCNH=2 LDKMPMIANCE=4 MMMGPDBMOLM=1 FGFKPMPLNKO=16.517 PFGNALDDNDB=2 HOJIIOCKKLO=1 BCACFHNPIBP=45 CIPOBFGAMOP=5.723 HJLHOFPDEAA=1804 OLOOMMIKDPJ=5.723 BDHNEDFEHBA=64 LNIDBHIAJJI=18 ACAIGMNLLEC=19 LCPGFBMKNHJ=999 APFNBGHAJMD=1 CGHKKDBILGF=1 HIECLOJIFIL=1
30866,1 #   player.GPBAJMJILMA len=2 [25,3125, 26,71875]
30866,3 #   player.JNBMIDFBOHD len=2 [25,3125, 0]
30866,5 #   player.JPDHFNADBKI len=2 [25,3125, 26,71875]
30866,6 #   player.GDEMINMDJAC len=4 [0, 0, 0, 0]
30866,7 #   player.DDKPBGMMNIA len=10 [0, 0, 0, 1, 0, 1, 0, 0, 0, 0]
30866,9 #   player.PPOOANLEBNI len=40 [0, 0, 0, 0, 0, 0, 0, 0, 0, 0, 0, 0]
30867,5 # fieldwatch player: 51 numeric fields, 6 arrays (GPBAJMJILMA,JNBMIDFBOHD,JPDHFNADBKI,GDEMINMDJAC,DDKPBGMMNIA,PPOOANLEBNI) on KBBBHJDINCB
30867,8 #   Controll.static nonzero: BIAHHOIOFKG=0.5 BNHEPNNOAIK=2.4 BNALIDHMCIG=2.75 JOJODHNJNGO=3 AJKDGEACHKD=3 NAKNALFCOIF=26.1 IGLCENGMMMJ=26.25 HKPMJHCGMDE=0.4 DGNDKAKOEPD=3026516 BEJBLGGGOCC=340607707 JELGPAKAJPE=102 EENJPDHGGGC=29.629 ONGHDHKFEBG=-1 PBICPLCFAGG=1 ILFOFIOFBAM=-1 CFACCGMPPOE=1 CMGGPFHFKCM=2.4 MKFDGFOCKNO=30.323 LEKCBKLAILO=30.373 CIDLIJFIKPG=0.05 OFJKHAFJIMA=0.007 GKNJELHPMDE=-1 FBINCNDDPAO=15.294 ILGHFLMKMCO=17.294 JADIDAJFOGK=0.31 OINJNFHMDFE=0.441 GAMBHJPMDON=1 MNHBPCOOMLE=3015082 KMJLDLGDMGK=1 GIPNIMALPEG=0.428
30869,0 #   Controll.static.DDOHELGGICN len=6 [(normal:(0.88, -0.34, 0.33), distance:-92.91), (normal:(-0.28, -0.34, 0.90), distance:-47.51), (normal:(0.38, 0.52, 0.77), distance:-91.06), (normal:(0.05, -0.99, 0.10), distance:-8.01), (normal:(0.39, -0.44, 0.81), distance:-92.20), (normal:(-0.39, 0.44, -0.81), distance:347.93)]
30869,0 # fieldwatch Controll.static: 74 numeric fields, 1 arrays (DDOHELGGICN) on Controll
30872,8 #   Controll nonzero: IFFKNMHKCKD=0.05 NIJLEBGNMAK=0.001 DKMDNEBPDLN=100000000 CJIOKPOOHIC=-1 CLEHDNFKJPB=4.212 CAFJCKPAKIB=1 CGNEAAGAMKC=50 MCOGBCDKDJD=10 DJJBAKDOCPN=-1 MJPKOOHJOPA=14.593 useGUILayout=1 enabled=1 isActiveAndEnabled=1
30872,8 # fieldwatch Controll: 28 numeric fields, 0 arrays () on Controll
30873,5 #   weapon nonzero: OCDNCKANJPB=1
30873,5 # fieldwatch weapon: 3 numeric fields, 0 arrays () on CGJPBNDDPIN
30874,4 #   activeEntry nonzero: PICIILNDDJO=1 NIKINLIKGCP=15 MOGDFDEMPLE=45
30878,4 #   activeEntry.COAAKMDBKJM len=3 [0, 0, 0]
30878,4 # fieldwatch activeEntry: 8 numeric fields, 1 arrays (COAAKMDBKJM) on FPNENMKEFBB
30880,2 #   PLH.static nonzero: LCKKCAHAPEF=2.08 IFFKNMHKCKD=0.05 EHHGKJHIGIL=1 ADJMBEDDHLB=30.336 CFIMEAFDJFM=26.62 KMLIIIGJAEK=4 EDLPNENMJFF=50 EKHCENHLMAM=1
30880,2 # fieldwatch PLH.static: 11 numeric fields, 0 arrays () on PLH
30880,2 # fieldwatch: PLH.LPCJFAOOIKA is null
30884,3 #   HUD.static nonzero: CBFLNECJIFF=1 MMEPGJJAHCI=34.815 EHBHDOAHOAO=31 CGDKPLKDION=46 GONEFAMEMOJ=140 DJBNLINNLOJ=-1 DIIAFKMNANI=22.015 NIHKFABDHPH=100 LCJPDJJKNDM=1 FJMNBAGNAIH=6.223 OOIBIGCALAA=0.5 IICPDHNGAKC=1
30886,7 #   HUD.static.DPOPNDPLFMN len=8 [(x:773.49, y:43.38, width:40.48, height:40.48), (x:727.22, y:43.38, width:40.48, height:40.48), (x:680.95, y:43.38, width:40.48, height:40.48), (x:634.69, y:43.38, width:40.48, height:40.48), (x:588.42, y:43.38, width:40.48, height:40.48), (x:542.15, y:43.38, width:40.48, height:40.48), (x:495.89, y:43.38, width:40.48, height:40.48), (x:449.62, y:43.38, width:40.48, height:40.48)]
30886,9 #   HUD.static.MGJBGOOFALD len=8 [(x:1106.03, y:43.38, width:40.48, height:40.48), (x:1152.30, y:43.38, width:40.48, height:40.48), (x:1198.56, y:43.38, width:40.48, height:40.48), (x:1244.83, y:43.38, width:40.48, height:40.48), (x:1291.10, y:43.38, width:40.48, height:40.48), (x:1337.36, y:43.38, width:40.48, height:40.48), (x:1383.63, y:43.38, width:40.48, height:40.48), (x:1429.90, y:43.38, width:40.48, height:40.48)]
30887,2 #   HUD.static.FBJDJBJOIJD len=16 [(x:773.49, y:20.24, width:40.48, height:40.48), (x:727.22, y:20.24, width:40.48, height:40.48), (x:680.95, y:20.24, width:40.48, height:40.48), (x:634.69, y:20.24, width:40.48, height:40.48), (x:588.42, y:20.24, width:40.48, height:40.48), (x:542.15, y:20.24, width:40.48, height:40.48), (x:495.89, y:20.24, width:40.48, height:40.48), (x:449.62, y:20.24, width:40.48, height:40.48), (x:773.49, y:66.51, width:40.48, height:40.48), (x:727.22, y:66.51, width:40.48, height:40.48), (x:680.95, y:66.51, width:40.48, height:40.48), (x:634.69, y:66.51, width:40.48, height:40.48)]
30888,6 #   HUD.static.HPCDGLNGIJJ len=16 [(x:1106.03, y:20.24, width:40.48, height:40.48), (x:1152.30, y:20.24, width:40.48, height:40.48), (x:1198.56, y:20.24, width:40.48, height:40.48), (x:1244.83, y:20.24, width:40.48, height:40.48), (x:1291.10, y:20.24, width:40.48, height:40.48), (x:1337.36, y:20.24, width:40.48, height:40.48), (x:1383.63, y:20.24, width:40.48, height:40.48), (x:1429.90, y:20.24, width:40.48, height:40.48), (x:1106.03, y:66.51, width:40.48, height:40.48), (x:1152.30, y:66.51, width:40.48, height:40.48), (x:1198.56, y:66.51, width:40.48, height:40.48), (x:1244.83, y:66.51, width:40.48, height:40.48)]
30889,0 #   HUD.static.JNAIOMMAIJG len=128 [0, 0, 0, 0, 0, 0, 0, 0, 0, 0, 0, 0]
30889,0 # fieldwatch HUD.static: 32 numeric fields, 5 arrays (DPOPNDPLFMN,MGJBGOOFALD,FBJDJBJOIJD,HPCDGLNGIJJ,JNAIOMMAIJG) on HUD
30890,7 #   HUD nonzero: LCANLDDJLFB=1 IMPGDAPCBJF=108 useGUILayout=1 enabled=1 isActiveAndEnabled=1
30890,8 # fieldwatch HUD: 11 numeric fields, 0 arrays () on HUD
30894,3 #   GUIInv.static nonzero: PNMFBNFKNAP=1 EFBFIHJMABF=1 LALEHGDILEB=9 INCDIECCFMC=7 LOILCIEIHHF=8
30894,5 #   GUIInv.static.MHCPNENABCD len=9 [0, 0, 0, 1, 1, 0, 0, 0, 0]
30894,7 #   GUIInv.static.CLKDEHIHPAJ len=31 [0, 0, 1, 1, 1, 1, 1, 1, 1, 1, 1, 1]
30894,8 #   GUIInv.static.EKNEPPFAEME len=30 [0, 0, 0, 1, 1, 1, 1, 1, 1, 1, 1, 1]
30895,0 #   GUIInv.static.ODBDHJLHOGP len=29 [0, 0, 1, 1, 1, 1, 1, 1, 1, 1, 1, 1]
30895,1 #   GUIInv.static.JGFMOAHNPDN len=3 [0, 1, 1]
30895,1 # fieldwatch GUIInv.static: 25 numeric fields, 5 arrays (MHCPNENABCD,CLKDEHIHPAJ,EKNEPPFAEME,ODBDHJLHOGP,JGFMOAHNPDN) on GUIInv
30895,5 #   GUIInv nonzero: 
30895,5 # fieldwatch GUIInv: 2 numeric fields, 0 arrays () on BIMFEOACIDM
30901,2 fw PLH.static      ADJMBEDDHLB         30.3361 -> 30.4007
30901,2 fw PLH.static      CFIMEAFDJFM         26.6196 -> 26.6429
30910,0 fw PLH.static      ADJMBEDDHLB         30.4007 -> 30.404
30914,1 fw PLH.static      ADJMBEDDHLB          30.404 -> 30.4127
30914,1 fw PLH.static      CFIMEAFDJFM         26.6429 -> 26.7117
30922,5 fw PLH.static      ADJMBEDDHLB         30.4127 -> 30.4169
30922,6 fw PLH.static      CFIMEAFDJFM         26.7117 -> 26.7158
30926,6 fw PLH.static      ADJMBEDDHLB         30.4169 -> 30.4253
30934,5 fw PLH.static      ADJMBEDDHLB         30.4253 -> 30.4296
30934,5 fw PLH.static      CFIMEAFDJFM         26.7158 -> 26.7284
30939,0 fw PLH.static      ADJMBEDDHLB         30.4296 -> 30.4372
30948,8 fw PLH.static      ADJMBEDDHLB         30.4372 -> 30.4418
30965,9 fw Controll.static MKFDGFOCKNO         30.3734 -> 30.4234
30965,9 fw Controll.static LEKCBKLAILO         30.4234 -> 30.4734
30965,9 fw Controll.static OFJKHAFJIMA          0.0301 -> 0.0014
30966,0 fw PLH.static      ADJMBEDDHLB         30.4418 -> 30.4515
30966,0 fw PLH.static      CFIMEAFDJFM         26.7284 -> 26.7499
30970,6 fw PLH.static      ADJMBEDDHLB         30.4515 -> 30.4687
30979,4 fw PLH.static      ADJMBEDDHLB         30.4687 -> 30.4734
30979,4 fw PLH.static      CFIMEAFDJFM         26.7499 -> 26.7724
30983,8 fw player          APFNBGHAJMD               0 -> 1
30983,8 fw Controll.static GIPNIMALPEG           0.115 -> 0.2596
30983,9 fw PLH.static      ADJMBEDDHLB         30.4734 -> 30.4822
30983,9 fw PLH.static      CFIMEAFDJFM         26.7724 -> 26.7802
30991,7 fw PLH.static      ADJMBEDDHLB         30.4822 -> 30.4866
30998,2 fw PLH.static      ADJMBEDDHLB         30.4866 -> 30.4944
30998,2 fw PLH.static      CFIMEAFDJFM         26.7802 -> 26.7934
31003,4 fw Controll.static MKFDGFOCKNO         30.4234 -> 30.4734
31003,4 fw Controll.static LEKCBKLAILO         30.4734 -> 30.5234
31003,4 fw PLH.static      ADJMBEDDHLB         30.4944 -> 30.5009
31003,4 fw PLH.static      CFIMEAFDJFM         26.7934 -> 26.7998
31010,1 fw Controll.static OFJKHAFJIMA          0.0014 -> 0.0081
31010,1 fw PLH.static      ADJMBEDDHLB         30.5009 -> 30.5062
31010,1 fw PLH.static      CFIMEAFDJFM         26.7998 -> 26.8046
31015,7 fw PLH.static      ADJMBEDDHLB         30.5062 -> 30.5129
31015,7 fw PLH.static      CFIMEAFDJFM         26.8046 -> 26.8118
31022,5 fw Controll.static GIPNIMALPEG          0.2596 -> 0.0326
31022,5 fw PLH.static      ADJMBEDDHLB         30.5129 -> 30.5184
31027,9 fw PLH.static      ADJMBEDDHLB         30.5184 -> 30.5253
31028,0 fw PLH.static      CFIMEAFDJFM         26.8118 -> 26.8236
31035,3 fw PLH.static      ADJMBEDDHLB         30.5253 -> 30.5307
31040,0 fw PLH.static      ADJMBEDDHLB         30.5307 -> 30.538
31040,0 fw PLH.static      CFIMEAFDJFM         26.8236 -> 26.837
31048,2 fw Controll.static MKFDGFOCKNO         30.4734 -> 30.5234
31048,2 fw Controll.static LEKCBKLAILO         30.5234 -> 30.5734
31048,2 fw Controll.static OFJKHAFJIMA          0.0081 -> 0.0014
31048,3 fw PLH.static      ADJMBEDDHLB          30.538 -> 30.5427
31052,1 fw PLH.static      ADJMBEDDHLB         30.5427 -> 30.5511
31052,1 fw PLH.static      CFIMEAFDJFM          26.837 -> 26.85
31061,0 fw Controll.static GIPNIMALPEG          0.0326 -> 0.8022
31061,0 fw PLH.static      ADJMBEDDHLB         30.5511 -> 30.5549
31061,2 AMMO a=31 b=46 c=135
31066,0 fw PLH.static      ADJMBEDDHLB         30.5549 -> 30.5641
31066,0 fw PLH.static      CFIMEAFDJFM           26.85 -> 26.8623
31073,9 fw PLH.static      ADJMBEDDHLB         30.5641 -> 30.5687
31081,6 fw PLH.static      ADJMBEDDHLB         30.5687 -> 30.5767
31081,6 fw PLH.static      CFIMEAFDJFM         26.8623 -> 26.8754
31081,7 fw HUD.static      GONEFAMEMOJ             140 -> 135
31081,7 fw HUD.static      DIIAFKMNANI         22.0153 -> 26.8623
31087,0 fw Controll.static MKFDGFOCKNO         30.5234 -> 30.5734
31087,0 fw Controll.static LEKCBKLAILO         30.5734 -> 30.6234
31087,0 fw Controll.static OFJKHAFJIMA          0.0014 -> 0.0028
31087,0 fw PLH.static      ADJMBEDDHLB         30.5767 -> 30.5844
31094,3 fw PLH.static      ADJMBEDDHLB         30.5844 -> 30.5898
31094,3 fw PLH.static      CFIMEAFDJFM         26.8754 -> 26.8887
31100,1 fw Controll.static GIPNIMALPEG          0.8022 -> 0.5855
31100,2 fw PLH.static      ADJMBEDDHLB         30.5898 -> 30.597
31106,6 fw PLH.static      ADJMBEDDHLB          30.597 -> 30.6029
31106,6 fw PLH.static      CFIMEAFDJFM         26.8887 -> 26.9015
31111,2 fw PLH.static      ADJMBEDDHLB         30.6029 -> 30.6093
31119,4 fw PLH.static      ADJMBEDDHLB         30.6093 -> 30.6139
31123,3 fw Controll.static MKFDGFOCKNO         30.5734 -> 30.6234
31123,3 fw Controll.static LEKCBKLAILO         30.6234 -> 30.6734
31123,4 fw Controll.static OFJKHAFJIMA          0.0028 -> 0.0023
31123,4 fw PLH.static      ADJMBEDDHLB         30.6139 -> 30.6225
31123,4 fw PLH.static      CFIMEAFDJFM         26.9015 -> 26.9206
31132,7 fw PLH.static      ADJMBEDDHLB         30.6225 -> 30.6261
31137,8 fw Controll.static GIPNIMALPEG          0.5855 -> 0.3379
31137,8 fw PLH.static      ADJMBEDDHLB         30.6261 -> 30.6354
31144,7 fw PLH.static      ADJMBEDDHLB         30.6354 -> 30.6406
31144,7 fw PLH.static      CFIMEAFDJFM         26.9206 -> 26.9394
31149,7 fw Controll.static DGNDKAKOEPD         3026516 -> 3027509
31149,7 fw Controll.static BEJBLGGGOCC       340607707 -> 340608692
31149,7 fw Controll.static JELGPAKAJPE             102 -> 98
31149,7 fw Controll.static EENJPDHGGGC         29.6292 -> 30.6222
31149,7 fw PLH.static      ADJMBEDDHLB         30.6406 -> 30.6475
31149,7 fw PLH.static      CFIMEAFDJFM         26.9394 -> 26.946
31156,8 fw PLH.static      ADJMBEDDHLB         30.6475 -> 30.6525
31165,0 fw PLH.static      ADJMBEDDHLB         30.6525 -> 30.6596
31169,0 fw PLH.static      ADJMBEDDHLB         30.6596 -> 30.6677
31169,0 fw PLH.static      CFIMEAFDJFM          26.946 -> 26.9663
31177,1 fw Controll.static GIPNIMALPEG          0.3379 -> 0.1253
31177,2 fw PLH.static      ADJMBEDDHLB         30.6677 -> 30.6717
31183,0 fw PLH.static      ADJMBEDDHLB         30.6717 -> 30.6799
31189,2 fw PLH.static      ADJMBEDDHLB         30.6799 -> 30.6858
31189,2 fw PLH.static      CFIMEAFDJFM         26.9663 -> 26.9843
31195,7 fw PLH.static      ADJMBEDDHLB         30.6858 -> 30.692
31201,6 fw Controll.static MKFDGFOCKNO         30.6234 -> 30.6734
31201,6 fw Controll.static LEKCBKLAILO         30.6734 -> 30.7234
31201,6 fw Controll.static OFJKHAFJIMA          0.0023 -> 0.006
31201,6 fw PLH.static      ADJMBEDDHLB          30.692 -> 30.6985
31201,7 fw PLH.static      CFIMEAFDJFM         26.9843 -> 26.9971
31208,4 fw PLH.static      ADJMBEDDHLB         30.6985 -> 30.7044
31214,7 fw PLH.static      ADJMBEDDHLB         30.7044 -> 30.7112
31214,7 fw PLH.static      CFIMEAFDJFM         26.9971 -> 27.0101
31222,3 fw Controll.static GIPNIMALPEG          0.1253 -> 0.0284
31222,3 fw PLH.static      ADJMBEDDHLB         30.7112 -> 30.7174
31226,1 fw PLH.static      ADJMBEDDHLB         30.7174 -> 30.7251
31226,1 fw PLH.static      CFIMEAFDJFM         27.0101 -> 27.0234
31235,1 fw PLH.static      ADJMBEDDHLB         30.7251 -> 30.7289
31235,1 fw PLH.static      CFIMEAFDJFM         27.0234 -> 27.0279
31239,6 fw Controll.static MKFDGFOCKNO         30.6734 -> 30.7234
31239,6 fw Controll.static LEKCBKLAILO         30.7234 -> 30.7734
31239,7 fw PLH.static      ADJMBEDDHLB         30.7289 -> 30.7378
31247,3 fw Controll.static OFJKHAFJIMA           0.006 -> 0.0012
31247,4 fw PLH.static      ADJMBEDDHLB         30.7378 -> 30.7424
31247,4 fw PLH.static      CFIMEAFDJFM         27.0279 -> 27.041
31251,9 fw PLH.static      ADJMBEDDHLB         30.7424 -> 30.7501
31260,0 fw Controll.static GIPNIMALPEG          0.0284 -> 0.7828
31260,1 fw PLH.static      ADJMBEDDHLB         30.7501 -> 30.7546
31260,1 fw PLH.static      CFIMEAFDJFM          27.041 -> 27.0535
31265,1 fw PLH.static      ADJMBEDDHLB         30.7546 -> 30.7629
31272,5 fw PLH.static      ADJMBEDDHLB         30.7629 -> 30.7679
31272,5 fw PLH.static      CFIMEAFDJFM         27.0535 -> 27.0669
31276,8 fw PLH.static      ADJMBEDDHLB         30.7679 -> 30.7752
31276,8 fw PLH.static      CFIMEAFDJFM         27.0669 -> 27.0741
31287,2 fw Controll.static MKFDGFOCKNO         30.7234 -> 30.7734
31287,2 fw Controll.static LEKCBKLAILO         30.7734 -> 30.8234
31287,2 fw Controll.static OFJKHAFJIMA          0.0012 -> 0.0014
31287,2 fw PLH.static      ADJMBEDDHLB         30.7752 -> 30.7859
31297,2 fw PLH.static      ADJMBEDDHLB         30.7859 -> 30.7899
31301,5 fw Controll.static GIPNIMALPEG          0.7828 -> 0.6119
31301,5 fw PLH.static      ADJMBEDDHLB         30.7899 -> 30.8
31309,5 fw PLH.static      ADJMBEDDHLB            30.8 -> 30.8042
31315,1 fw PLH.static      ADJMBEDDHLB         30.8042 -> 30.8123
31322,5 fw PLH.static      ADJMBEDDHLB         30.8123 -> 30.818
31322,5 fw PLH.static      CFIMEAFDJFM         27.0741 -> 27.1169
31326,6 fw Controll.static MKFDGFOCKNO         30.7734 -> 30.8234
31326,6 fw Controll.static LEKCBKLAILO         30.8234 -> 30.8734
31326,7 fw PLH.static      ADJMBEDDHLB          30.818 -> 30.8252
31326,7 fw PLH.static      CFIMEAFDJFM         27.1169 -> 27.1235
31335,0 fw PLH.static      ADJMBEDDHLB         30.8252 -> 30.8294
31339,6 fw Controll.static GIPNIMALPEG          0.6119 -> 0.3756
31339,7 fw PLH.static      ADJMBEDDHLB         30.8294 -> 30.8377
31339,7 fw PLH.static      CFIMEAFDJFM         27.1235 -> 27.1367
31347,4 fw PLH.static      ADJMBEDDHLB         30.8377 -> 30.8424
31347,4 fw PLH.static      CFIMEAFDJFM         27.1367 -> 27.1409
31351,4 fw PLH.static      ADJMBEDDHLB         30.8424 -> 30.8501
31351,4 fw PLH.static      CFIMEAFDJFM         27.1409 -> 27.1491
31362,6 fw Controll.static GLGCAOADGMN               0 -> 1
31362,7 fw PLH.static      ADJMBEDDHLB         30.8501 -> 30.8541
31366,2 fw Controll        MJPKOOHJOPA         14.5926 -> 27.4609
31366,2 fw PLH.static      ADJMBEDDHLB         30.8541 -> 30.8654
31366,2 fw PLH.static      CFIMEAFDJFM         27.1491 -> 27.1609
31376,3 fw PLH.static      ADJMBEDDHLB         30.8654 -> 30.8689
31382,8 fw Controll.static MNHBPCOOMLE         3015082 -> 3027952
31382,8 fw Controll.static GIPNIMALPEG          0.3756 -> 0.239
31382,9 fw PLH.static      ADJMBEDDHLB         30.8689 -> 30.8791
31382,9 fw PLH.static      CFIMEAFDJFM         27.1609 -> 27.1777
31388,3 fw PLH.static      ADJMBEDDHLB         30.8791 -> 30.8856
31397,1 fw PLH.static      ADJMBEDDHLB         30.8856 -> 30.8911
31400,1 fw PLH.static      ADJMBEDDHLB         30.8911 -> 30.8998
31409,0 fw Controll.static MKFDGFOCKNO         30.8234 -> 30.8734
31409,0 fw Controll.static LEKCBKLAILO         30.8734 -> 30.9234
31409,1 fw Controll.static OFJKHAFJIMA          0.0014 -> 0.0051
31409,1 fw PLH.static      ADJMBEDDHLB         30.8998 -> 30.9028
31409,1 fw PLH.static      CFIMEAFDJFM         27.1777 -> 27.2014
31414,7 fw PLH.static      ADJMBEDDHLB         30.9028 -> 30.9118
31422,0 fw Controll.static GIPNIMALPEG           0.239 -> 0.0224
31422,0 fw PLH.static      ADJMBEDDHLB         30.9118 -> 30.9175
31426,2 fw PLH.static      ADJMBEDDHLB         30.9175 -> 30.9249
31426,2 fw PLH.static      CFIMEAFDJFM         27.2014 -> 27.2231
31436,0 fw PLH.static      ADJMBEDDHLB         30.9249 -> 30.9289
31440,8 fw PLH.static      ADJMBEDDHLB         30.9289 -> 30.9388
31440,8 fw PLH.static      CFIMEAFDJFM         27.2231 -> 27.2377
31448,5 fw Controll.static MKFDGFOCKNO         30.8734 -> 30.9234
31448,5 fw Controll.static LEKCBKLAILO         30.9234 -> 30.9734
31448,5 fw Controll.static OFJKHAFJIMA          0.0051 -> 0.0009
31448,6 fw PLH.static      ADJMBEDDHLB         30.9388 -> 30.9435
31452,7 fw PLH.static      ADJMBEDDHLB         30.9435 -> 30.9514
31452,7 fw PLH.static      CFIMEAFDJFM         27.2377 -> 27.2503
31463,0 fw PLH.static      ADJMBEDDHLB         30.9514 -> 30.9555
31466,1 fw Controll.static GIPNIMALPEG          0.0224 -> 0.9055
31466,2 fw PLH.static      ADJMBEDDHLB         30.9555 -> 30.9657
31466,2 fw PLH.static      CFIMEAFDJFM         27.2503 -> 27.2624
31476,4 fw PLH.static      ADJMBEDDHLB         30.9657 -> 30.9689
31482,0 fw PLH.static      ADJMBEDDHLB         30.9689 -> 30.9792
31482,0 fw PLH.static      CFIMEAFDJFM         27.2624 -> 27.2776
31488,6 fw Controll.static GLGCAOADGMN               1 -> 0
31488,6 fw Controll.static MKFDGFOCKNO         30.9234 -> 30.9734
31488,6 fw Controll.static LEKCBKLAILO         30.9734 -> 31.0234
31488,7 fw PLH.static      ADJMBEDDHLB         30.9792 -> 30.9848
31493,5 fw Controll.static OFJKHAFJIMA          0.0009 -> 0.0052
31493,6 fw PLH.static      ADJMBEDDHLB         30.9848 -> 30.9914
31493,6 fw PLH.static      CFIMEAFDJFM         27.2776 -> 27.2903
31501,9 fw PLH.static      ADJMBEDDHLB         30.9914 -> 30.9963
31505,4 fw Controll.static GIPNIMALPEG          0.9055 -> 0.6899
31505,4 fw PLH.static      ADJMBEDDHLB         30.9963 -> 31.0047
31505,4 fw PLH.static      CFIMEAFDJFM         27.2903 -> 27.303
31515,5 fw PLH.static      ADJMBEDDHLB         31.0047 -> 31.0081
31520,1 fw PLH.static      ADJMBEDDHLB         31.0081 -> 31.0182
31520,1 fw PLH.static      CFIMEAFDJFM          27.303 -> 27.3171
31527,5 fw PLH.static      ADJMBEDDHLB         31.0182 -> 31.0228
31532,6 fw Controll.static MKFDGFOCKNO         30.9734 -> 31.0234
31532,6 fw Controll.static LEKCBKLAILO         31.0234 -> 31.0734
31532,6 fw Controll.static OFJKHAFJIMA          0.0052 -> 0.0064
31532,7 fw PLH.static      ADJMBEDDHLB         31.0228 -> 31.0303
31532,7 fw PLH.static      CFIMEAFDJFM         27.3171 -> 27.329
31540,2 fw PLH.static      ADJMBEDDHLB         31.0303 -> 31.0354
31540,2 fw PLH.static      CFIMEAFDJFM          27.329 -> 27.3344
31546,6 fw Controll.static GIPNIMALPEG          0.6899 -> 0.5144
31546,6 fw PLH.static      ADJMBEDDHLB         31.0354 -> 31.0429
31552,1 fw PLH.static      ADJMBEDDHLB         31.0429 -> 31.0495
31552,1 fw PLH.static      CFIMEAFDJFM         27.3344 -> 27.3483
31559,4 fw PLH.static      ADJMBEDDHLB         31.0495 -> 31.0548
31564,3 fw PLH.static      ADJMBEDDHLB         31.0548 -> 31.0622
31564,3 fw PLH.static      CFIMEAFDJFM         27.3483 -> 27.3604
31572,0 fw Controll.static MKFDGFOCKNO         31.0234 -> 31.0734
31572,0 fw Controll.static LEKCBKLAILO         31.0734 -> 31.1234
31572,0 fw Controll.static OFJKHAFJIMA          0.0064 -> 0.001
31572,1 fw PLH.static      ADJMBEDDHLB         31.0622 -> 31.0671
31576,5 fw PLH.static      ADJMBEDDHLB         31.0671 -> 31.0749
31576,5 fw PLH.static      CFIMEAFDJFM         27.3604 -> 27.3736
31585,2 fw Controll.static GIPNIMALPEG          0.5144 -> 0.2857
31585,2 fw PLH.static      ADJMBEDDHLB         31.0749 -> 31.0792
31589,0 fw PLH.static      ADJMBEDDHLB         31.0792 -> 31.0887
31589,0 fw PLH.static      CFIMEAFDJFM         27.3736 -> 27.3864
31599,7 fw PLH.static      ADJMBEDDHLB         31.0887 -> 31.0918
31599,7 fw PLH.static      CFIMEAFDJFM         27.3864 -> 27.3908
31603,3 fw PLH.static      ADJMBEDDHLB         31.0918 -> 31.1026
31603,3 fw PLH.static      CFIMEAFDJFM         27.3908 -> 27.4008
31612,9 fw PLH.static      ADJMBEDDHLB         31.1026 -> 31.1061
31616,3 fw player          LNIDBHIAJJI              18 -> 17
31616,4 fw PLH.static      ADJMBEDDHLB         31.1061 -> 31.1156
31616,4 fw PLH.static      CFIMEAFDJFM         27.4008 -> 27.4146
31625,6 fw Controll.static GIPNIMALPEG          0.2857 -> 0.0936
31625,6 fw PLH.static      ADJMBEDDHLB         31.1156 -> 31.1192
31630,8 fw PLH.static      ADJMBEDDHLB         31.1192 -> 31.1284
31630,8 fw PLH.static      CFIMEAFDJFM         27.4146 -> 27.4264
31638,0 fw PLH.static      ADJMBEDDHLB         31.1284 -> 31.1335
31643,9 fw PLH.static      ADJMBEDDHLB         31.1335 -> 31.1407
31650,6 fw Controll.static MKFDGFOCKNO         31.0734 -> 31.1234
31650,6 fw Controll.static LEKCBKLAILO         31.1234 -> 31.1734
31650,6 fw Controll.static OFJKHAFJIMA           0.001 -> 0.0044
31650,6 fw PLH.static      ADJMBEDDHLB         31.1407 -> 31.1467
31650,6 fw PLH.static      CFIMEAFDJFM         27.4264 -> 27.4449
31655,3 fw PLH.static      ADJMBEDDHLB         31.1467 -> 31.1534
31655,3 fw PLH.static      CFIMEAFDJFM         27.4449 -> 27.4523
31663,8 fw Controll.static GIPNIMALPEG          0.0936 -> 0.8582
31663,9 fw PLH.static      ADJMBEDDHLB         31.1534 -> 31.158
31667,4 fw PLH.static      ADJMBEDDHLB          31.158 -> 31.1666
31667,4 fw PLH.static      CFIMEAFDJFM         27.4523 -> 27.465
31676,1 fw player          LNIDBHIAJJI              17 -> 18
31676,2 fw PLH.static      ADJMBEDDHLB         31.1666 -> 31.1702
31682,0 fw PLH.static      ADJMBEDDHLB         31.1702 -> 31.1792
31682,0 fw PLH.static      CFIMEAFDJFM          27.465 -> 27.4778
31689,0 fw Controll.static MKFDGFOCKNO         31.1234 -> 31.1735
31689,1 fw Controll.static LEKCBKLAILO         31.1734 -> 31.2234
31689,1 fw Controll.static OFJKHAFJIMA          0.0044 -> 0.0051
31689,1 fw PLH.static      ADJMBEDDHLB         31.1792 -> 31.1847
31696,1 fw PLH.static      ADJMBEDDHLB         31.1847 -> 31.1919
31696,1 fw PLH.static      CFIMEAFDJFM         27.4778 -> 27.4908
31701,3 fw PLH.static      ADJMBEDDHLB         31.1919 -> 31.1988
31710,0 fw Controll.static GIPNIMALPEG          0.8582 -> 0.782
31710,1 fw Controll        MJPKOOHJOPA         27.4609 -> 27.81
31710,1 fw PLH.static      ADJMBEDDHLB         31.1988 -> 31.204
31710,1 fw PLH.static      CFIMEAFDJFM         27.4908 -> 27.5024
31714,0 fw PLH.static      ADJMBEDDHLB          31.204 -> 31.2129
31723,5 fw PLH.static      ADJMBEDDHLB         31.2129 -> 31.2167
31723,5 fw PLH.static      CFIMEAFDJFM         27.5024 -> 27.5157
31729,5 fw Controll.static GLGCAOADGMN               0 -> 1
31729,5 fw Controll.static MKFDGFOCKNO         31.1735 -> 31.2235
31729,6 fw Controll.static LEKCBKLAILO         31.2234 -> 31.2735
31729,6 fw PLH.static      ADJMBEDDHLB         31.2167 -> 31.2263
31729,6 fw PLH.static      CFIMEAFDJFM         27.5157 -> 27.5244
31735,4 fw Controll.static OFJKHAFJIMA          0.0051 -> 0.0024
31735,5 fw PLH.static      ADJMBEDDHLB         31.2263 -> 31.2323
31742,1 fw Controll.static MNHBPCOOMLE         3027952 -> 3028299
31742,1 fw PLH.static      ADJMBEDDHLB         31.2323 -> 31.2382
31742,1 fw PLH.static      CFIMEAFDJFM         27.5244 -> 27.5372
31747,4 fw Controll.static GIPNIMALPEG           0.782 -> 0.5306
31747,5 fw PLH.static      ADJMBEDDHLB         31.2382 -> 31.245
31747,5 fw PLH.static      CFIMEAFDJFM         27.5372 -> 27.5431
31754,8 fw PLH.static      ADJMBEDDHLB          31.245 -> 31.2504
31754,8 fw PLH.static      CFIMEAFDJFM         27.5431 -> 27.5491
31760,3 fw PLH.static      ADJMBEDDHLB         31.2504 -> 31.2575
31760,3 fw PLH.static      CFIMEAFDJFM         27.5491 -> 27.5564
31766,7 fw PLH.static      ADJMBEDDHLB         31.2575 -> 31.263
31773,8 fw Controll.static MKFDGFOCKNO         31.2235 -> 31.2735
31773,8 fw Controll.static LEKCBKLAILO         31.2735 -> 31.3235
31773,8 fw Controll.static OFJKHAFJIMA          0.0024 -> 0.0027
31773,9 fw PLH.static      ADJMBEDDHLB          31.263 -> 31.2694
31773,9 fw PLH.static      CFIMEAFDJFM         27.5564 -> 27.5684
31780,1 fw PLH.static      ADJMBEDDHLB         31.2694 -> 31.2766
31785,7 fw Controll.static GIPNIMALPEG          0.5306 -> 0.2961
31785,8 fw PLH.static      ADJMBEDDHLB         31.2766 -> 31.2828
31785,8 fw PLH.static      CFIMEAFDJFM         27.5684 -> 27.5811
31792,4 fw PLH.static      ADJMBEDDHLB         31.2828 -> 31.2885
31798,0 fw PLH.static      ADJMBEDDHLB         31.2885 -> 31.2951
31806,0 fw PLH.static      ADJMBEDDHLB         31.2951 -> 31.3008
31806,0 fw PLH.static      CFIMEAFDJFM         27.5811 -> 27.5997
31812,8 fw PLH.static      ADJMBEDDHLB         31.3008 -> 31.3087
31817,5 fw PLH.static      ADJMBEDDHLB         31.3087 -> 31.3157
31817,5 fw PLH.static      CFIMEAFDJFM         27.5997 -> 27.6144
31827,4 fw Controll.static GIPNIMALPEG          0.2961 -> 0.129
31827,5 fw PLH.static      ADJMBEDDHLB         31.3157 -> 31.3202
31830,7 fw PLH.static      ADJMBEDDHLB         31.3202 -> 31.3302
31830,7 fw PLH.static      CFIMEAFDJFM         27.6144 -> 27.6265
31840,9 fw PLH.static      ADJMBEDDHLB         31.3302 -> 31.3334
31846,5 fw Controll.static GLGCAOADGMN               1 -> 0
31846,6 fw PLH.static      ADJMBEDDHLB         31.3334 -> 31.3436
31853,5 fw Controll.static MKFDGFOCKNO         31.2735 -> 31.3235
31853,5 fw Controll.static LEKCBKLAILO         31.3235 -> 31.3735
31853,5 fw Controll.static OFJKHAFJIMA          0.0027 -> 0.0062
31853,6 fw PLH.static      ADJMBEDDHLB         31.3436 -> 31.3493
31853,6 fw PLH.static      CFIMEAFDJFM         27.6265 -> 27.648
31858,2 fw PLH.static      ADJMBEDDHLB         31.3493 -> 31.3564
31867,3 fw Controll.static GIPNIMALPEG           0.129 -> 0.927
31867,3 fw PLH.static      ADJMBEDDHLB         31.3564 -> 31.3609
31871,5 fw PLH.static      ADJMBEDDHLB         31.3609 -> 31.3702
31871,5 fw PLH.static      CFIMEAFDJFM          27.648 -> 27.6684
31881,2 fw PLH.static      ADJMBEDDHLB         31.3702 -> 31.3742
31881,2 fw PLH.static      CFIMEAFDJFM         27.6684 -> 27.6729
31884,4 fw PLH.static      ADJMBEDDHLB         31.3742 -> 31.384
31895,6 fw Controll.static MKFDGFOCKNO         31.3235 -> 31.3735
31895,6 fw Controll.static LEKCBKLAILO         31.3735 -> 31.4235
31895,6 fw Controll.static OFJKHAFJIMA          0.0062 -> 0.0003
31895,7 fw PLH.static      ADJMBEDDHLB          31.384 -> 31.3872
31898,9 fw PLH.static      ADJMBEDDHLB         31.3872 -> 31.3984
31908,6 fw Controll.static GIPNIMALPEG           0.927 -> 0.7541
31908,7 fw PLH.static      ADJMBEDDHLB         31.3984 -> 31.4017
31908,7 fw PLH.static      CFIMEAFDJFM         27.6729 -> 27.7001
31914,2 fw PLH.static      ADJMBEDDHLB         31.4017 -> 31.4114
31922,4 fw PLH.static      ADJMBEDDHLB         31.4114 -> 31.4171
31922,4 fw PLH.static      CFIMEAFDJFM         27.7001 -> 27.7159
31926,2 fw PLH.static      ADJMBEDDHLB         31.4171 -> 31.4251
31935,3 fw Controll.static MKFDGFOCKNO         31.3735 -> 31.4235
31935,3 fw Controll.static LEKCBKLAILO         31.4235 -> 31.4735
31935,3 fw Controll.static OFJKHAFJIMA          0.0003 -> 0.0012
31935,3 fw PLH.static      ADJMBEDDHLB         31.4251 -> 31.4289
31940,0 fw PLH.static      ADJMBEDDHLB         31.4289 -> 31.4381
31948,6 fw PLH.static      ADJMBEDDHLB         31.4381 -> 31.4427
31948,6 fw PLH.static      CFIMEAFDJFM         27.7159 -> 27.7411
31952,9 fw Controll.static GIPNIMALPEG          0.7541 -> 0.64
31953,0 fw PLH.static      ADJMBEDDHLB         31.4427 -> 31.4514
31953,0 fw PLH.static      CFIMEAFDJFM         27.7411 -> 27.7503
31962,8 fw PLH.static      ADJMBEDDHLB         31.4514 -> 31.4557
31962,8 fw PLH.static      CFIMEAFDJFM         27.7503 -> 27.7546
31965,7 fw PLH.static      ADJMBEDDHLB         31.4557 -> 31.4656
31965,7 fw PLH.static      CFIMEAFDJFM         27.7546 -> 27.7637
31976,0 fw Controll.static MKFDGFOCKNO         31.4235 -> 31.4735
31976,0 fw Controll.static LEKCBKLAILO         31.4735 -> 31.5235
31976,0 fw PLH.static      ADJMBEDDHLB         31.4656 -> 31.4684
31981,7 fw player          LNIDBHIAJJI              18 -> 17
31981,7 fw Controll.static OFJKHAFJIMA          0.0012 -> 0.0048
31981,8 fw PLH.static      ADJMBEDDHLB         31.4684 -> 31.4787
31981,8 fw PLH.static      CFIMEAFDJFM         27.7637 -> 27.7774
31989,1 fw PLH.static      ADJMBEDDHLB         31.4787 -> 31.4845
31995,7 fw Controll.static GIPNIMALPEG            0.64 -> 0.4946
31995,7 fw PLH.static      ADJMBEDDHLB         31.4845 -> 31.4918
31995,7 fw PLH.static      CFIMEAFDJFM         27.7774 -> 27.7905
32002,0 fw Controll.static NAKNALFCOIF         26.1003 -> 26.2503
32002,0 fw Controll.static IGLCENGMMMJ           26.25 -> 26.1
32002,0 fw PLH.static      ADJMBEDDHLB         31.4918 -> 31.4985
32009,8 fw PLH.static      ADJMBEDDHLB         31.4985 -> 31.5081
32009,8 fw PLH.static      CFIMEAFDJFM         27.7905 -> 27.8031
32020,7 fw player          LNIDBHIAJJI              17 -> 18
32020,8 fw PLH.static      ADJMBEDDHLB         31.5081 -> 31.5126
32020,8 fw PLH.static      CFIMEAFDJFM         27.8031 -> 27.8114
32024,6 fw Controll.static MKFDGFOCKNO         31.4735 -> 31.5235
32024,6 fw Controll.static LEKCBKLAILO         31.5235 -> 31.5735
32024,6 fw Controll.static OFJKHAFJIMA          0.0048 -> 0.0033
32024,6 fw PLH.static      ADJMBEDDHLB         31.5126 -> 31.5235
32024,6 fw PLH.static      CFIMEAFDJFM         27.8114 -> 27.8218
32033,5 fw PLH.static      ADJMBEDDHLB         31.5235 -> 31.5274
32037,9 fw Controll.static GIPNIMALPEG          0.4946 -> 0.3388
32037,9 fw PLH.static      ADJMBEDDHLB         31.5274 -> 31.5363
32046,9 fw PLH.static      ADJMBEDDHLB         31.5363 -> 31.5407
32050,4 fw PLH.static      ADJMBEDDHLB         31.5407 -> 31.5497
32050,4 fw PLH.static      CFIMEAFDJFM         27.8218 -> 27.8481
32062,8 fw PLH.static      ADJMBEDDHLB         31.5497 -> 31.5531
32065,7 fw PLH.static      ADJMBEDDHLB         31.5531 -> 31.5655
32078,3 fw PLH.static      ADJMBEDDHLB         31.5655 -> 31.5684
32081,8 fw Controll.static MNHBPCOOMLE         3028299 -> 3028667
32081,8 fw Controll.static GIPNIMALPEG          0.3388 -> 0.2166
32081,8 fw PLH.static      ADJMBEDDHLB         31.5684 -> 31.5811
32081,8 fw PLH.static      CFIMEAFDJFM         27.8481 -> 27.8774
32090,6 fw Controll        MJPKOOHJOPA           27.81 -> 28.1774
32090,7 fw PLH.static      ADJMBEDDHLB         31.5811 -> 31.5846
32096,3 fw PLH.static      ADJMBEDDHLB         31.5846 -> 31.5934
32104,1 fw Controll.static GLGCAOADGMN               0 -> 1
32104,2 fw PLH.static      ADJMBEDDHLB         31.5934 -> 31.5991
32104,2 fw PLH.static      CFIMEAFDJFM         27.8774 -> 27.898
32108,1 fw Controll.static MKFDGFOCKNO         31.5235 -> 31.5735
32108,1 fw Controll.static LEKCBKLAILO         31.5735 -> 31.6235
32108,1 fw Controll.static OFJKHAFJIMA          0.0033 -> 0.0072
32108,1 fw PLH.static      ADJMBEDDHLB         31.5991 -> 31.6069
32108,1 fw PLH.static      CFIMEAFDJFM          27.898 -> 27.9052
32117,1 fw PLH.static      ADJMBEDDHLB         31.6069 -> 31.6109
32121,9 fw Controll.static GIPNIMALPEG          0.2166 -> 0.0195
32122,0 fw PLH.static      ADJMBEDDHLB         31.6109 -> 31.6198
32122,0 fw PLH.static      CFIMEAFDJFM         27.9052 -> 27.9188
32130,0 fw PLH.static      ADJMBEDDHLB         31.6198 -> 31.6247
32134,3 fw Controll.static DGNDKAKOEPD         3027509 -> 3028507
32134,3 fw Controll.static BEJBLGGGOCC       340608692 -> 340609692
32134,3 fw Controll.static JELGPAKAJPE              98 -> 93
32134,3 fw Controll.static EENJPDHGGGC         30.6222 -> 31.6198
32134,3 fw PLH.static      ADJMBEDDHLB         31.6247 -> 31.6328
32145,6 fw PLH.static      ADJMBEDDHLB         31.6328 -> 31.6371
32145,6 fw PLH.static      CFIMEAFDJFM         27.9188 -> 27.9359
32148,4 fw Controll.static MKFDGFOCKNO         31.5735 -> 31.6235
32148,4 fw Controll.static LEKCBKLAILO         31.6235 -> 31.6735
32148,4 fw Controll.static OFJKHAFJIMA          0.0072 -> 0.0007
32148,4 fw PLH.static      ADJMBEDDHLB         31.6371 -> 31.6484
32157,9 fw PLH.static      ADJMBEDDHLB         31.6484 -> 31.6512
32164,0 fw Controll.static GIPNIMALPEG          0.0195 -> 0.8607
32164,0 fw PLH.static      ADJMBEDDHLB         31.6512 -> 31.6607
32164,0 fw PLH.static      CFIMEAFDJFM         27.9359 -> 27.9596
32170,2 fw PLH.static      ADJMBEDDHLB         31.6607 -> 31.6669
32178,6 fw PLH.static      ADJMBEDDHLB         31.6669 -> 31.6729
32178,6 fw PLH.static      CFIMEAFDJFM         27.9596 -> 27.9718
32182,2 fw PLH.static      ADJMBEDDHLB         31.6729 -> 31.6813
32193,0 fw Controll.static MKFDGFOCKNO         31.6235 -> 31.6735
32193,0 fw Controll.static LEKCBKLAILO         31.6735 -> 31.7235
32193,0 fw Controll.static OFJKHAFJIMA          0.0007 -> 0.0073
32193,0 fw PLH.static      ADJMBEDDHLB         31.6813 -> 31.6849
32197,0 fw PLH.static      ADJMBEDDHLB         31.6849 -> 31.6959
32197,0 fw PLH.static      CFIMEAFDJFM         27.9718 -> 27.9931
32206,4 fw PLH.static      ADJMBEDDHLB         31.6959 -> 31.6997
32212,4 fw Controll.static GIPNIMALPEG          0.8607 -> 0.83
32212,5 fw PLH.static      ADJMBEDDHLB         31.6997 -> 31.7091
32219,3 fw PLH.static      ADJMBEDDHLB         31.7091 -> 31.7152
32219,3 fw PLH.static      CFIMEAFDJFM         27.9931 -> 28.014
32224,0 fw PLH.static      ADJMBEDDHLB         31.7152 -> 31.7221
32224,0 fw PLH.static      CFIMEAFDJFM          28.014 -> 28.0203
32231,4 fw Controll.static GLGCAOADGMN               1 -> 0
32231,4 fw Controll.static MKFDGFOCKNO         31.6735 -> 31.7235
32231,4 fw Controll.static LEKCBKLAILO         31.7235 -> 31.7735
32231,5 fw PLH.static      ADJMBEDDHLB         31.7221 -> 31.7267
32236,2 fw Controll.static OFJKHAFJIMA          0.0073 -> 0.0027
32236,3 fw PLH.static      ADJMBEDDHLB         31.7267 -> 31.7342
32245,7 fw PLH.static      ADJMBEDDHLB         31.7342 -> 31.739
32249,5 fw Controll.static GIPNIMALPEG            0.83 -> 0.5705
32249,5 fw PLH.static      ADJMBEDDHLB          31.739 -> 31.7484
32249,5 fw PLH.static      CFIMEAFDJFM         28.0203 -> 28.0467
32262,1 fw PLH.static      ADJMBEDDHLB         31.7484 -> 31.7522
32264,8 fw PLH.static      ADJMBEDDHLB         31.7522 -> 31.765
32264,8 fw PLH.static      CFIMEAFDJFM         28.0467 -> 28.063
32274,8 fw PLH.static      ADJMBEDDHLB          31.765 -> 31.7675
32280,6 fw Controll.static MKFDGFOCKNO         31.7235 -> 31.7735
32280,6 fw Controll.static LEKCBKLAILO         31.7735 -> 31.8235
32280,6 fw Controll.static OFJKHAFJIMA          0.0027 -> 0.0035
32280,6 fw PLH.static      ADJMBEDDHLB         31.7675 -> 31.7776
32280,6 fw PLH.static      CFIMEAFDJFM          28.063 -> 28.0762
32287,5 fw PLH.static      ADJMBEDDHLB         31.7776 -> 31.7834
32294,4 fw Controll.static GIPNIMALPEG          0.5705 -> 0.4696
32294,5 fw PLH.static      ADJMBEDDHLB         31.7834 -> 31.7903
32294,5 fw PLH.static      CFIMEAFDJFM         28.0762 -> 28.0892
32299,7 fw PLH.static      ADJMBEDDHLB         31.7903 -> 31.7972
32299,7 fw PLH.static      CFIMEAFDJFM         28.0892 -> 28.0962
32306,7 fw player          LNIDBHIAJJI              18 -> 17
32306,8 fw PLH.static      ADJMBEDDHLB         31.7972 -> 31.8025
32306,8 fw PLH.static      CFIMEAFDJFM         28.0962 -> 28.1008
32316,2 fw PLH.static      ADJMBEDDHLB         31.8025 -> 31.8095
32319,9 fw PLH.static      ADJMBEDDHLB         31.8095 -> 31.819
32330,2 fw PLH.static      ADJMBEDDHLB          31.819 -> 31.8226
32330,2 fw PLH.static      CFIMEAFDJFM         28.1008 -> 28.121
32333,8 fw Controll.static GIPNIMALPEG          0.4696 -> 0.2561
32333,8 fw PLH.static      ADJMBEDDHLB         31.8226 -> 31.8329
32333,8 fw PLH.static      CFIMEAFDJFM          28.121 -> 28.1316
32345,1 fw PLH.static      ADJMBEDDHLB         31.8329 -> 31.8365
32348,0 fw PLH.static      ADJMBEDDHLB         31.8365 -> 31.8479
32348,0 fw PLH.static      CFIMEAFDJFM         28.1316 -> 28.146
32357,6 fw PLH.static      ADJMBEDDHLB         31.8479 -> 31.8507
32363,8 fw Controll.static MKFDGFOCKNO         31.7735 -> 31.8235
32363,8 fw Controll.static LEKCBKLAILO         31.8235 -> 31.8735
32363,8 fw Controll.static OFJKHAFJIMA          0.0035 -> 0.0089
32363,8 fw PLH.static      ADJMBEDDHLB         31.8507 -> 31.8606
32363,8 fw PLH.static      CFIMEAFDJFM          28.146 -> 28.1593
32370,3 fw PLH.static      ADJMBEDDHLB         31.8606 -> 31.8666
32370,3 fw PLH.static      CFIMEAFDJFM         28.1593 -> 28.1649
32375,2 fw Controll.static GIPNIMALPEG          0.2561 -> 0.0856
32375,3 fw PLH.static      ADJMBEDDHLB         31.8666 -> 31.873
32375,3 fw PLH.static      CFIMEAFDJFM         28.1649 -> 28.1719
32383,6 fw PLH.static      ADJMBEDDHLB          31.873 -> 31.878
32387,5 fw PLH.static      ADJMBEDDHLB          31.878 -> 31.8864
32396,9 fw PLH.static      ADJMBEDDHLB         31.8864 -> 31.8902
32396,9 fw PLH.static      CFIMEAFDJFM         28.1719 -> 28.1892
32401,7 fw Controll.static MKFDGFOCKNO         31.8235 -> 31.8735
32401,7 fw Controll.static LEKCBKLAILO         31.8735 -> 31.9235
32401,7 fw Controll.static OFJKHAFJIMA          0.0089 -> 0.0041
32401,8 fw PLH.static      ADJMBEDDHLB         31.8902 -> 31.8997
32401,8 fw PLH.static      CFIMEAFDJFM         28.1892 -> 28.1986
32411,6 fw PLH.static      ADJMBEDDHLB         31.8997 -> 31.9045
32411,6 fw PLH.static      CFIMEAFDJFM         28.1986 -> 28.2029
32414,3 fw Controll.static GIPNIMALPEG          0.0856 -> 0.8672
32414,4 fw PLH.static      ADJMBEDDHLB         31.9045 -> 31.9144
32425,2 fw player          LNIDBHIAJJI              17 -> 18
32425,3 fw PLH.static      ADJMBEDDHLB         31.9144 -> 31.9171
32429,6 fw PLH.static      ADJMBEDDHLB         31.9171 -> 31.9282
32429,6 fw PLH.static      CFIMEAFDJFM         28.2029 -> 28.2258
32444,9 fw PLH.static      ADJMBEDDHLB         31.9282 -> 31.9324
32449,0 fw Controll.static MKFDGFOCKNO         31.8735 -> 31.9235
32449,0 fw Controll.static LEKCBKLAILO         31.9235 -> 31.9735
32449,0 fw Controll.static OFJKHAFJIMA          0.0041 -> 0.0039
32449,1 fw PLH.static      ADJMBEDDHLB         31.9324 -> 31.9477
32449,1 fw PLH.static      CFIMEAFDJFM         28.2258 -> 28.2401
32462,4 fw PLH.static      ADJMBEDDHLB         31.9477 -> 31.9519
32462,4 fw PLH.static      CFIMEAFDJFM         28.2401 -> 28.2492
32468,4 fw PLH.static      ADJMBEDDHLB         31.9519 -> 31.9657
32479,9 fw Controll.static GIPNIMALPEG          0.8672 -> 0.178
32480,0 fw PLH.static      ADJMBEDDHLB         31.9657 -> 31.9711
32483,5 fw PLH.static      ADJMBEDDHLB         31.9711 -> 31.9828
32495,7 fw PLH.static      ADJMBEDDHLB         31.9828 -> 31.9862
32499,0 fw Controll.static MKFDGFOCKNO         31.9235 -> 31.9735
32499,0 fw Controll.static LEKCBKLAILO         31.9735 -> 32.0235
32499,1 fw PLH.static      ADJMBEDDHLB         31.9862 -> 31.9984
32499,1 fw PLH.static      CFIMEAFDJFM         28.2492 -> 28.2969
32513,0 fw Controll.static OFJKHAFJIMA          0.0039 -> 0.0084
32513,1 fw PLH.static      ADJMBEDDHLB         31.9984 -> 32.0018
32513,1 fw PLH.static      CFIMEAFDJFM         28.2969 -> 28.3004
32517,4 fw PLH.static      ADJMBEDDHLB         32.0018 -> 32.0165
32517,4 fw PLH.static      CFIMEAFDJFM         28.3004 -> 28.3148
32529,3 fw Controll.static GIPNIMALPEG           0.178 -> 0.1663
32529,4 fw PLH.static      ADJMBEDDHLB         32.0165 -> 32.0203
32532,6 fw PLH.static      ADJMBEDDHLB         32.0203 -> 32.0323
32532,6 fw PLH.static      CFIMEAFDJFM         28.3148 -> 28.3302
32550,3 fw PLH.static      ADJMBEDDHLB         32.0323 -> 32.0354
32553,2 fw PLH.static      ADJMBEDDHLB         32.0354 -> 32.053
32553,2 fw PLH.static      CFIMEAFDJFM         28.3302 -> 28.3514
32564,3 fw Controll.static MKFDGFOCKNO         31.9735 -> 32.0235
32564,3 fw Controll.static LEKCBKLAILO         32.0235 -> 32.0735
32564,3 fw Controll.static OFJKHAFJIMA          0.0084 -> 0.0081
32564,4 fw PLH.static      ADJMBEDDHLB          32.053 -> 32.0559
32564,4 fw PLH.static      CFIMEAFDJFM         28.3514 -> 28.3549
32567,9 fw PLH.static      ADJMBEDDHLB         32.0559 -> 32.0671
32580,6 fw Controll.static GIPNIMALPEG          0.1663 -> 0.1864
32580,8 fw PLH.static      ADJMBEDDHLB         32.0671 -> 32.0707
32584,3 fw PLH.static      ADJMBEDDHLB         32.0707 -> 32.0837
32584,3 fw PLH.static      CFIMEAFDJFM         28.3549 -> 28.3807
32594,2 fw PLH.static      ADJMBEDDHLB         32.0837 -> 32.087
32622,7 fw PLH.static      ADJMBEDDHLB          32.087 -> 32.0971
32622,7 fw PLH.static      CFIMEAFDJFM         28.3807 -> 28.3957
32627,5 fw Controll.static MKFDGFOCKNO         32.0235 -> 32.1236
32627,5 fw Controll.static LEKCBKLAILO         32.0735 -> 32.1735
32627,7 fw Controll.static OFJKHAFJIMA          0.0081 -> 0.0014
32627,8 fw PLH.static      ADJMBEDDHLB         32.0971 -> 32.1255
32627,8 fw PLH.static      CFIMEAFDJFM         28.3957 -> 28.4206
32638,6 fw PLH.static      ADJMBEDDHLB         32.1255 -> 32.1307
32647,6 fw Controll.static GIPNIMALPEG          0.1864 -> 0.5214
32647,8 fw PLH.static      ADJMBEDDHLB         32.1307 -> 32.1413
32647,8 fw PLH.static      CFIMEAFDJFM         28.4206 -> 28.4395
32656,8 fw PLH.static      ADJMBEDDHLB         32.1413 -> 32.1507
32656,8 fw PLH.static      CFIMEAFDJFM         28.4395 -> 28.4473
32666,9 fw PLH.static      ADJMBEDDHLB         32.1507 -> 32.1598
32675,2 fw PLH.static      ADJMBEDDHLB         32.1598 -> 32.1696
32675,2 fw PLH.static      CFIMEAFDJFM         28.4473 -> 28.4677
32681,2 fw Controll.static MKFDGFOCKNO         32.1236 -> 32.1736
32681,2 fw Controll.static LEKCBKLAILO         32.1735 -> 32.2236
32681,2 fw Controll.static OFJKHAFJIMA          0.0014 -> 0.0039
32681,3 fw PLH.static      ADJMBEDDHLB         32.1696 -> 32.178
32681,3 fw PLH.static      CFIMEAFDJFM         28.4677 -> 28.4762
32689,7 fw PLH.static      ADJMBEDDHLB          32.178 -> 32.1864
32689,7 fw PLH.static      CFIMEAFDJFM         28.4762 -> 28.4819
32696,7 fw Controll.static GIPNIMALPEG          0.5214 -> 0.5129
32696,8 fw PLH.static      ADJMBEDDHLB         32.1864 -> 32.1928
32705,4 fw PLH.static      ADJMBEDDHLB         32.1928 -> 32.1998
32705,4 fw PLH.static      CFIMEAFDJFM         28.4819 -> 28.4983
32709,9 fw PLH.static      ADJMBEDDHLB         32.1998 -> 32.2081
32709,9 fw PLH.static      CFIMEAFDJFM         28.4983 -> 28.5065
32720,8 fw PLH.static      ADJMBEDDHLB         32.2081 -> 32.2126
32725,3 fw Controll.static MKFDGFOCKNO         32.1736 -> 32.2236
32725,3 fw Controll.static LEKCBKLAILO         32.2236 -> 32.2736
32725,3 fw PLH.static      ADJMBEDDHLB         32.2126 -> 32.2236
32725,3 fw PLH.static      CFIMEAFDJFM         28.5065 -> 28.5216
32735,2 fw PLH.static      ADJMBEDDHLB         32.2236 -> 32.2281
32742,3 fw Controll.static GIPNIMALPEG          0.5129 -> 0.4263
32742,4 fw PLH.static      ADJMBEDDHLB         32.2281 -> 32.238
32755,4 fw PLH.static      ADJMBEDDHLB          32.238 -> 32.2451
32768,2 fw PLH.static      ADJMBEDDHLB         32.2451 -> 32.2598
32768,2 fw PLH.static      CFIMEAFDJFM         28.5216 -> 28.5561
32835,3 fw PLH.static      ADJMBEDDHLB         32.2598 -> 32.271
32842,6 fw Controll.static MKFDGFOCKNO         32.2236 -> 32.3236
32842,6 fw Controll.static LEKCBKLAILO         32.2736 -> 32.3736
32842,6 fw Controll.static OFJKHAFJIMA          0.0039 -> 0.0214
32842,7 fw PLH.static      ADJMBEDDHLB          32.271 -> 32.3383
32842,7 fw PLH.static      CFIMEAFDJFM         28.5561 -> 28.5748
32850,4 fw PLH.static      ADJMBEDDHLB         32.3383 -> 32.3454
32850,4 fw PLH.static      CFIMEAFDJFM         28.5748 -> 28.6421
32855,9 fw PLH.static      ADJMBEDDHLB         32.3454 -> 32.3531
32863,0 fw Controll.static GIPNIMALPEG          0.4263 -> 0.8392
32863,0 fw PLH.static      ADJMBEDDHLB         32.3531 -> 32.3589
32863,0 fw PLH.static      CFIMEAFDJFM         28.6421 -> 28.6567
32867,3 fw PLH.static      ADJMBEDDHLB         32.3589 -> 32.3657
32875,9 fw PLH.static      ADJMBEDDHLB         32.3657 -> 32.37
32880,5 fw Controll.static MKFDGFOCKNO         32.3236 -> 32.3736
32880,5 fw Controll.static LEKCBKLAILO         32.3736 -> 32.4236
32880,5 fw PLH.static      ADJMBEDDHLB           32.37 -> 32.3786
32880,5 fw PLH.static      CFIMEAFDJFM         28.6567 -> 28.6773
32887,7 fw Controll.static OFJKHAFJIMA          0.0214 -> 0.0045
32887,8 fw PLH.static      ADJMBEDDHLB         32.3786 -> 32.3833
32892,4 fw PLH.static      ADJMBEDDHLB         32.3833 -> 32.3905
32892,4 fw PLH.static      CFIMEAFDJFM         28.6773 -> 28.6895
32899,8 fw Controll.static GIPNIMALPEG          0.8392 -> 0.5753
32899,8 fw PLH.static      ADJMBEDDHLB         32.3905 -> 32.3951
32899,8 fw PLH.static      CFIMEAFDJFM         28.6895 -> 28.6941
32904,8 fw PLH.static      ADJMBEDDHLB         32.3951 -> 32.4026
32904,9 fw PLH.static      CFIMEAFDJFM         28.6941 -> 28.7009
32911,6 fw PLH.static      ADJMBEDDHLB         32.4026 -> 32.4076
32917,1 fw PLH.static      ADJMBEDDHLB         32.4076 -> 32.4143
32924,6 fw Controll.static MKFDGFOCKNO         32.3736 -> 32.4236
32924,6 fw Controll.static LEKCBKLAILO         32.4236 -> 32.4736
32924,6 fw Controll.static OFJKHAFJIMA          0.0045 -> 0.0033
32924,6 fw PLH.static      ADJMBEDDHLB         32.4143 -> 32.4199
32928,5 fw PLH.static      ADJMBEDDHLB         32.4199 -> 32.4274
32928,5 fw PLH.static      CFIMEAFDJFM         28.7009 -> 28.7255
32936,8 fw Controll.static GIPNIMALPEG          0.5753 -> 0.3158
32936,9 fw PLH.static      ADJMBEDDHLB         32.4274 -> 32.4312
32941,8 fw PLH.static      ADJMBEDDHLB         32.4312 -> 32.4398
32941,8 fw PLH.static      CFIMEAFDJFM         28.7255 -> 28.7385
32949,6 fw PLH.static      ADJMBEDDHLB         32.4398 -> 32.4446
32949,6 fw PLH.static      CFIMEAFDJFM         28.7385 -> 28.743
32954,4 fw PLH.static      ADJMBEDDHLB         32.4446 -> 32.4524
32954,4 fw PLH.static      CFIMEAFDJFM          28.743 -> 28.7513
32962,9 fw PLH.static      ADJMBEDDHLB         32.4524 -> 32.4571
32967,3 fw PLH.static      ADJMBEDDHLB         32.4571 -> 32.4656
32967,3 fw PLH.static      CFIMEAFDJFM         28.7513 -> 28.7639
32974,9 fw Controll.static GIPNIMALPEG          0.3158 -> 0.0765
32974,9 fw PLH.static      ADJMBEDDHLB         32.4656 -> 32.47
32980,4 fw PLH.static      ADJMBEDDHLB           32.47 -> 32.4777
32980,4 fw PLH.static      CFIMEAFDJFM         28.7639 -> 28.7764
32987,6 fw PLH.static      ADJMBEDDHLB         32.4777 -> 32.4831
32992,2 fw PLH.static      ADJMBEDDHLB         32.4831 -> 32.4904
32992,2 fw PLH.static      CFIMEAFDJFM         28.7764 -> 28.7893
33001,5 fw Controll.static MKFDGFOCKNO         32.4236 -> 32.4736
33001,5 fw Controll.static LEKCBKLAILO         32.4736 -> 32.5236
33001,5 fw Controll.static OFJKHAFJIMA          0.0033 -> 0.0036
33001,6 fw PLH.static      ADJMBEDDHLB         32.4904 -> 32.4949
33005,6 fw PLH.static      ADJMBEDDHLB         32.4949 -> 32.5043
33005,6 fw PLH.static      CFIMEAFDJFM         28.7893 -> 28.8027
33014,1 fw Controll.static GIPNIMALPEG          0.0765 -> 0.8617
33014,2 fw PLH.static      ADJMBEDDHLB         32.5043 -> 32.5084
33019,4 fw PLH.static      ADJMBEDDHLB         32.5084 -> 32.517
33019,4 fw PLH.static      CFIMEAFDJFM         28.8027 -> 28.8158
33026,9 fw PLH.static      ADJMBEDDHLB          32.517 -> 32.5222
33026,9 fw PLH.static      CFIMEAFDJFM         28.8158 -> 28.8205
33031,4 fw PLH.static      ADJMBEDDHLB         32.5222 -> 32.5296
33040,0 fw Controll.static MKFDGFOCKNO         32.4736 -> 32.5236
33040,0 fw Controll.static LEKCBKLAILO         32.5236 -> 32.5736
33040,0 fw Controll.static OFJKHAFJIMA          0.0036 -> 0.0056
33040,0 fw PLH.static      ADJMBEDDHLB         32.5296 -> 32.5342
33040,0 fw PLH.static      CFIMEAFDJFM         28.8205 -> 28.8332
33043,8 fw PLH.static      ADJMBEDDHLB         32.5342 -> 32.5428
33043,8 fw PLH.static      CFIMEAFDJFM         28.8332 -> 28.8411
33060,1 fw Controll.static GIPNIMALPEG          0.8617 -> 0.7816
33060,2 fw PLH.static      ADJMBEDDHLB         32.5428 -> 32.5465
33093,7 fw PLH.static      ADJMBEDDHLB         32.5465 -> 32.5629
33093,7 fw PLH.static      CFIMEAFDJFM         28.8411 -> 28.8551
33117,6 fw PLH.static      ADJMBEDDHLB         32.5629 -> 32.5965
33117,6 fw PLH.static      CFIMEAFDJFM         28.8551 -> 28.8641
33181,7 fw PLH.static      ADJMBEDDHLB         32.5965 -> 32.6205
33181,7 fw PLH.static      CFIMEAFDJFM         28.8641 -> 28.9184
33184,0 fw Controll.static MKFDGFOCKNO         32.5236 -> 32.684
33184,0 fw Controll.static LEKCBKLAILO         32.5736 -> 32.734
33184,0 fw Controll.static OFJKHAFJIMA          0.0056 -> 0
33184,1 fw PLH.static      ADJMBEDDHLB         32.6205 -> 32.6845
33184,1 fw PLH.static      CFIMEAFDJFM         28.9184 -> 28.9809
33194,8 fw PLH.static      ADJMBEDDHLB         32.6845 -> 32.6868
33201,6 fw PLH.static      ADJMBEDDHLB         32.6868 -> 32.6976
33201,6 fw PLH.static      CFIMEAFDJFM         28.9809 -> 28.9965
33209,8 fw Controll.static GIPNIMALPEG          0.7816 -> 0.568
33209,9 fw PLH.static      ADJMBEDDHLB         32.6976 -> 32.7043
33236,0 fw Controll.static DGNDKAKOEPD         3028507 -> 3029572
33236,0 fw Controll.static BEJBLGGGOCC       340609692 -> 340610722
33236,0 fw Controll.static JELGPAKAJPE              93 -> 155
33236,0 fw Controll.static EENJPDHGGGC         31.6198 -> 32.6844
33236,1 fw PLH.static      ADJMBEDDHLB         32.7043 -> 32.7127
33236,1 fw PLH.static      CFIMEAFDJFM         28.9965 -> 29.0116
33239,3 fw PLH.static      ADJMBEDDHLB         32.7127 -> 32.7388
33239,3 fw PLH.static      CFIMEAFDJFM         29.0116 -> 29.0371
33248,5 fw Controll.static MKFDGFOCKNO          32.684 -> 32.734
33248,5 fw Controll.static LEKCBKLAILO          32.734 -> 32.784
33248,5 fw PLH.static      ADJMBEDDHLB         32.7388 -> 32.742
33252,9 fw Controll.static OFJKHAFJIMA               0 -> 0.0044
33253,0 fw PLH.static      ADJMBEDDHLB          32.742 -> 32.7512
33260,8 fw PLH.static      ADJMBEDDHLB         32.7512 -> 32.7557
33260,8 fw PLH.static      CFIMEAFDJFM         29.0371 -> 29.0547
33264,8 fw Controll.static GIPNIMALPEG           0.568 -> 0.6667
33264,8 fw PLH.static      ADJMBEDDHLB         32.7557 -> 32.7635
33272,8 fw PLH.static      ADJMBEDDHLB         32.7635 -> 32.7676
33279,4 fw PLH.static      ADJMBEDDHLB         32.7676 -> 32.7756
33279,4 fw PLH.static      CFIMEAFDJFM         29.0547 -> 29.0745
33284,2 fw PLH.static      ADJMBEDDHLB         32.7756 -> 32.7824
33291,4 fw Controll.static MKFDGFOCKNO          32.734 -> 32.784
33291,4 fw Controll.static LEKCBKLAILO          32.784 -> 32.834
33291,4 fw Controll.static OFJKHAFJIMA          0.0044 -> 0.0026
33291,5 fw PLH.static      ADJMBEDDHLB         32.7824 -> 32.7869
33291,5 fw PLH.static      CFIMEAFDJFM         29.0745 -> 29.0858
33296,0 fw PLH.static      ADJMBEDDHLB         32.7869 -> 32.7942
33304,1 fw Controll.static GIPNIMALPEG          0.6667 -> 0.4534
33304,2 fw PLH.static      ADJMBEDDHLB         32.7942 -> 32.7987
33304,2 fw PLH.static      CFIMEAFDJFM         29.0858 -> 29.0978
33308,1 fw PLH.static      ADJMBEDDHLB         32.7987 -> 32.8069
33308,1 fw PLH.static      CFIMEAFDJFM         29.0978 -> 29.1051
33316,6 fw PLH.static      ADJMBEDDHLB         32.8069 -> 32.8109
33316,6 fw PLH.static      CFIMEAFDJFM         29.1051 -> 29.1099
33322,1 fw PLH.static      ADJMBEDDHLB         32.8109 -> 32.8193
33328,4 fw PLH.static      ADJMBEDDHLB         32.8193 -> 32.8249
33328,4 fw PLH.static      CFIMEAFDJFM         29.1099 -> 29.1233
33334,9 fw PLH.static      ADJMBEDDHLB         32.8249 -> 32.8311
33343,1 fw Controll.static GIPNIMALPEG          0.4534 -> 0.2336
33343,2 fw PLH.static      ADJMBEDDHLB         32.8311 -> 32.8377
33346,9 fw PLH.static      ADJMBEDDHLB         32.8377 -> 32.8459
33346,9 fw PLH.static      CFIMEAFDJFM         29.1233 -> 29.1442
33355,5 fw PLH.static      ADJMBEDDHLB         32.8459 -> 32.8497
33355,6 fw PLH.static      CFIMEAFDJFM         29.1442 -> 29.1487
33360,8 fw PLH.static      ADJMBEDDHLB         32.8497 -> 32.8583
33366,7 fw Controll.static MKFDGFOCKNO          32.784 -> 32.834
33366,7 fw Controll.static LEKCBKLAILO          32.834 -> 32.884
33366,7 fw Controll.static OFJKHAFJIMA          0.0026 -> 0.0032
33366,7 fw PLH.static      ADJMBEDDHLB         32.8583 -> 32.8636
33366,7 fw PLH.static      CFIMEAFDJFM         29.1487 -> 29.1619
33374,0 fw PLH.static      ADJMBEDDHLB         32.8636 -> 32.8695
33379,8 fw Controll.static GIPNIMALPEG          0.2336 -> 0.9668
33379,8 fw PLH.static      ADJMBEDDHLB         32.8695 -> 32.8768
33386,0 fw PLH.static      ADJMBEDDHLB         32.8768 -> 32.8826
33386,0 fw PLH.static      CFIMEAFDJFM         29.1619 -> 29.181
33391,3 fw PLH.static      ADJMBEDDHLB         32.8826 -> 32.8888
33397,7 fw PLH.static      ADJMBEDDHLB         32.8888 -> 32.894
33403,4 fw Controll.static MKFDGFOCKNO          32.834 -> 32.884
33403,4 fw Controll.static LEKCBKLAILO          32.884 -> 32.934
33403,4 fw Controll.static OFJKHAFJIMA          0.0032 -> 0.0041
33403,4 fw PLH.static      ADJMBEDDHLB          32.894 -> 32.9005
33403,4 fw PLH.static      CFIMEAFDJFM          29.181 -> 29.1995
33409,9 fw PLH.static      ADJMBEDDHLB         32.9005 -> 32.9062
33409,9 fw PLH.static      CFIMEAFDJFM         29.1995 -> 29.2046
33414,9 fw Controll.static GIPNIMALPEG          0.9668 -> 0.6694
33415,0 fw PLH.static      ADJMBEDDHLB         32.9062 -> 32.9126
33422,2 fw PLH.static      ADJMBEDDHLB         32.9126 -> 32.9177
33426,3 fw PLH.static      ADJMBEDDHLB         32.9177 -> 32.9249
33426,3 fw PLH.static      CFIMEAFDJFM         29.2046 -> 29.2234
33434,6 fw PLH.static      ADJMBEDDHLB         32.9249 -> 32.929
33439,5 fw Controll.static MKFDGFOCKNO          32.884 -> 32.934
33439,5 fw Controll.static LEKCBKLAILO          32.934 -> 32.984
33439,5 fw Controll.static OFJKHAFJIMA          0.0041 -> 0.0028
33439,5 fw PLH.static      ADJMBEDDHLB          32.929 -> 32.9373
33446,5 fw PLH.static      ADJMBEDDHLB         32.9373 -> 32.9422
33446,5 fw PLH.static      CFIMEAFDJFM         29.2234 -> 29.2407
33451,1 fw PLH.static      ADJMBEDDHLB         32.9422 -> 32.9492
33451,1 fw PLH.static      CFIMEAFDJFM         29.2407 -> 29.2482
33459,0 fw Controll.static GIPNIMALPEG          0.6694 -> 0.5512
33459,1 fw PLH.static      ADJMBEDDHLB         32.9492 -> 32.9539
33463,2 fw PLH.static      ADJMBEDDHLB         32.9539 -> 32.9618
33463,2 fw PLH.static      CFIMEAFDJFM         29.2482 -> 29.2602
33471,2 fw PLH.static      ADJMBEDDHLB         32.9618 -> 32.9659
33475,5 fw PLH.static      ADJMBEDDHLB         32.9659 -> 32.9739
33475,5 fw PLH.static      CFIMEAFDJFM         29.2602 -> 29.2729
33484,0 fw Controll.static OFJKHAFJIMA          0.0028 -> 0.0023
33484,1 fw PLH.static      ADJMBEDDHLB         32.9739 -> 32.9782
33488,0 fw PLH.static      ADJMBEDDHLB         32.9782 -> 32.9868
33497,4 fw Controll.static GIPNIMALPEG          0.5512 -> 0.3182
33497,4 fw PLH.static      ADJMBEDDHLB         32.9868 -> 32.9907
33503,2 fw PLH.static      ADJMBEDDHLB         32.9907 -> 33.0002
33503,3 fw PLH.static      CFIMEAFDJFM         29.2729 -> 29.2992
33509,4 fw PLH.static      ADJMBEDDHLB         33.0002 -> 33.006
33509,4 fw PLH.static      CFIMEAFDJFM         29.2992 -> 29.3043
33514,2 fw PLH.static      ADJMBEDDHLB          33.006 -> 33.0121
33522,9 fw Controll.static MKFDGFOCKNO          32.934 -> 32.984
33522,9 fw Controll.static LEKCBKLAILO          32.984 -> 33.034
33522,9 fw PLH.static      ADJMBEDDHLB         33.0121 -> 33.0169
33527,0 fw PLH.static      ADJMBEDDHLB         33.0169 -> 33.0257
33527,1 fw PLH.static      CFIMEAFDJFM         29.3043 -> 29.3241
33536,6 fw Controll.static GIPNIMALPEG          0.3182 -> 0.1017
33536,6 fw PLH.static      ADJMBEDDHLB         33.0257 -> 33.0298
33541,4 fw PLH.static      ADJMBEDDHLB         33.0298 -> 33.0394
33541,4 fw PLH.static      CFIMEAFDJFM         29.3241 -> 29.3381
33548,6 fw PLH.static      ADJMBEDDHLB         33.0394 -> 33.0441
33552,7 fw PLH.static      ADJMBEDDHLB         33.0441 -> 33.0513
33560,7 fw Controll.static MKFDGFOCKNO          32.984 -> 33.034
33560,7 fw Controll.static LEKCBKLAILO          33.034 -> 33.084
33560,7 fw Controll.static OFJKHAFJIMA          0.0023 -> 0.0049
33560,8 fw PLH.static      ADJMBEDDHLB         33.0513 -> 33.0554
33565,1 fw PLH.static      ADJMBEDDHLB         33.0554 -> 33.0635
33565,1 fw PLH.static      CFIMEAFDJFM         29.3381 -> 29.362
33573,0 fw Controll.static GIPNIMALPEG          0.1017 -> 0.8298
33573,0 fw PLH.static      ADJMBEDDHLB         33.0635 -> 33.0678
33577,9 fw PLH.static      ADJMBEDDHLB         33.0678 -> 33.0758
33578,0 fw PLH.static      CFIMEAFDJFM          29.362 -> 29.3747
33585,4 fw PLH.static      ADJMBEDDHLB         33.0758 -> 33.0807
33590,1 fw PLH.static      ADJMBEDDHLB         33.0807 -> 33.0881
33590,1 fw PLH.static      CFIMEAFDJFM         29.3747 -> 29.3863
33600,0 fw Controll.static MKFDGFOCKNO          33.034 -> 33.084
33600,0 fw Controll.static LEKCBKLAILO          33.084 -> 33.134
33600,0 fw Controll.static OFJKHAFJIMA          0.0049 -> 0.0035
33600,0 fw PLH.static      ADJMBEDDHLB         33.0881 -> 33.0928
33600,0 fw PLH.static      CFIMEAFDJFM         29.3863 -> 29.3918
33603,6 fw PLH.static      ADJMBEDDHLB         33.0928 -> 33.1028
33603,6 fw PLH.static      CFIMEAFDJFM         29.3918 -> 29.4012
33612,1 fw Controll.static GIPNIMALPEG          0.8298 -> 0.6117
33612,1 fw PLH.static      ADJMBEDDHLB         33.1028 -> 33.1064
33616,5 fw PLH.static      ADJMBEDDHLB         33.1064 -> 33.1148
33624,4 fw PLH.static      ADJMBEDDHLB         33.1148 -> 33.1192
33628,5 fw PLH.static      ADJMBEDDHLB         33.1192 -> 33.1271
33628,5 fw PLH.static      CFIMEAFDJFM         29.4012 -> 29.4255
33636,7 fw Controll.static MKFDGFOCKNO          33.084 -> 33.1341
33636,7 fw Controll.static LEKCBKLAILO          33.134 -> 33.1841
33636,8 fw Controll.static OFJKHAFJIMA          0.0035 -> 0.0051
33636,8 fw PLH.static      ADJMBEDDHLB         33.1271 -> 33.1312
33642,0 fw PLH.static      ADJMBEDDHLB         33.1312 -> 33.1395
33642,0 fw PLH.static      CFIMEAFDJFM         29.4255 -> 29.4384
33648,7 fw Controll.static GIPNIMALPEG          0.6117 -> 0.3437
33648,7 fw PLH.static      ADJMBEDDHLB         33.1395 -> 33.1448
33648,7 fw PLH.static      CFIMEAFDJFM         29.4384 -> 29.4433
33653,4 fw PLH.static      ADJMBEDDHLB         33.1448 -> 33.1515
33661,1 fw PLH.static      ADJMBEDDHLB         33.1515 -> 33.1561
33661,1 fw PLH.static      CFIMEAFDJFM         29.4433 -> 29.4551
33665,4 fw PLH.static      ADJMBEDDHLB         33.1561 -> 33.1638
33665,4 fw PLH.static      CFIMEAFDJFM         29.4551 -> 29.4623
33672,9 fw PLH.static      ADJMBEDDHLB         33.1638 -> 33.1681
33677,5 fw PLH.static      ADJMBEDDHLB         33.1681 -> 33.1756
33677,5 fw PLH.static      CFIMEAFDJFM         29.4623 -> 29.4746
33685,7 fw PLH.static      ADJMBEDDHLB         33.1756 -> 33.1802
33689,3 fw Controll.static GIPNIMALPEG          0.3437 -> 0.1569
33689,4 fw PLH.static      ADJMBEDDHLB         33.1802 -> 33.1884
33689,4 fw PLH.static      CFIMEAFDJFM         29.4746 -> 29.4864
33697,5 fw PLH.static      ADJMBEDDHLB         33.1884 -> 33.1921
33697,5 fw PLH.static      CFIMEAFDJFM         29.4864 -> 29.4911
33703,4 fw PLH.static      ADJMBEDDHLB         33.1921 -> 33.2003
33703,4 fw PLH.static      CFIMEAFDJFM         29.4911 -> 29.4993
33709,1 fw Controll.static MKFDGFOCKNO         33.1341 -> 33.1841
33709,1 fw Controll.static LEKCBKLAILO         33.1841 -> 33.2341
33709,1 fw PLH.static      ADJMBEDDHLB         33.2003 -> 33.2061
33714,2 fw Controll.static OFJKHAFJIMA          0.0051 -> 0.0039
33714,3 fw PLH.static      ADJMBEDDHLB         33.2061 -> 33.2118
33721,5 fw PLH.static      ADJMBEDDHLB         33.2118 -> 33.2171
33721,5 fw PLH.static      CFIMEAFDJFM         29.4993 -> 29.5161
33725,6 fw Controll.static GIPNIMALPEG          0.1569 -> 0.883
33725,7 fw PLH.static      ADJMBEDDHLB         33.2171 -> 33.2242
33725,7 fw PLH.static      CFIMEAFDJFM         29.5161 -> 29.5226
33733,7 fw PLH.static      ADJMBEDDHLB         33.2242 -> 33.2284
33738,8 fw PLH.static      ADJMBEDDHLB         33.2284 -> 33.2365
33745,8 fw PLH.static      ADJMBEDDHLB         33.2365 -> 33.2416
33745,8 fw PLH.static      CFIMEAFDJFM         29.5226 -> 29.54
33750,1 fw Controll.static MKFDGFOCKNO         33.1841 -> 33.2341
33750,1 fw Controll.static LEKCBKLAILO         33.2341 -> 33.2841
33750,1 fw Controll.static OFJKHAFJIMA          0.0039 -> 0.002
33750,2 fw PLH.static      ADJMBEDDHLB         33.2416 -> 33.2485
33750,2 fw PLH.static      CFIMEAFDJFM           29.54 -> 29.5476
33757,9 fw PLH.static      ADJMBEDDHLB         33.2485 -> 33.2529
33763,2 fw Controll.static GIPNIMALPEG           0.883 -> 0.6342
33763,2 fw PLH.static      ADJMBEDDHLB         33.2529 -> 33.2607
33763,2 fw PLH.static      CFIMEAFDJFM         29.5476 -> 29.5597
33769,9 fw PLH.static      ADJMBEDDHLB         33.2607 -> 33.2659
33774,5 fw PLH.static      ADJMBEDDHLB         33.2659 -> 33.2726
33782,5 fw PLH.static      ADJMBEDDHLB         33.2726 -> 33.2772
33782,5 fw PLH.static      CFIMEAFDJFM         29.5597 -> 29.5762
33786,3 fw Controll.static MKFDGFOCKNO         33.2341 -> 33.2841
33786,3 fw Controll.static LEKCBKLAILO         33.2841 -> 33.3341
33786,3 fw Controll.static OFJKHAFJIMA           0.002 -> 0.0008
33786,3 fw PLH.static      ADJMBEDDHLB         33.2772 -> 33.2853
33795,1 fw PLH.static      ADJMBEDDHLB         33.2853 -> 33.2891
33795,1 fw PLH.static      CFIMEAFDJFM         29.5762 -> 29.5881
33799,7 fw Controll.static GIPNIMALPEG          0.6342 -> 0.3631
33799,7 fw PLH.static      ADJMBEDDHLB         33.2891 -> 33.2979
33799,7 fw PLH.static      CFIMEAFDJFM         29.5881 -> 29.5968
33807,3 fw PLH.static      ADJMBEDDHLB         33.2979 -> 33.3024
33812,5 fw PLH.static      ADJMBEDDHLB         33.3024 -> 33.31
33819,9 fw PLH.static      ADJMBEDDHLB           33.31 -> 33.3153
33819,9 fw PLH.static      CFIMEAFDJFM         29.5968 -> 29.6143
33823,9 fw PLH.static      ADJMBEDDHLB         33.3153 -> 33.3227
33831,9 fw PLH.static      ADJMBEDDHLB         33.3227 -> 33.3266
33835,9 fw Controll.static GIPNIMALPEG          0.3631 -> 0.089
33836,0 fw PLH.static      ADJMBEDDHLB         33.3266 -> 33.3346
33836,0 fw PLH.static      CFIMEAFDJFM         29.6143 -> 29.6334
33845,3 fw PLH.static      ADJMBEDDHLB         33.3346 -> 33.3387
33848,8 fw PLH.static      ADJMBEDDHLB         33.3387 -> 33.348
33848,8 fw PLH.static      CFIMEAFDJFM         29.6334 -> 29.646
33857,2 fw PLH.static      ADJMBEDDHLB          33.348 -> 33.3515
33862,2 fw Controll.static MKFDGFOCKNO         33.2841 -> 33.3341
33862,2 fw Controll.static LEKCBKLAILO         33.3341 -> 33.3841
33862,2 fw Controll.static OFJKHAFJIMA          0.0008 -> 0.0001
33862,3 fw PLH.static      ADJMBEDDHLB         33.3515 -> 33.36
33862,3 fw PLH.static      CFIMEAFDJFM          29.646 -> 29.659
33869,0 fw PLH.static      ADJMBEDDHLB           33.36 -> 33.365
33869,0 fw PLH.static      CFIMEAFDJFM          29.659 -> 29.6635
33873,5 fw Controll.static GIPNIMALPEG           0.089 -> 0.8398
33873,5 fw PLH.static      ADJMBEDDHLB          33.365 -> 33.3717
33883,3 fw PLH.static      ADJMBEDDHLB         33.3717 -> 33.3763
33883,3 fw PLH.static      CFIMEAFDJFM         29.6635 -> 29.6753
33887,1 fw PLH.static      ADJMBEDDHLB         33.3763 -> 33.386
33895,6 fw PLH.static      ADJMBEDDHLB          33.386 -> 33.3898
33900,9 fw Controll.static MKFDGFOCKNO         33.3341 -> 33.3841
33901,2 fw Controll.static LEKCBKLAILO         33.3841 -> 33.4341
33901,2 fw Controll.static OFJKHAFJIMA          0.0001 -> 0.0015
33901,2 fw PLH.static      ADJMBEDDHLB         33.3898 -> 33.3983
33901,2 fw PLH.static      CFIMEAFDJFM         29.6753 -> 29.6973
33906,8 fw PLH.static      ADJMBEDDHLB         33.3983 -> 33.404
33913,2 fw PLH.static      ADJMBEDDHLB          33.404 -> 33.4095
33913,2 fw PLH.static      CFIMEAFDJFM         29.6973 -> 29.7085
33917,6 fw Controll.static GIPNIMALPEG          0.8398 -> 0.7216
33917,7 fw PLH.static      ADJMBEDDHLB         33.4095 -> 33.4159
33925,6 fw PLH.static      ADJMBEDDHLB         33.4159 -> 33.4204
33925,6 fw PLH.static      CFIMEAFDJFM         29.7085 -> 29.7194
33929,8 fw PLH.static      ADJMBEDDHLB         33.4204 -> 33.4283
33937,8 fw Controll.static MKFDGFOCKNO         33.3841 -> 33.4341
33937,8 fw Controll.static LEKCBKLAILO         33.4341 -> 33.4841
33937,9 fw PLH.static      ADJMBEDDHLB         33.4283 -> 33.4325
33942,6 fw Controll.static OFJKHAFJIMA          0.0015 -> 0.0061
33942,7 fw PLH.static      ADJMBEDDHLB         33.4325 -> 33.4406
33942,7 fw PLH.static      CFIMEAFDJFM         29.7194 -> 29.7394
33949,4 fw PLH.static      ADJMBEDDHLB         33.4406 -> 33.4454
33949,4 fw PLH.static      CFIMEAFDJFM         29.7394 -> 29.7438
33954,1 fw Controll.static GIPNIMALPEG          0.7216 -> 0.4514
33954,1 fw PLH.static      ADJMBEDDHLB         33.4454 -> 33.4522
33962,3 fw PLH.static      ADJMBEDDHLB         33.4522 -> 33.4568
33966,4 fw PLH.static      ADJMBEDDHLB         33.4568 -> 33.465
33974,4 fw PLH.static      ADJMBEDDHLB          33.465 -> 33.4691
33974,4 fw PLH.static      CFIMEAFDJFM         29.7438 -> 29.7682
33979,5 fw PLH.static      ADJMBEDDHLB         33.4691 -> 33.4771
33979,5 fw PLH.static      CFIMEAFDJFM         29.7682 -> 29.7761
33986,2 fw PLH.static      ADJMBEDDHLB         33.4771 -> 33.4822
33990,5 fw Controll.static GIPNIMALPEG          0.4514 -> 0.1804
33990,6 fw PLH.static      ADJMBEDDHLB         33.4822 -> 33.4889
33990,6 fw PLH.static      CFIMEAFDJFM         29.7761 -> 29.7877
33997,8 fw PLH.static      ADJMBEDDHLB         33.4889 -> 33.4933
34004,7 fw PLH.static      ADJMBEDDHLB         33.4933 -> 33.5005
34008,7 fw PLH.static      ADJMBEDDHLB         33.5005 -> 33.5074
34008,8 fw PLH.static      CFIMEAFDJFM         29.7877 -> 29.8058
34016,3 fw Controll.static MKFDGFOCKNO         33.4341 -> 33.4841
34016,3 fw Controll.static LEKCBKLAILO         33.4841 -> 33.5341
34016,3 fw Controll.static OFJKHAFJIMA          0.0061 -> 0.0044
34016,3 fw PLH.static      ADJMBEDDHLB         33.5074 -> 33.5115
34016,3 fw PLH.static      CFIMEAFDJFM         29.8058 -> 29.8105
34021,9 fw PLH.static      ADJMBEDDHLB         33.5115 -> 33.519
34029,0 fw Controll.static GIPNIMALPEG          0.1804 -> 0.9505
34029,1 fw PLH.static      ADJMBEDDHLB          33.519 -> 33.5247
34029,1 fw PLH.static      CFIMEAFDJFM         29.8105 -> 29.8229
34033,8 fw PLH.static      ADJMBEDDHLB         33.5247 -> 33.5318
34033,8 fw PLH.static      CFIMEAFDJFM         29.8229 -> 29.8308
34041,4 fw PLH.static      ADJMBEDDHLB         33.5318 -> 33.5365
34045,7 fw PLH.static      ADJMBEDDHLB         33.5365 -> 33.5442
34045,7 fw PLH.static      CFIMEAFDJFM         29.8308 -> 29.8427
34053,0 fw Controll.static MKFDGFOCKNO         33.4841 -> 33.5341
34053,0 fw Controll.static LEKCBKLAILO         33.5341 -> 33.5841
34053,0 fw Controll.static OFJKHAFJIMA          0.0044 -> 0.002
34053,1 fw PLH.static      ADJMBEDDHLB         33.5442 -> 33.5484
34053,1 fw PLH.static      CFIMEAFDJFM         29.8427 -> 29.8474
34057,7 fw PLH.static      ADJMBEDDHLB         33.5484 -> 33.5558
34057,7 fw PLH.static      CFIMEAFDJFM         29.8474 -> 29.8548
34065,7 fw Controll.static GIPNIMALPEG          0.9505 -> 0.6833
34065,7 fw PLH.static      ADJMBEDDHLB         33.5558 -> 33.5604
34069,8 fw PLH.static      ADJMBEDDHLB         33.5604 -> 33.5684
34069,8 fw PLH.static      CFIMEAFDJFM         29.8548 -> 29.8668
34078,0 fw PLH.static      ADJMBEDDHLB         33.5684 -> 33.5725
34078,0 fw PLH.static      CFIMEAFDJFM         29.8668 -> 29.8714
34083,0 fw PLH.static      ADJMBEDDHLB         33.5725 -> 33.5807
34083,0 fw PLH.static      CFIMEAFDJFM         29.8714 -> 29.8797
34089,6 fw Controll.static MKFDGFOCKNO         33.5341 -> 33.5841
34089,6 fw Controll.static LEKCBKLAILO         33.5841 -> 33.6341
34089,6 fw Controll.static OFJKHAFJIMA           0.002 -> 0.0013
34089,7 fw PLH.static      ADJMBEDDHLB         33.5807 -> 33.5858
34094,2 fw PLH.static      ADJMBEDDHLB         33.5858 -> 33.5924
34094,2 fw PLH.static      CFIMEAFDJFM         29.8797 -> 29.8914
34102,2 fw Controll.static GIPNIMALPEG          0.6833 -> 0.4138
34102,3 fw PLH.static      ADJMBEDDHLB         33.5924 -> 33.5969
34106,3 fw PLH.static      ADJMBEDDHLB         33.5969 -> 33.605
34106,3 fw PLH.static      CFIMEAFDJFM         29.8914 -> 29.9034
34114,2 fw PLH.static      ADJMBEDDHLB          33.605 -> 33.609
34120,0 fw PLH.static      ADJMBEDDHLB          33.609 -> 33.6169
34125,7 fw PLH.static      ADJMBEDDHLB         33.6169 -> 33.6228
34125,7 fw PLH.static      CFIMEAFDJFM         29.9034 -> 29.9213
34131,3 fw PLH.static      ADJMBEDDHLB         33.6228 -> 33.6284
34138,3 fw PLH.static      ADJMBEDDHLB         33.6284 -> 33.6341
34138,3 fw PLH.static      CFIMEAFDJFM         29.9213 -> 29.933
34143,6 fw Controll.static GIPNIMALPEG          0.4138 -> 0.2414
34143,6 fw PLH.static      ADJMBEDDHLB         33.6341 -> 33.6411
34143,6 fw PLH.static      CFIMEAFDJFM          29.933 -> 29.9399
34150,2 fw PLH.static      ADJMBEDDHLB         33.6411 -> 33.6464
34154,7 fw PLH.static      ADJMBEDDHLB         33.6464 -> 33.6529
34154,7 fw PLH.static      CFIMEAFDJFM         29.9399 -> 29.9519
34162,6 fw Controll.static MKFDGFOCKNO         33.5841 -> 33.6341
34162,6 fw Controll.static LEKCBKLAILO         33.6341 -> 33.6841
34162,6 fw PLH.static      ADJMBEDDHLB         33.6529 -> 33.6575
34166,5 fw Controll.static OFJKHAFJIMA          0.0013 -> 0.0066
34166,5 fw PLH.static      ADJMBEDDHLB         33.6575 -> 33.6654
34174,4 fw PLH.static      ADJMBEDDHLB         33.6654 -> 33.6693
34179,9 fw Controll.static GIPNIMALPEG          0.2414 -> 0.9673
34179,9 fw PLH.static      ADJMBEDDHLB         33.6693 -> 33.6771
34179,9 fw PLH.static      CFIMEAFDJFM         29.9519 -> 29.9761
34186,6 fw PLH.static      ADJMBEDDHLB         33.6771 -> 33.6827
34186,6 fw PLH.static      CFIMEAFDJFM         29.9761 -> 29.9811
34191,0 fw PLH.static      ADJMBEDDHLB         33.6827 -> 33.6893
34199,9 fw PLH.static      ADJMBEDDHLB         33.6893 -> 33.6937
34204,0 fw Controll.static MKFDGFOCKNO         33.6341 -> 33.6841
34204,0 fw Controll.static LEKCBKLAILO         33.6841 -> 33.7341
34204,0 fw Controll.static OFJKHAFJIMA          0.0066 -> 0.0048
34204,1 fw PLH.static      ADJMBEDDHLB         33.6937 -> 33.7027
34204,1 fw PLH.static      CFIMEAFDJFM         29.9811 -> 30.0011
34211,6 fw PLH.static      ADJMBEDDHLB         33.7027 -> 33.7068
34216,1 fw Controll.static GIPNIMALPEG          0.9673 -> 0.6917
34216,2 fw PLH.static      ADJMBEDDHLB         33.7068 -> 33.7143
34216,2 fw PLH.static      CFIMEAFDJFM         30.0011 -> 30.0133
34223,9 fw Controll.static DGNDKAKOEPD         3029572 -> 3030601
34223,9 fw Controll.static BEJBLGGGOCC       340610722 -> 340611781
34224,0 fw PLH.static      ADJMBEDDHLB         33.7143 -> 33.7189
34228,2 fw Controll.static JELGPAKAJPE             155 -> 129
34228,2 fw Controll.static EENJPDHGGGC         32.6844 -> 33.7143
34228,3 fw PLH.static      ADJMBEDDHLB         33.7189 -> 33.7267
34236,1 fw PLH.static      ADJMBEDDHLB         33.7267 -> 33.731
34240,7 fw Controll.static MKFDGFOCKNO         33.6841 -> 33.7341
34240,7 fw Controll.static LEKCBKLAILO         33.7341 -> 33.7841
34240,7 fw Controll.static OFJKHAFJIMA          0.0048 -> 0.0043
34240,8 fw PLH.static      ADJMBEDDHLB          33.731 -> 33.7389
34240,8 fw PLH.static      CFIMEAFDJFM         30.0133 -> 30.0376
34247,7 fw PLH.static      ADJMBEDDHLB         33.7389 -> 33.7435
34247,7 fw PLH.static      CFIMEAFDJFM         30.0376 -> 30.042
34252,6 fw Controll.static GIPNIMALPEG          0.6917 -> 0.4211
34252,6 fw PLH.static      ADJMBEDDHLB         33.7435 -> 33.7504
34259,8 fw PLH.static      ADJMBEDDHLB         33.7504 -> 33.7554
34264,2 fw PLH.static      ADJMBEDDHLB         33.7554 -> 33.7625
34271,6 fw PLH.static      ADJMBEDDHLB         33.7625 -> 33.767
34276,2 fw PLH.static      ADJMBEDDHLB          33.767 -> 33.7744
34276,2 fw PLH.static      CFIMEAFDJFM          30.042 -> 30.0733
34283,9 fw PLH.static      ADJMBEDDHLB         33.7744 -> 33.779
34283,9 fw PLH.static      CFIMEAFDJFM         30.0733 -> 30.078
34287,7 fw Controll.static GIPNIMALPEG          0.4211 -> 0.1235
34287,8 fw PLH.static      ADJMBEDDHLB          33.779 -> 33.7867
34296,0 fw PLH.static      ADJMBEDDHLB         33.7867 -> 33.7905
34296,0 fw PLH.static      CFIMEAFDJFM          30.078 -> 30.0895
34301,6 fw PLH.static      ADJMBEDDHLB         33.7905 -> 33.7987
34307,7 fw PLH.static      ADJMBEDDHLB         33.7987 -> 33.8045
34312,8 fw Controll.static MKFDGFOCKNO         33.7341 -> 33.7841
34312,8 fw Controll.static LEKCBKLAILO         33.7841 -> 33.8341
34312,8 fw Controll.static OFJKHAFJIMA          0.0043 -> 0.0021
34312,8 fw PLH.static      ADJMBEDDHLB         33.8045 -> 33.8104
34312,8 fw PLH.static      CFIMEAFDJFM         30.0895 -> 30.1094
34320,0 fw PLH.static      ADJMBEDDHLB         33.8104 -> 33.8155
34323,8 fw Controll.static GIPNIMALPEG          0.1235 -> 0.8453
34323,8 fw PLH.static      ADJMBEDDHLB         33.8155 -> 33.8228
34323,8 fw PLH.static      CFIMEAFDJFM         30.1094 -> 30.1212
34331,9 fw PLH.static      ADJMBEDDHLB         33.8228 -> 33.8266
34336,6 fw PLH.static      ADJMBEDDHLB         33.8266 -> 33.8346
34336,6 fw PLH.static      CFIMEAFDJFM         30.1212 -> 30.1335
34344,6 fw PLH.static      ADJMBEDDHLB         33.8346 -> 33.8394
34348,8 fw Controll.static MKFDGFOCKNO         33.7841 -> 33.8341
34348,8 fw Controll.static LEKCBKLAILO         33.8341 -> 33.8841
34348,8 fw Controll.static OFJKHAFJIMA          0.0021 -> 0.0001
34348,9 fw PLH.static      ADJMBEDDHLB         33.8394 -> 33.8473
34356,1 fw PLH.static      ADJMBEDDHLB         33.8473 -> 33.8517
34356,1 fw PLH.static      CFIMEAFDJFM         30.1335 -> 30.1506
34361,4 fw PLH.static      ADJMBEDDHLB         33.8517 -> 33.8588
34367,9 fw Controll.static GIPNIMALPEG          0.8453 -> 0.7268
34367,9 fw PLH.static      ADJMBEDDHLB         33.8588 -> 33.8642
34367,9 fw PLH.static      CFIMEAFDJFM         30.1506 -> 30.1626
34373,1 fw PLH.static      ADJMBEDDHLB         33.8642 -> 33.8707
34373,1 fw PLH.static      CFIMEAFDJFM         30.1626 -> 30.1697
34380,3 fw PLH.static      ADJMBEDDHLB         33.8707 -> 33.8759
34380,3 fw PLH.static      CFIMEAFDJFM         30.1697 -> 30.1749
34384,3 fw Controll.static MKFDGFOCKNO         33.8341 -> 33.8841
34384,3 fw Controll.static LEKCBKLAILO         33.8841 -> 33.9341
34384,3 fw PLH.static      ADJMBEDDHLB         33.8759 -> 33.883
34384,3 fw PLH.static      CFIMEAFDJFM         30.1749 -> 30.1814
34391,9 fw Controll.static OFJKHAFJIMA          0.0001 -> 0.0025
34391,9 fw PLH.static      ADJMBEDDHLB          33.883 -> 33.887
34396,7 fw PLH.static      ADJMBEDDHLB          33.887 -> 33.8946
34396,7 fw PLH.static      CFIMEAFDJFM         30.1814 -> 30.1937
34404,6 fw Controll.static GIPNIMALPEG          0.7268 -> 0.4614
34404,7 fw PLH.static      ADJMBEDDHLB         33.8946 -> 33.8994
34408,9 fw PLH.static      ADJMBEDDHLB         33.8994 -> 33.9074
34408,9 fw PLH.static      CFIMEAFDJFM         30.1937 -> 30.2058
34416,9 fw PLH.static      ADJMBEDDHLB         33.9074 -> 33.9117
34416,9 fw PLH.static      CFIMEAFDJFM         30.2058 -> 30.2107
34421,8 fw PLH.static      ADJMBEDDHLB         33.9117 -> 33.9197
34421,8 fw PLH.static      CFIMEAFDJFM         30.2107 -> 30.2186
34428,5 fw PLH.static      ADJMBEDDHLB         33.9197 -> 33.9245
34428,5 fw PLH.static      CFIMEAFDJFM         30.2186 -> 30.223
34433,5 fw PLH.static      ADJMBEDDHLB         33.9245 -> 33.9312
34441,0 fw Controll.static GIPNIMALPEG          0.4614 -> 0.1885
34441,0 fw PLH.static      ADJMBEDDHLB         33.9312 -> 33.9362
34441,0 fw PLH.static      CFIMEAFDJFM          30.223 -> 30.2349
34445,2 fw PLH.static      ADJMBEDDHLB         33.9362 -> 33.9438
34453,4 fw PLH.static      ADJMBEDDHLB         33.9438 -> 33.9479
34453,4 fw PLH.static      CFIMEAFDJFM         30.2349 -> 30.247
34458,0 fw PLH.static      ADJMBEDDHLB         33.9479 -> 33.9562
34465,4 fw Controll.static MKFDGFOCKNO         33.8841 -> 33.9341
34465,4 fw Controll.static LEKCBKLAILO         33.9341 -> 33.9841
34465,4 fw Controll.static OFJKHAFJIMA          0.0025 -> 0.0017
34465,5 fw PLH.static      ADJMBEDDHLB         33.9562 -> 33.9607
34469,8 fw PLH.static      ADJMBEDDHLB         33.9607 -> 33.9682
34469,8 fw PLH.static      CFIMEAFDJFM          30.247 -> 30.2667
34477,3 fw Controll.static GIPNIMALPEG          0.1885 -> 0.9144
34477,3 fw PLH.static      ADJMBEDDHLB         33.9682 -> 33.9726
34483,6 fw PLH.static      ADJMBEDDHLB         33.9726 -> 33.9801
34488,8 fw PLH.static      ADJMBEDDHLB         33.9801 -> 33.9863
34495,3 fw PLH.static      ADJMBEDDHLB         33.9863 -> 33.9915
34500,8 fw Controll.static MKFDGFOCKNO         33.9341 -> 33.9841
34500,8 fw Controll.static LEKCBKLAILO         33.9841 -> 34.0341
34500,8 fw PLH.static      ADJMBEDDHLB         33.9915 -> 33.998
34500,8 fw PLH.static      CFIMEAFDJFM         30.2667 -> 30.2971
34507,0 fw PLH.static      ADJMBEDDHLB          33.998 -> 34.0035
34512,2 fw Controll.static GIPNIMALPEG          0.9144 -> 0.6139
34512,3 fw PLH.static      ADJMBEDDHLB         34.0035 -> 34.0097
34519,3 fw PLH.static      ADJMBEDDHLB         34.0097 -> 34.015
34519,3 fw PLH.static      CFIMEAFDJFM         30.2971 -> 30.3141
34523,4 fw PLH.static      ADJMBEDDHLB          34.015 -> 34.0222
34523,4 fw PLH.static      CFIMEAFDJFM         30.3141 -> 30.3207
34531,3 fw PLH.static      ADJMBEDDHLB         34.0222 -> 34.0261
34536,3 fw Controll.static MKFDGFOCKNO         33.9841 -> 34.0341
34536,3 fw Controll.static LEKCBKLAILO         34.0341 -> 34.0841
34536,3 fw Controll.static OFJKHAFJIMA          0.0017 -> 0.0045
34536,3 fw PLH.static      ADJMBEDDHLB         34.0261 -> 34.0352
34536,3 fw PLH.static      CFIMEAFDJFM         30.3207 -> 30.3331
34544,9 fw PLH.static      ADJMBEDDHLB         34.0352 -> 34.039
34549,1 fw Controll.static GIPNIMALPEG          0.6139 -> 0.3505
34549,1 fw PLH.static      ADJMBEDDHLB          34.039 -> 34.0477
34549,1 fw PLH.static      CFIMEAFDJFM         30.3331 -> 30.3461
34557,1 fw PLH.static      ADJMBEDDHLB         34.0477 -> 34.0519
34557,1 fw PLH.static      CFIMEAFDJFM         30.3461 -> 30.3509
34562,0 fw PLH.static      ADJMBEDDHLB         34.0519 -> 34.0598
34569,0 fw PLH.static      ADJMBEDDHLB         34.0598 -> 34.0647
34573,0 fw PLH.static      ADJMBEDDHLB         34.0647 -> 34.0717
34573,0 fw PLH.static      CFIMEAFDJFM         30.3509 -> 30.3708
34581,3 fw PLH.static      ADJMBEDDHLB         34.0717 -> 34.0757
34586,5 fw PLH.static      ADJMBEDDHLB         34.0757 -> 34.084
34586,5 fw PLH.static      CFIMEAFDJFM         30.3708 -> 30.3825
34598,1 fw Controll.static GIPNIMALPEG          0.3505 -> 0.3269
34600,9 fw PLH.static      ADJMBEDDHLB          34.084 -> 34.0893
34611,3 fw PLH.static      ADJMBEDDHLB         34.0893 -> 34.1042
34611,3 fw PLH.static      CFIMEAFDJFM         30.3825 -> 30.3979
34625,5 fw PLH.static      ADJMBEDDHLB         34.1042 -> 34.1143
34625,5 fw PLH.static      CFIMEAFDJFM         30.3979 -> 30.4111
34628,6 fw Controll.static MKFDGFOCKNO         34.0341 -> 34.0841
34628,6 fw Controll.static LEKCBKLAILO         34.0841 -> 34.1341
34628,7 fw PLH.static      ADJMBEDDHLB         34.1143 -> 34.1283
34628,7 fw PLH.static      CFIMEAFDJFM         30.4111 -> 30.4264
34641,2 fw Controll.static OFJKHAFJIMA          0.0045 -> 0.0092
34641,4 fw PLH.static      ADJMBEDDHLB         34.1283 -> 34.1314
34641,4 fw PLH.static      CFIMEAFDJFM         30.4264 -> 30.4304
34645,9 fw PLH.static      ADJMBEDDHLB         34.1314 -> 34.1442
34645,9 fw PLH.static      CFIMEAFDJFM         30.4304 -> 30.4405
34655,1 fw Controll.static GIPNIMALPEG          0.3269 -> 0.4691
34655,1 fw PLH.static      ADJMBEDDHLB         34.1442 -> 34.1487
34660,0 fw PLH.static      ADJMBEDDHLB         34.1487 -> 34.1579
34660,0 fw PLH.static      CFIMEAFDJFM         30.4405 -> 30.4565
34667,7 fw PLH.static      ADJMBEDDHLB         34.1579 -> 34.1627
34681,4 fw PLH.static      ADJMBEDDHLB         34.1627 -> 34.1704
34681,5 fw PLH.static      CFIMEAFDJFM         30.4565 -> 30.4694
34686,1 fw Controll.static MKFDGFOCKNO         34.0841 -> 34.1842
34686,1 fw Controll.static LEKCBKLAILO         34.1341 -> 34.2342
34686,1 fw Controll.static OFJKHAFJIMA          0.0092 -> 0.0042
34686,1 fw PLH.static      ADJMBEDDHLB         34.1704 -> 34.1842
34686,1 fw PLH.static      CFIMEAFDJFM         30.4694 -> 30.4826
34696,5 fw PLH.static      ADJMBEDDHLB         34.1842 -> 34.1889
34701,7 fw Controll.static GIPNIMALPEG          0.4691 -> 0.4017
34701,8 fw PLH.static      ADJMBEDDHLB         34.1889 -> 34.1992
34709,8 fw PLH.static      ADJMBEDDHLB         34.1992 -> 34.2045
34713,8 fw PLH.static      ADJMBEDDHLB         34.2045 -> 34.2126
34713,8 fw PLH.static      CFIMEAFDJFM         30.4826 -> 30.5115
34722,0 fw PLH.static      ADJMBEDDHLB         34.2126 -> 34.2167
34722,0 fw PLH.static      CFIMEAFDJFM         30.5115 -> 30.5155
34726,2 fw PLH.static      ADJMBEDDHLB         34.2167 -> 34.2247
34735,5 fw PLH.static      ADJMBEDDHLB         34.2247 -> 34.2289
34742,8 fw Controll.static GIPNIMALPEG          0.4017 -> 0.2242
34742,9 fw PLH.static      ADJMBEDDHLB         34.2289 -> 34.2383
34742,9 fw PLH.static      CFIMEAFDJFM         30.5155 -> 30.5368
34747,1 fw PLH.static      ADJMBEDDHLB         34.2383 -> 34.2456
34747,2 fw PLH.static      CFIMEAFDJFM         30.5368 -> 30.544
34767,5 fw PLH.static      ADJMBEDDHLB         34.2456 -> 34.2499
34767,5 fw PLH.static      CFIMEAFDJFM          30.544 -> 30.5487
34782,9 fw PLH.static      ADJMBEDDHLB         34.2499 -> 34.2706
34782,9 fw PLH.static      CFIMEAFDJFM         30.5487 -> 30.5582
34787,4 fw Controll.static MKFDGFOCKNO         34.1842 -> 34.2842
34787,4 fw Controll.static LEKCBKLAILO         34.2342 -> 34.3342
34787,4 fw Controll.static OFJKHAFJIMA          0.0042 -> 0.0009
34787,5 fw PLH.static      ADJMBEDDHLB         34.2706 -> 34.2856
34787,5 fw PLH.static      CFIMEAFDJFM         30.5582 -> 30.5822
34797,9 fw PLH.static      ADJMBEDDHLB         34.2856 -> 34.2902
34804,1 fw Controll.static GIPNIMALPEG          0.2242 -> 0.4498
34804,3 fw PLH.static      ADJMBEDDHLB         34.2902 -> 34.3008
34804,3 fw PLH.static      CFIMEAFDJFM         30.5822 -> 30.5996
34812,2 fw PLH.static      ADJMBEDDHLB         34.3008 -> 34.3071
34812,2 fw PLH.static      CFIMEAFDJFM         30.5996 -> 30.604
34817,6 fw PLH.static      ADJMBEDDHLB         34.3071 -> 34.315
34817,6 fw PLH.static      CFIMEAFDJFM          30.604 -> 30.6138
34827,0 fw PLH.static      ADJMBEDDHLB          34.315 -> 34.3204
34827,0 fw PLH.static      CFIMEAFDJFM         30.6138 -> 30.6193
34830,9 fw PLH.static      ADJMBEDDHLB         34.3204 -> 34.3297
34830,9 fw PLH.static      CFIMEAFDJFM         30.6193 -> 30.6272
34846,6 fw PLH.static      ADJMBEDDHLB         34.3297 -> 34.3337
34855,1 fw Controll.static GIPNIMALPEG          0.4498 -> 0.47
34855,2 fw PLH.static      ADJMBEDDHLB         34.3337 -> 34.3493
34863,6 fw Controll.static NAKNALFCOIF         26.2503 -> 26.8503
34863,6 fw PLH.static      ADJMBEDDHLB         34.3493 -> 34.3579
34863,6 fw PLH.static      CFIMEAFDJFM         30.6272 -> 30.6505
34872,7 fw Controll.static IGLCENGMMMJ            26.1 -> 24.3
34872,8 fw PLH.static      ADJMBEDDHLB         34.3579 -> 34.3663
34880,5 fw PLH.static      ADJMBEDDHLB         34.3663 -> 34.3756
34880,5 fw PLH.static      CFIMEAFDJFM         30.6505 -> 30.6691
34894,9 fw Controll.static MKFDGFOCKNO         34.2842 -> 34.3842
34894,9 fw Controll.static LEKCBKLAILO         34.3342 -> 34.4342
34895,0 fw Controll.static OFJKHAFJIMA          0.0009 -> 0.0131
34895,0 fw PLH.static      ADJMBEDDHLB         34.3756 -> 34.3832
34898,3 fw PLH.static      ADJMBEDDHLB         34.3832 -> 34.3977
34898,3 fw PLH.static      CFIMEAFDJFM         30.6691 -> 30.6862
34908,9 fw PLH.static      ADJMBEDDHLB         34.3977 -> 34.4011
34912,3 fw Controll.static GIPNIMALPEG            0.47 -> 0.613
34912,3 fw PLH.static      ADJMBEDDHLB         34.4011 -> 34.4116
34912,3 fw PLH.static      CFIMEAFDJFM         30.6862 -> 30.7099
34922,9 fw Controll.static NAKNALFCOIF         26.8503 -> 27.1503
34922,9 fw Controll.static IGLCENGMMMJ            24.3 -> 23.7
34923,0 fw PLH.static      ADJMBEDDHLB         34.4116 -> 34.415
34925,9 fw PLH.static      ADJMBEDDHLB          34.415 -> 34.4257
34925,9 fw PLH.static      CFIMEAFDJFM         30.7099 -> 30.724
34935,4 fw Controll.static MKFDGFOCKNO         34.3842 -> 34.4342
34935,4 fw Controll.static LEKCBKLAILO         34.4342 -> 34.4842
34935,5 fw PLH.static      ADJMBEDDHLB         34.4257 -> 34.4286
34941,3 fw Controll.static OFJKHAFJIMA          0.0131 -> 0.0035
34941,3 fw PLH.static      ADJMBEDDHLB         34.4286 -> 34.4384
34949,6 fw PLH.static      ADJMBEDDHLB         34.4384 -> 34.4441
34956,7 fw Controll.static GIPNIMALPEG           0.613 -> 0.501
34956,8 fw PLH.static      ADJMBEDDHLB         34.4441 -> 34.4523
34961,7 fw PLH.static      ADJMBEDDHLB         34.4523 -> 34.4596
34972,2 fw PLH.static      ADJMBEDDHLB         34.4596 -> 34.4645
34974,8 fw PLH.static      ADJMBEDDHLB         34.4645 -> 34.4749
34989,3 fw Controll.static MKFDGFOCKNO         34.4342 -> 34.4842
34989,3 fw Controll.static LEKCBKLAILO         34.4842 -> 34.5342
34989,3 fw Controll.static OFJKHAFJIMA          0.0035 -> 0.0075
34989,4 fw PLH.static      ADJMBEDDHLB         34.4749 -> 34.4776
34991,6 fw PLH.static      ADJMBEDDHLB         34.4776 -> 34.4922
34991,6 fw PLH.static      CFIMEAFDJFM          30.724 -> 30.7858
35001,6 fw Controll.static GIPNIMALPEG           0.501 -> 0.3984
35001,6 fw PLH.static      ADJMBEDDHLB         34.4922 -> 34.4943
35006,9 fw PLH.static      ADJMBEDDHLB         34.4943 -> 34.5044
35006,9 fw PLH.static      CFIMEAFDJFM         30.7858 -> 30.8028
35014,0 fw player          LNIDBHIAJJI              18 -> 16
35014,0 fw player          ACAIGMNLLEC              18 -> 19
35014,0 fw player          HEADELMLILF               0 -> 1
35014,1 fw PLH.static      ADJMBEDDHLB         34.5044 -> 34.5097
35014,1 fw PLH.static      CFIMEAFDJFM         30.8028 -> 30.8086
35019,7 fw PLH.static      ADJMBEDDHLB         34.5097 -> 34.5168
35027,1 fw PLH.static      ADJMBEDDHLB         34.5168 -> 34.5225
35034,0 fw PLH.static      ADJMBEDDHLB         34.5225 -> 34.5299
35034,0 fw PLH.static      CFIMEAFDJFM         30.8086 -> 30.8288
35041,9 fw Controll.static GIPNIMALPEG          0.3984 -> 0.2051
35042,0 fw PLH.static      ADJMBEDDHLB         34.5299 -> 34.5367
35045,9 fw PLH.static      ADJMBEDDHLB         34.5367 -> 34.5448
35045,9 fw PLH.static      CFIMEAFDJFM         30.8288 -> 30.8431
35055,4 fw PLH.static      ADJMBEDDHLB         34.5448 -> 34.5486
35060,5 fw PLH.static      ADJMBEDDHLB         34.5486 -> 34.5582
35068,1 fw Controll.static MKFDGFOCKNO         34.4842 -> 34.5342
35068,1 fw Controll.static LEKCBKLAILO         34.5342 -> 34.5842
35068,1 fw Controll.static OFJKHAFJIMA          0.0075 -> 0.0019
35068,2 fw PLH.static      ADJMBEDDHLB         34.5582 -> 34.5632
35074,5 fw PLH.static      ADJMBEDDHLB         34.5632 -> 34.5709
35084,7 fw Controll.static GIPNIMALPEG          0.2051 -> 0.0596
35084,8 fw PLH.static      ADJMBEDDHLB         34.5709 -> 34.5772
35084,8 fw PLH.static      CFIMEAFDJFM         30.8431 -> 30.8759
35090,1 fw PLH.static      ADJMBEDDHLB         34.5772 -> 34.5876
35097,3 fw PLH.static      ADJMBEDDHLB         34.5876 -> 34.5929
35097,3 fw PLH.static      CFIMEAFDJFM         30.8759 -> 30.8917
35105,2 fw player          HEADELMLILF               1 -> 0
35105,3 fw PLH.static      ADJMBEDDHLB         34.5929 -> 34.6001
35105,3 fw PLH.static      CFIMEAFDJFM         30.8917 -> 30.899
35108,3 fw Controll.static MKFDGFOCKNO         34.5342 -> 34.5842
35108,3 fw Controll.static LEKCBKLAILO         34.5842 -> 34.6342
35108,3 fw Controll.static OFJKHAFJIMA          0.0019 -> 0.0026
35108,4 fw PLH.static      ADJMBEDDHLB         34.6001 -> 34.608
35108,4 fw PLH.static      CFIMEAFDJFM          30.899 -> 30.9065
35117,6 fw PLH.static      ADJMBEDDHLB          34.608 -> 34.6111
35123,4 fw Controll.static GIPNIMALPEG          0.0596 -> 0.8349
35123,5 fw PLH.static      ADJMBEDDHLB         34.6111 -> 34.6203
35123,5 fw PLH.static      CFIMEAFDJFM         30.9065 -> 30.9193
35129,8 fw PLH.static      ADJMBEDDHLB         34.6203 -> 34.6262
35137,5 fw PLH.static      ADJMBEDDHLB         34.6262 -> 34.6326
35144,7 fw PLH.static      ADJMBEDDHLB         34.6326 -> 34.6402
35149,2 fw Controll.static MKFDGFOCKNO         34.5842 -> 34.6343
35149,2 fw Controll.static LEKCBKLAILO         34.6342 -> 34.6842
35149,2 fw Controll.static OFJKHAFJIMA          0.0026 -> 0.0055
35149,3 fw PLH.static      ADJMBEDDHLB         34.6402 -> 34.6474
35149,3 fw PLH.static      CFIMEAFDJFM         30.9193 -> 30.946
35156,9 fw PLH.static      ADJMBEDDHLB         34.6474 -> 34.652
35161,1 fw PLH.static      ADJMBEDDHLB          34.652 -> 34.6596
35170,1 fw Controll.static GIPNIMALPEG          0.8349 -> 0.7691
35170,2 fw PLH.static      ADJMBEDDHLB         34.6596 -> 34.6638
35170,2 fw PLH.static      CFIMEAFDJFM          30.946 -> 30.9624
35173,4 fw PLH.static      ADJMBEDDHLB         34.6638 -> 34.673
35173,4 fw PLH.static      CFIMEAFDJFM         30.9624 -> 30.9718
35184,0 fw PLH.static      ADJMBEDDHLB          34.673 -> 34.6762
35184,0 fw PLH.static      CFIMEAFDJFM         30.9718 -> 30.9752
35188,7 fw Controll.static MKFDGFOCKNO         34.6343 -> 34.6843
35188,7 fw Controll.static LEKCBKLAILO         34.6842 -> 34.7343
35188,8 fw PLH.static      ADJMBEDDHLB         34.6762 -> 34.6868
35188,8 fw PLH.static      CFIMEAFDJFM         30.9752 -> 30.9849
35195,9 fw Controll.static OFJKHAFJIMA          0.0055 -> 0.0019
35196,0 fw PLH.static      ADJMBEDDHLB         34.6868 -> 34.6915
35196,0 fw PLH.static      CFIMEAFDJFM         30.9849 -> 30.9905
35204,1 fw PLH.static      ADJMBEDDHLB         34.6915 -> 34.6987
35206,8 fw Controll.static GIPNIMALPEG          0.7691 -> 0.5022
35206,9 fw PLH.static      ADJMBEDDHLB         34.6987 -> 34.7069
35206,9 fw PLH.static      CFIMEAFDJFM         30.9905 -> 31.0054
35216,3 fw Controll.static DGNDKAKOEPD         3030601 -> 3031597
35216,3 fw Controll.static BEJBLGGGOCC       340611781 -> 340612777
35216,3 fw Controll.static JELGPAKAJPE             129 -> 123
35216,3 fw Controll.static EENJPDHGGGC         33.7143 -> 34.7096
35216,3 fw PLH.static      ADJMBEDDHLB         34.7069 -> 34.7096
35216,3 fw PLH.static      CFIMEAFDJFM         31.0054 -> 31.0086
35222,0 fw PLH.static      ADJMBEDDHLB         34.7096 -> 34.7191
35228,4 fw PLH.static      ADJMBEDDHLB         34.7191 -> 34.7248
35228,4 fw PLH.static      CFIMEAFDJFM         31.0086 -> 31.0234
35237,5 fw Controll.static MKFDGFOCKNO         34.6843 -> 34.7343
35237,5 fw Controll.static LEKCBKLAILO         34.7343 -> 34.7843
35237,5 fw Controll.static OFJKHAFJIMA          0.0019 -> 0.0056
35237,6 fw PLH.static      ADJMBEDDHLB         34.7248 -> 34.7311
35237,6 fw PLH.static      CFIMEAFDJFM         31.0234 -> 31.0301
35240,2 fw PLH.static      ADJMBEDDHLB         34.7311 -> 34.7403
35240,2 fw PLH.static      CFIMEAFDJFM         31.0301 -> 31.0391
35250,2 fw Controll.static GIPNIMALPEG          0.5022 -> 0.3694
35250,3 fw PLH.static      ADJMBEDDHLB         34.7403 -> 34.7429
35255,1 fw PLH.static      ADJMBEDDHLB         34.7429 -> 34.7531
35255,1 fw PLH.static      CFIMEAFDJFM         31.0391 -> 31.0513
35262,8 fw PLH.static      ADJMBEDDHLB         34.7531 -> 34.7578
35267,4 fw PLH.static      ADJMBEDDHLB         34.7578 -> 34.7656
35267,4 fw PLH.static      CFIMEAFDJFM         31.0513 -> 31.0641
35276,0 fw PLH.static      ADJMBEDDHLB         34.7656 -> 34.7702
35276,0 fw PLH.static      CFIMEAFDJFM         31.0641 -> 31.0691
35280,5 fw PLH.static      ADJMBEDDHLB         34.7702 -> 34.7787
35280,5 fw PLH.static      CFIMEAFDJFM         31.0691 -> 31.0777
35288,7 fw Controll.static GIPNIMALPEG          0.3694 -> 0.141
35288,8 fw PLH.static      ADJMBEDDHLB         34.7787 -> 34.7832
35292,7 fw PLH.static      ADJMBEDDHLB         34.7832 -> 34.7915
35292,7 fw PLH.static      CFIMEAFDJFM         31.0777 -> 31.0903
35303,5 fw PLH.static      ADJMBEDDHLB         34.7915 -> 34.7954
35307,0 fw PLH.static      ADJMBEDDHLB         34.7954 -> 34.8063
