# Blockpost room-protocol capture, started 2026-08-23 14:26:01
# tx: <ms> tx hdr=0xNN op=0xNN <name> : <fields>    rx: <ms> rx len=N <hex>
15077,6 ==== FIELDWATCH ON ====
15086,0 # net: TcpClient.Connected = True
15108,7 #   player.GPBAJMJILMA len=2 [0, 0]
15108,9 #   player.JNBMIDFBOHD len=2 [7,03125, 0]
15109,0 #   player.JPDHFNADBKI len=2 [7,03125, 90]
15109,1 #   player.GDEMINMDJAC len=4 [0, 0, 0, 0]
15109,3 #   player.DDKPBGMMNIA len=10 [0, 0, 0, 1, 0, 1, 0, 0, 0, 0]
15109,5 #   player.PPOOANLEBNI len=40 [0, 0, 0, 0, 0, 0, 0, 0, 0, 0, 0, 0]
15110,0 # fieldwatch player: 51 numeric fields, 6 arrays (GPBAJMJILMA,JNBMIDFBOHD,JPDHFNADBKI,GDEMINMDJAC,DDKPBGMMNIA,PPOOANLEBNI) on KBBBHJDINCB
15111,2 #   Controll.static.DDOHELGGICN len=6 [(normal:(0.76, -0.01, -0.65), distance:30.45), (normal:(0.76, -0.01, 0.65), distance:-40.85), (normal:(0.55, 0.83, 0.00), distance:-11.70), (normal:(0.52, -0.85, 0.00), distance:4.37), (normal:(1.00, -0.02, 0.00), distance:-6.84), (normal:(-1.00, 0.02, 0.00), distance:262.55)]
15111,2 # fieldwatch Controll.static: 74 numeric fields, 1 arrays (DDOHELGGICN) on Controll
15111,4 # fieldwatch Controll: 28 numeric fields, 0 arrays () on Controll
15113,5 # fieldwatch weapon: 3 numeric fields, 0 arrays () on CGJPBNDDPIN
15118,8 #   activeEntry.COAAKMDBKJM len=3 [0, 0, 0]
15118,8 # fieldwatch activeEntry: 8 numeric fields, 1 arrays (COAAKMDBKJM) on FPNENMKEFBB
15165,1 fw Controll.static NAKNALFCOIF              90 -> 90.15
15165,1 fw Controll.static IGLCENGMMMJ            1.35 -> 1.95
15190,9 fw Controll.static GIPNIMALPEG          0.2794 -> 0.278
15190,9 fw Controll.static IGLCENGMMMJ            1.95 -> 2.1
15198,0 fw Controll.static MKFDGFOCKNO         14.8585 -> 14.9085
15198,0 fw Controll.static LEKCBKLAILO         14.9085 -> 14.9585
15206,9 fw Controll.static OFJKHAFJIMA          0.0039 -> 0.0054
15212,1 fw Controll.static GIPNIMALPEG           0.278 -> 0.7044
15212,2 fw Controll.static IGLCENGMMMJ             2.1 -> 2.25
15230,1 fw Controll.static MKFDGFOCKNO         14.9085 -> 14.9585
15230,1 fw Controll.static LEKCBKLAILO         14.9585 -> 15.0085
15230,1 fw Controll.static OFJKHAFJIMA          0.0054 -> 0.0029
15243,0 fw Controll.static GIPNIMALPEG          0.7044 -> 0.322
15243,0 fw Controll.static IGLCENGMMMJ            2.25 -> 2.4
15258,3 fw player          LNIDBHIAJJI               5 -> 0
15258,3 fw player          CLOEJLAOIGI               1 -> 0
15258,3 fw player          HEADELMLILF               1 -> 0
15265,9 fw Controll.static GIPNIMALPEG           0.322 -> 0.7801
15266,0 fw Controll.static NAKNALFCOIF           90.15 -> 90.3
15266,0 fw Controll.static IGLCENGMMMJ             2.4 -> 3
15280,6 fw Controll.static MKFDGFOCKNO         14.9585 -> 15.0085
15280,6 fw Controll.static LEKCBKLAILO         15.0085 -> 15.0585
15280,6 fw Controll.static OFJKHAFJIMA          0.0029 -> 0.0034
15290,0 fw Controll.static GIPNIMALPEG          0.7801 -> 0.2596
15290,0 fw Controll.static NAKNALFCOIF            90.3 -> 90.45
15290,0 fw Controll.static IGLCENGMMMJ               3 -> 3.15
15311,2 fw Controll.static GIPNIMALPEG          0.2596 -> 0.6848
15322,6 fw Controll.static IGLCENGMMMJ            3.15 -> 3.6
15328,4 fw Controll.static MKFDGFOCKNO         15.0085 -> 15.0585
15328,4 fw Controll.static LEKCBKLAILO         15.0585 -> 15.1085
15328,4 fw Controll.static OFJKHAFJIMA          0.0034 -> 0.0012
15341,7 fw Controll.static GIPNIMALPEG          0.6848 -> 0.2919
15346,7 fw Controll.static NAKNALFCOIF           90.45 -> 90.6
15346,7 fw Controll.static IGLCENGMMMJ             3.6 -> 3.9
15364,3 fw Controll.static GIPNIMALPEG          0.2919 -> 0.7463
15375,8 fw Controll.static NAKNALFCOIF            90.6 -> 91.05
15375,8 fw Controll.static IGLCENGMMMJ             3.9 -> 4.95
15381,6 fw Controll.static MKFDGFOCKNO         15.0585 -> 15.1085
15381,6 fw Controll.static LEKCBKLAILO         15.1085 -> 15.1585
15381,6 fw Controll.static OFJKHAFJIMA          0.0012 -> 0.0044
15392,4 fw Controll.static GIPNIMALPEG          0.7463 -> 0.3079
15397,6 fw Controll.static IGLCENGMMMJ            4.95 -> 5.7
15414,2 fw player          LNIDBHIAJJI               0 -> 1
15414,3 fw Controll.static GIPNIMALPEG          0.3079 -> 0.7457
15424,9 fw Controll.static NAKNALFCOIF           91.05 -> 91.35
15424,9 fw Controll.static IGLCENGMMMJ             5.7 -> 6.15
15439,5 fw Controll.static MKFDGFOCKNO         15.1085 -> 15.1585
15439,5 fw Controll.static LEKCBKLAILO         15.1585 -> 15.2085
15439,5 fw Controll.static OFJKHAFJIMA          0.0044 -> 0.0124
15702,4 fw Controll.static GIPNIMALPEG          0.7457 -> 0.0038
15721,9 fw player          LNIDBHIAJJI               1 -> 4
15721,9 fw Controll.static NAKNALFCOIF           91.35 -> 92.4
15721,9 fw Controll.static IGLCENGMMMJ            6.15 -> 17.25
15721,9 fw Controll        MJPKOOHJOPA               0 -> 11.3474
15728,3 fw Controll.static GLGCAOADGMN               0 -> 1
15728,4 fw Controll.static MKFDGFOCKNO         15.1585 -> 15.4338
15728,4 fw Controll.static LEKCBKLAILO         15.2085 -> 15.4838
15728,4 fw Controll.static OFJKHAFJIMA          0.0124 -> 0
15739,3 fw Controll.static MNHBPCOOMLE         1806156 -> 1806886
15739,3 fw Controll.static GIPNIMALPEG          0.0038 -> 0.7412
15755,5 fw Controll.static MKFDGFOCKNO         15.4338 -> 15.4838
15755,5 fw Controll.static LEKCBKLAILO         15.4838 -> 15.5338
15755,5 fw Controll.static OFJKHAFJIMA               0 -> 0.003
15772,1 fw Controll.static GIPNIMALPEG          0.7412 -> 0.3973
15792,8 fw Controll.static GIPNIMALPEG          0.3973 -> 0.8106
15792,8 fw Controll.static IGLCENGMMMJ           17.25 -> 17.7
15808,9 fw Controll.static GLGCAOADGMN               1 -> 0
15813,3 fw Controll.static MKFDGFOCKNO         15.4838 -> 15.5338
15813,3 fw Controll.static LEKCBKLAILO         15.5338 -> 15.5838
15813,3 fw Controll.static OFJKHAFJIMA           0.003 -> 0.0058
15825,4 fw Controll.static GIPNIMALPEG          0.8106 -> 0.4633
15825,4 fw Controll.static NAKNALFCOIF            92.4 -> 92.25
15825,4 fw Controll.static IGLCENGMMMJ            17.7 -> 18.3
15846,9 fw player          ACAIGMNLLEC              64 -> 65
15846,9 fw player          HEADELMLILF               0 -> 1
15847,0 fw Controll.static GIPNIMALPEG          0.4633 -> 0.8936
15847,0 fw Controll.static IGLCENGMMMJ            18.3 -> 18.45
15864,5 fw Controll.static MKFDGFOCKNO         15.5338 -> 15.5838
15864,5 fw Controll.static LEKCBKLAILO         15.5838 -> 15.6338
15864,5 fw Controll.static OFJKHAFJIMA          0.0058 -> 0.0063
15874,4 fw Controll.static GIPNIMALPEG          0.8936 -> 0.4436
15897,5 fw Controll.static GIPNIMALPEG          0.4436 -> 0.9045
15908,0 fw player          LNIDBHIAJJI               4 -> 11
15908,0 fw player          HEADELMLILF               1 -> 0
15912,9 fw Controll.static MKFDGFOCKNO         15.5838 -> 15.6338
15912,9 fw Controll.static LEKCBKLAILO         15.6338 -> 15.6838
15912,9 fw Controll.static OFJKHAFJIMA          0.0063 -> 0.0056
15925,8 fw Controll.static MNHBPCOOMLE         1806886 -> 1807091
15925,8 fw Controll.static GIPNIMALPEG          0.9045 -> 0.4704
15925,8 fw Controll        MJPKOOHJOPA         11.3474 -> 11.5637
15942,4 fw Controll.static GLGCAOADGMN               0 -> 1
15947,4 fw Controll.static GIPNIMALPEG          0.4704 -> 0.9032
15959,7 fw Controll.static NAKNALFCOIF           92.25 -> 91.95
15959,7 fw Controll.static IGLCENGMMMJ           18.45 -> 19.35
15967,7 fw Controll.static GLGCAOADGMN               1 -> 0
15967,7 fw Controll.static MKFDGFOCKNO         15.6338 -> 15.6838
15967,7 fw Controll.static LEKCBKLAILO         15.6838 -> 15.7338
15967,7 fw Controll.static OFJKHAFJIMA          0.0056 -> 0.0072
15975,7 fw Controll.static GIPNIMALPEG          0.9032 -> 0.4687
15985,1 fw Controll.static NAKNALFCOIF           91.95 -> 91.8
15985,1 fw Controll.static IGLCENGMMMJ           19.35 -> 20.1
16002,1 fw Controll.static GIPNIMALPEG          0.4687 -> 0.9941
16007,8 fw player          LNIDBHIAJJI              11 -> 12
16007,8 fw Controll.static IGLCENGMMMJ            20.1 -> 20.25
16020,4 fw Controll.static MKFDGFOCKNO         15.6838 -> 15.7338
16020,4 fw Controll.static LEKCBKLAILO         15.7338 -> 15.7838
16020,4 fw Controll.static OFJKHAFJIMA          0.0072 -> 0.0053
16025,8 fw Controll.static GIPNIMALPEG          0.9941 -> 0.4698
16056,4 fw Controll.static GIPNIMALPEG          0.4698 -> 0.0827
16060,3 fw Controll.static IGLCENGMMMJ           20.25 -> 20.4
16073,0 fw Controll.static MKFDGFOCKNO         15.7338 -> 15.7838
16073,0 fw Controll.static LEKCBKLAILO         15.7838 -> 15.8338
16073,0 fw Controll.static OFJKHAFJIMA          0.0053 -> 0.0039
16091,2 fw Controll.static GIPNIMALPEG          0.0827 -> 0.7784
16091,2 fw Controll.static NAKNALFCOIF            91.8 -> 91.5
16091,2 fw Controll.static IGLCENGMMMJ            20.4 -> 21.3
16109,1 fw player          LNIDBHIAJJI              12 -> 13
16109,1 fw Controll.static OFJKHAFJIMA          0.0039 -> 0.0066
16114,8 fw Controll.static GIPNIMALPEG          0.7784 -> 0.2499
16114,8 fw Controll.static IGLCENGMMMJ            21.3 -> 21.9
16135,5 fw Controll.static MKFDGFOCKNO         15.7838 -> 15.8338
16135,6 fw Controll.static LEKCBKLAILO         15.8338 -> 15.8838
16147,0 fw Controll.static GIPNIMALPEG          0.2499 -> 0.8955
16147,1 fw Controll.static NAKNALFCOIF            91.5 -> 91.35
16147,1 fw Controll.static IGLCENGMMMJ            21.9 -> 22.2
16163,3 fw Controll.static MKFDGFOCKNO         15.8338 -> 15.8838
16163,3 fw Controll.static LEKCBKLAILO         15.8838 -> 15.9338
16163,3 fw Controll.static OFJKHAFJIMA          0.0066 -> 0.0011
16170,5 fw Controll.static GIPNIMALPEG          0.8955 -> 0.3631
16194,3 fw Controll.static GIPNIMALPEG          0.3631 -> 0.8407
16208,9 fw Controll.static MKFDGFOCKNO         15.8838 -> 15.9338
16208,9 fw Controll.static LEKCBKLAILO         15.9338 -> 15.9838
16208,9 fw Controll.static OFJKHAFJIMA          0.0011 -> 0.0021
16221,5 fw Controll.static GIPNIMALPEG          0.8407 -> 0.3849
16244,1 fw Controll.static GIPNIMALPEG          0.3849 -> 0.8357
16255,0 fw player          LNIDBHIAJJI              13 -> 15
16255,0 fw Controll.static NAKNALFCOIF           91.35 -> 91.05
16255,0 fw Controll.static IGLCENGMMMJ            22.2 -> 22.8
16260,0 fw Controll.static MKFDGFOCKNO         15.9338 -> 15.9838
16260,0 fw Controll.static LEKCBKLAILO         15.9838 -> 16.0338
16260,0 fw Controll.static OFJKHAFJIMA          0.0021 -> 0.0024
16273,6 fw Controll.static GIPNIMALPEG          0.8357 -> 0.4261
16295,0 fw Controll.static GIPNIMALPEG          0.4261 -> 0.8546
16307,3 fw Controll.static DGNDKAKOEPD         1804720 -> 1807257
16307,3 fw Controll.static BEJBLGGGOCC       339384703 -> 339387446
16307,3 fw Controll.static JELGPAKAJPE               0 -> 138
16307,3 fw Controll.static EENJPDHGGGC         13.4854 -> 16.0225
16312,3 fw player          HEADELMLILF               0 -> 1
16312,3 fw Controll.static MKFDGFOCKNO         15.9838 -> 16.0338
16312,3 fw Controll.static LEKCBKLAILO         16.0338 -> 16.0838
16312,3 fw Controll.static OFJKHAFJIMA          0.0024 -> 0.0048
16326,9 fw Controll.static MNHBPCOOMLE         1807091 -> 1807492
16326,9 fw Controll.static GIPNIMALPEG          0.8546 -> 0.4912
16326,9 fw Controll        MJPKOOHJOPA         11.5637 -> 11.9632
16332,1 fw player          ACAIGMNLLEC              65 -> 64
16344,5 fw Controll.static GLGCAOADGMN               0 -> 1
16351,2 fw Controll.static GIPNIMALPEG          0.4912 -> 0.9766
16369,8 fw Controll.static MKFDGFOCKNO         16.0338 -> 16.0839
16369,8 fw Controll.static LEKCBKLAILO         16.0838 -> 16.1339
16369,8 fw Controll.static OFJKHAFJIMA          0.0048 -> 0.0114
16381,2 fw Controll.static GIPNIMALPEG          0.9766 -> 0.5785
16390,2 fw player          HEADELMLILF               1 -> 0
16390,3 fw Controll.static NAKNALFCOIF           91.05 -> 90.9
16390,3 fw Controll.static IGLCENGMMMJ            22.8 -> 23.25
16418,6 fw Controll.static GIPNIMALPEG          0.5785 -> 0.3265
16418,6 fw Controll.static LCMOBPPHLLM               0 -> 0.485
16418,7 fw Controll.static IGLCENGMMMJ           23.25 -> 23.55
16418,7 fw Controll.static EPEEFBDJAHO               0 -> 1
16425,2 fw Controll.static GLGCAOADGMN               1 -> 0
16425,2 fw Controll.static MKFDGFOCKNO         16.0839 -> 16.1339
16425,2 fw Controll.static LEKCBKLAILO         16.1339 -> 16.1839
16436,4 fw Controll.static OFJKHAFJIMA          0.0114 -> 0.0067
16442,1 fw player          LNIDBHIAJJI              15 -> 16
16442,2 fw Controll.static GIPNIMALPEG          0.3265 -> 0.7969
16458,5 fw Controll.static MKFDGFOCKNO         16.1339 -> 16.1839
16458,5 fw Controll.static LEKCBKLAILO         16.1839 -> 16.2339
16458,5 fw Controll.static OFJKHAFJIMA          0.0067 -> 0.0012
16472,0 fw player          FGFKPMPLNKO               0 -> 12.2629
16472,0 fw Controll.static GIPNIMALPEG          0.7969 -> 0.3928
16495,8 fw Controll.static GIPNIMALPEG          0.3928 -> 0.8692
16511,4 fw Controll.static MKFDGFOCKNO         16.1839 -> 16.2339
16511,4 fw Controll.static LEKCBKLAILO         16.2339 -> 16.2839
16511,4 fw Controll.static OFJKHAFJIMA          0.0012 -> 0.004
16524,1 fw Controll.static GIPNIMALPEG          0.8692 -> 0.4355
16524,1 fw Controll.static IGLCENGMMMJ           23.55 -> 23.7
16529,5 fw Controll.static BFEOOOMMGLK               0 -> 1
16529,5 fw Controll.static GLGCAOADGMN               0 -> 1
16529,5 fw Controll        MJPKOOHJOPA         11.9632 -> 12.1681
16546,8 fw Controll.static MNHBPCOOMLE         1807492 -> 1807694
16546,8 fw Controll.static GIPNIMALPEG          0.4355 -> 0.888
16559,3 fw player          LNIDBHIAJJI              16 -> 15
16559,3 fw Controll.static IGLCENGMMMJ            23.7 -> 23.85
16559,3 fw Controll.static BFEOOOMMGLK               1 -> 0
16559,3 fw Controll.static GLGCAOADGMN               1 -> 0
16564,2 fw Controll.static MKFDGFOCKNO         16.2339 -> 16.2839
16564,2 fw Controll.static LEKCBKLAILO         16.2839 -> 16.3339
16564,2 fw Controll.static OFJKHAFJIMA           0.004 -> 0.0068
16577,8 fw Controll.static GIPNIMALPEG           0.888 -> 0.5096
16596,3 fw player          HIDMDLLHEKO               0 -> 1
16596,3 fw player          LNIDBHIAJJI              15 -> 16
16596,3 fw player          CLOEJLAOIGI               0 -> 1
16604,4 fw Controll.static GIPNIMALPEG          0.5096 -> 0.0412
16621,7 fw Controll.static MKFDGFOCKNO         16.2839 -> 16.3339
16621,7 fw Controll.static LEKCBKLAILO         16.3339 -> 16.3839
16621,7 fw Controll.static OFJKHAFJIMA          0.0068 -> 0.0018
16627,2 fw Controll.static GIPNIMALPEG          0.0412 -> 0.4957
16654,5 fw Controll.static GIPNIMALPEG          0.4957 -> 0.0417
16659,9 fw Controll.static NAKNALFCOIF            90.9 -> 90.6
16659,9 fw Controll.static IGLCENGMMMJ           23.85 -> 24.15
16671,4 fw Controll.static MKFDGFOCKNO         16.3339 -> 16.3839
16671,4 fw Controll.static LEKCBKLAILO         16.3839 -> 16.4339
16671,4 fw Controll.static OFJKHAFJIMA          0.0018 -> 0.0019
16677,2 fw Controll.static GIPNIMALPEG          0.0417 -> 0.4963
16689,9 fw Controll.static IGLCENGMMMJ           24.15 -> 24.3
16707,9 fw Controll.static GIPNIMALPEG          0.4963 -> 0.1094
16725,9 fw Controll.static MKFDGFOCKNO         16.3839 -> 16.4339
16725,9 fw Controll.static LEKCBKLAILO         16.4339 -> 16.4839
16725,9 fw Controll.static OFJKHAFJIMA          0.0019 -> 0.0052
16743,7 fw Controll.static GIPNIMALPEG          0.1094 -> 0.826
16760,2 fw Controll.static OFJKHAFJIMA          0.0052 -> 0.0077
16768,0 fw Controll.static GIPNIMALPEG           0.826 -> 0.3125
16775,8 fw Controll.static DJACNOGOCKD               0 -> 1
16786,0 fw Controll.static MKFDGFOCKNO         16.4339 -> 16.4839
16786,0 fw Controll.static LEKCBKLAILO         16.4839 -> 16.5339
16786,0 fw Controll.static FBINCNDDPAO               0 -> 12.1047
16786,0 fw Controll.static ILGHFLMKMCO               0 -> 14.1047
16786,0 fw Controll.static JADIDAJFOGK               0 -> 0.42
16790,7 fw Controll.static GIPNIMALPEG          0.3125 -> 0.7657
16808,2 fw player          HOJIIOCKKLO               1 -> -1
16808,2 fw Controll.static MKFDGFOCKNO         16.4839 -> 16.534
16808,2 fw Controll.static LEKCBKLAILO         16.5339 -> 16.584
16808,2 fw Controll.static OFJKHAFJIMA          0.0077 -> 0.0008
16820,0 fw Controll.static GIPNIMALPEG          0.7657 -> 0.3534
16839,7 fw Controll.static GIPNIMALPEG          0.3534 -> 0.7458
16855,7 fw Controll.static MKFDGFOCKNO          16.534 -> 16.584
16855,7 fw Controll.static LEKCBKLAILO          16.584 -> 16.634
16855,7 fw Controll.static OFJKHAFJIMA          0.0008 -> 0.003
16868,4 fw Controll.static GIPNIMALPEG          0.7458 -> 0.3193
16872,5 fw Controll.static EPEEFBDJAHO               1 -> 0
16891,8 fw Controll.static GIPNIMALPEG          0.3193 -> 0.7878
16908,2 fw Controll.static MKFDGFOCKNO          16.584 -> 16.634
16908,2 fw Controll.static LEKCBKLAILO          16.634 -> 16.684
16908,2 fw Controll.static OFJKHAFJIMA           0.003 -> 0.0009
16919,4 fw Controll.static GIPNIMALPEG          0.7878 -> 0.3384
16939,7 fw Controll.static GIPNIMALPEG          0.3384 -> 0.7454
16955,9 fw Controll.static MKFDGFOCKNO          16.634 -> 16.684
16955,9 fw Controll.static LEKCBKLAILO          16.684 -> 16.734
16955,9 fw Controll.static OFJKHAFJIMA          0.0009 -> 0.0032
16969,1 fw Controll.static GIPNIMALPEG          0.7454 -> 0.3317
16989,4 fw player          LNIDBHIAJJI              16 -> 17
16989,5 fw Controll.static GIPNIMALPEG          0.3317 -> 0.7397
17006,5 fw Controll.static MKFDGFOCKNO          16.684 -> 16.734
17006,5 fw Controll.static LEKCBKLAILO          16.734 -> 16.784
17006,5 fw Controll.static OFJKHAFJIMA          0.0032 -> 0.0037
17018,1 fw Controll.static GIPNIMALPEG          0.7397 -> 0.311
17023,8 fw player          HIDMDLLHEKO               1 -> 0
17051,4 fw Controll.static GIPNIMALPEG           0.311 -> 0.9789
17055,7 fw Controll.static MKFDGFOCKNO          16.734 -> 16.784
17055,7 fw Controll.static LEKCBKLAILO          16.784 -> 16.834
17068,2 fw Controll.static OFJKHAFJIMA          0.0037 -> 0.003
17072,0 fw Controll.static GIPNIMALPEG          0.9789 -> 0.3903
17100,3 fw Controll.static GIPNIMALPEG          0.3903 -> 0.9576
17114,0 fw Controll.static MKFDGFOCKNO          16.784 -> 16.834
17114,0 fw Controll.static LEKCBKLAILO          16.834 -> 16.884
17114,0 fw Controll.static OFJKHAFJIMA           0.003 -> 0.0019
17119,7 fw Controll.static GIPNIMALPEG          0.9576 -> 0.3451
17142,9 fw Controll.static GIPNIMALPEG          0.3451 -> 0.808
17157,2 fw Controll.static MKFDGFOCKNO          16.834 -> 16.884
17157,2 fw Controll.static LEKCBKLAILO          16.884 -> 16.934
17157,2 fw Controll.static OFJKHAFJIMA          0.0019 -> 0.0045
17165,3 fw Controll.static GIPNIMALPEG           0.808 -> 0.2548
17187,0 fw Controll.static GIPNIMALPEG          0.2548 -> 0.6912
17210,4 fw Controll.static GIPNIMALPEG          0.6912 -> 0.1567
17210,4 fw Controll.static LCMOBPPHLLM           0.485 -> 0
17225,2 fw Controll.static MKFDGFOCKNO          16.884 -> 16.934
17225,2 fw Controll.static LEKCBKLAILO          16.934 -> 16.984
17225,2 fw Controll.static OFJKHAFJIMA          0.0045 -> 0.0076
17229,8 fw Controll.static GIPNIMALPEG          0.1567 -> 0.5459
17253,6 fw Controll.static GIPNIMALPEG          0.5459 -> 0.0221
17268,2 fw Controll.static MKFDGFOCKNO          16.934 -> 16.984
17268,2 fw Controll.static LEKCBKLAILO          16.984 -> 17.034
17268,2 fw Controll.static OFJKHAFJIMA          0.0076 -> 0.0009
17272,2 fw Controll.static GIPNIMALPEG          0.0221 -> 0.3951
17300,5 fw Controll.static GIPNIMALPEG          0.3951 -> 0.9588
17317,0 fw Controll.static MKFDGFOCKNO          16.984 -> 17.034
17317,0 fw Controll.static LEKCBKLAILO          17.034 -> 17.084
17317,0 fw Controll.static OFJKHAFJIMA          0.0009 -> 0.0036
17333,5 fw Controll.static GIPNIMALPEG          0.9588 -> 0.6206
17333,5 fw Controll.static DGNDKAKOEPD         1807257 -> 1808283
17333,5 fw Controll.static BEJBLGGGOCC       339387446 -> 339388452
17333,5 fw Controll.static JELGPAKAJPE             138 -> 160
17333,5 fw Controll.static EENJPDHGGGC         16.0225 -> 17.0488
17354,0 fw Controll.static GIPNIMALPEG          0.6206 -> 0.0296
17371,0 fw Controll.static MKFDGFOCKNO          17.034 -> 17.0841
17371,0 fw Controll.static LEKCBKLAILO          17.084 -> 17.1341
17371,0 fw Controll.static OFJKHAFJIMA          0.0036 -> 0.0013
17383,4 fw Controll.static GIPNIMALPEG          0.0296 -> 0.6168
17404,0 fw Controll.static GIPNIMALPEG          0.6168 -> 0.0289
17420,1 fw Controll.static MKFDGFOCKNO         17.0841 -> 17.1341
17420,1 fw Controll.static LEKCBKLAILO         17.1341 -> 17.1841
17428,9 fw Controll.static GIPNIMALPEG          0.0289 -> 0.5288
17434,4 fw player          CLOEJLAOIGI               1 -> 0
17449,8 fw Controll.static GIPNIMALPEG          0.5288 -> 0.9469
17457,9 fw Controll.static IGLCENGMMMJ            24.3 -> 24.15
17467,1 fw Controll.static MKFDGFOCKNO         17.1341 -> 17.1841
17467,1 fw Controll.static LEKCBKLAILO         17.1841 -> 17.2341
17467,1 fw Controll.static OFJKHAFJIMA          0.0013 -> 0.0052
17470,9 fw Controll.static GIPNIMALPEG          0.9469 -> 0.3674
17483,0 fw Controll.static NAKNALFCOIF            90.6 -> 90.45
17499,2 fw Controll.static GIPNIMALPEG          0.3674 -> 0.9328
17515,8 fw Controll.static MKFDGFOCKNO         17.1841 -> 17.2341
17515,8 fw Controll.static LEKCBKLAILO         17.2341 -> 17.2841
17515,8 fw Controll.static OFJKHAFJIMA          0.0052 -> 0.0014
17519,6 fw Controll.static GIPNIMALPEG          0.9328 -> 0.3425
17546,3 fw Controll.static GIPNIMALPEG          0.3425 -> 0.8728
17562,2 fw Controll.static MKFDGFOCKNO         17.2341 -> 17.2841
17562,2 fw Controll.static LEKCBKLAILO         17.2841 -> 17.3341
17562,2 fw Controll.static OFJKHAFJIMA          0.0014 -> 0.0094
17567,0 fw Controll.static GIPNIMALPEG          0.8728 -> 0.289
17588,2 fw Controll.static GIPNIMALPEG           0.289 -> 0.7133
17615,6 fw Controll.static GIPNIMALPEG          0.7133 -> 0.2614
17622,5 fw Controll.static MKFDGFOCKNO         17.2841 -> 17.3341
17622,5 fw Controll.static LEKCBKLAILO         17.3341 -> 17.3841
17627,6 fw Controll.static OFJKHAFJIMA          0.0094 -> 0.0063
17636,0 fw Controll.static GIPNIMALPEG          0.2614 -> 0.6696
17655,8 fw Controll.static GIPNIMALPEG          0.6696 -> 0.0649
17670,5 fw Controll.static MKFDGFOCKNO         17.3341 -> 17.3841
17670,5 fw Controll.static LEKCBKLAILO         17.3841 -> 17.4341
17670,5 fw Controll.static OFJKHAFJIMA          0.0063 -> 0.003
17683,5 fw Controll.static GIPNIMALPEG          0.0649 -> 0.6202
17705,6 fw Controll.static GIPNIMALPEG          0.6202 -> 0.0627
17705,6 fw Controll.static NAKNALFCOIF           90.45 -> 90.15
17705,6 fw Controll.static IGLCENGMMMJ           24.15 -> 23.7
17719,2 fw Controll.static MKFDGFOCKNO         17.3841 -> 17.4341
17719,2 fw Controll.static LEKCBKLAILO         17.4341 -> 17.4841
17729,4 fw Controll.static GIPNIMALPEG          0.0627 -> 0.5364
17750,1 fw Controll.static GIPNIMALPEG          0.5364 -> 0.9514
17766,3 fw Controll.static MKFDGFOCKNO         17.4341 -> 17.4841
17766,3 fw Controll.static LEKCBKLAILO         17.4841 -> 17.5341
17766,3 fw Controll.static OFJKHAFJIMA           0.003 -> 0.0053
17770,7 fw Controll.static GIPNIMALPEG          0.9514 -> 0.3629
17784,2 fw Controll.static IGLCENGMMMJ            23.7 -> 23.55
17799,3 fw Controll.static GIPNIMALPEG          0.3629 -> 0.9351
17805,4 fw Controll.static IGLCENGMMMJ           23.55 -> 23.25
17815,7 fw Controll.static MKFDGFOCKNO         17.4841 -> 17.5341
17815,7 fw Controll.static LEKCBKLAILO         17.5341 -> 17.5841
17815,7 fw Controll.static OFJKHAFJIMA          0.0053 -> 0.0027
17820,2 fw Controll.static GIPNIMALPEG          0.9351 -> 0.353
17833,2 fw Controll.static IGLCENGMMMJ           23.25 -> 22.95
17849,3 fw Controll.static GIPNIMALPEG           0.353 -> 0.9348
17853,7 fw Controll.static NAKNALFCOIF           90.15 -> 90
17853,7 fw Controll.static IGLCENGMMMJ           22.95 -> 22.65
17866,7 fw Controll.static MKFDGFOCKNO         17.5341 -> 17.5841
17866,8 fw Controll.static LEKCBKLAILO         17.5841 -> 17.6341
17866,8 fw Controll.static OFJKHAFJIMA          0.0027 -> 0.0009
17872,0 fw Controll.static GIPNIMALPEG          0.9348 -> 0.39
17882,8 fw player          LNIDBHIAJJI              17 -> 16
17882,8 fw Controll.static NAKNALFCOIF              90 -> 89.85
17882,8 fw Controll.static IGLCENGMMMJ           22.65 -> 22.2
17905,9 fw Controll.static GIPNIMALPEG            0.39 -> 0.068
17906,0 fw Controll.static NAKNALFCOIF           89.85 -> 89.7
17906,0 fw Controll.static IGLCENGMMMJ            22.2 -> 22.05
17916,4 fw Controll.static MKFDGFOCKNO         17.5841 -> 17.6341
17916,4 fw Controll.static LEKCBKLAILO         17.6341 -> 17.6841
17921,5 fw Controll.static OFJKHAFJIMA          0.0009 -> 0.0031
17931,5 fw Controll.static GIPNIMALPEG           0.068 -> 0.5805
17954,0 fw Controll.static GIPNIMALPEG          0.5805 -> 0.0291
17954,0 fw Controll.static NAKNALFCOIF            89.7 -> 89.55
17954,0 fw Controll.static IGLCENGMMMJ           22.05 -> 21.9
17969,2 fw Controll.static MKFDGFOCKNO         17.6341 -> 17.6841
17969,2 fw Controll.static LEKCBKLAILO         17.6841 -> 17.7341
17969,2 fw Controll.static OFJKHAFJIMA          0.0031 -> 0.0012
17981,7 fw Controll.static GIPNIMALPEG          0.0291 -> 0.5837
18003,1 fw player          ACAIGMNLLEC              64 -> 63
18003,1 fw player          HEADELMLILF               0 -> 1
18003,2 fw Controll.static GIPNIMALPEG          0.5837 -> 0.0122
18016,9 fw Controll.static MKFDGFOCKNO         17.6841 -> 17.7341
18016,9 fw Controll.static LEKCBKLAILO         17.7341 -> 17.7841
18016,9 fw Controll.static OFJKHAFJIMA          0.0012 -> 0.0004
18026,3 fw Controll.static GIPNIMALPEG          0.0122 -> 0.4749
18048,4 fw Controll.static GIPNIMALPEG          0.4749 -> 0.9172
18062,1 fw player          LNIDBHIAJJI              16 -> 15
18062,1 fw player          HEADELMLILF               1 -> 0
18062,1 fw Controll.static MKFDGFOCKNO         17.7341 -> 17.7841
18062,1 fw Controll.static LEKCBKLAILO         17.7841 -> 17.8341
18062,1 fw Controll.static OFJKHAFJIMA          0.0004 -> 0.0036
18071,1 fw Controll.static DBMGNKNGFLL               0 -> 1
18071,1 fw Controll.static OINJNFHMDFE               0 -> 0.4257
18071,1 fw Controll.static _JFKCDODJALP_k__BackingField            0 -> 1
18071,1 fw Controll.static GIPNIMALPEG          0.9172 -> 0.3716
18071,1 fw Controll.static JBKBOPCCIBM               0 -> 1
18090,1 fw Controll.static ILGHFLMKMCO         14.1047 -> 13.5096
18090,1 fw Controll.static CKLMDECPAGK               0 -> 13.8096
18090,1 fw Controll.static GIPNIMALPEG          0.3716 -> 0.7515
18105,8 fw Controll.static MKFDGFOCKNO         17.7841 -> 17.8341
18105,8 fw Controll.static LEKCBKLAILO         17.8341 -> 17.8841
18105,8 fw Controll.static OFJKHAFJIMA          0.0036 -> 0.003
18115,2 fw Controll.static GIPNIMALPEG          0.7515 -> 0.253
18137,0 fw Controll.static GIPNIMALPEG           0.253 -> 0.6896
18153,6 fw Controll.static MKFDGFOCKNO         17.8341 -> 17.8841
18153,6 fw Controll.static LEKCBKLAILO         17.8841 -> 17.9341
18153,6 fw Controll.static OFJKHAFJIMA           0.003 -> 0.0008
18165,6 fw Controll.static GIPNIMALPEG          0.6896 -> 0.2597
18181,5 fw Controll.static DJACNOGOCKD               1 -> 0
18185,3 fw Controll.static _JFKCDODJALP_k__BackingField            1 -> 0
18197,4 fw Controll.static GIPNIMALPEG          0.2597 -> 0.8971
18197,4 fw Controll.static JBKBOPCCIBM               1 -> 0
18213,9 fw Controll.static OFJKHAFJIMA          0.0008 -> 0.0111
18217,5 fw Controll.static GIPNIMALPEG          0.8971 -> 0.2992
18235,4 fw Controll.static MKFDGFOCKNO         17.8841 -> 17.9341
18235,4 fw Controll.static LEKCBKLAILO         17.9341 -> 17.9841
18248,4 fw Controll.static GIPNIMALPEG          0.2992 -> 0.9173
18264,9 fw Controll.static MKFDGFOCKNO         17.9341 -> 17.9841
18264,9 fw Controll.static LEKCBKLAILO         17.9841 -> 18.0341
18264,9 fw Controll.static OFJKHAFJIMA          0.0111 -> 0.0122
18269,8 fw Controll.static GIPNIMALPEG          0.9173 -> 0.3455
18296,8 fw Controll.static GIPNIMALPEG          0.3455 -> 0.8844
18301,8 fw Controll.static DGNDKAKOEPD         1808283 -> 1809248
18301,8 fw Controll.static BEJBLGGGOCC       339388452 -> 339389444
18301,8 fw Controll.static JELGPAKAJPE             160 -> 128
18301,8 fw Controll.static EENJPDHGGGC         17.0488 -> 18.0138
18313,8 fw Controll.static MKFDGFOCKNO         17.9841 -> 18.0341
18313,8 fw Controll.static LEKCBKLAILO         18.0341 -> 18.0841
18313,8 fw Controll.static OFJKHAFJIMA          0.0122 -> 0.0111
18317,1 fw Controll.static GIPNIMALPEG          0.8844 -> 0.2909
18343,9 fw Controll.static GIPNIMALPEG          0.2909 -> 0.8269
18358,4 fw Controll.static MKFDGFOCKNO         18.0341 -> 18.0841
18358,4 fw Controll.static LEKCBKLAILO         18.0841 -> 18.1341
18358,4 fw Controll.static OFJKHAFJIMA          0.0111 -> 0.0055
18365,0 fw Controll.static GIPNIMALPEG          0.8269 -> 0.2494
18385,6 fw Controll.static GIPNIMALPEG          0.2494 -> 0.6615
18408,2 fw Controll.static GIPNIMALPEG          0.6615 -> 0.113
18425,3 fw Controll.static MKFDGFOCKNO         18.0841 -> 18.1341
18425,3 fw Controll.static LEKCBKLAILO         18.1341 -> 18.1841
18431,6 fw Controll.static GIPNIMALPEG           0.113 -> 0.5803
18453,6 fw Controll.static GIPNIMALPEG          0.5803 -> 0.0213
18464,5 fw Controll.static IGLCENGMMMJ            21.9 -> 21.75
18468,6 fw Controll.static MKFDGFOCKNO         18.1341 -> 18.1841
18468,6 fw Controll.static LEKCBKLAILO         18.1841 -> 18.2341
18468,6 fw Controll.static OFJKHAFJIMA          0.0055 -> 0.0009
18484,4 fw Controll.static GIPNIMALPEG          0.0213 -> 0.6359
18484,4 fw Controll.static IGLCENGMMMJ           21.75 -> 21.6
18508,3 fw Controll.static GIPNIMALPEG          0.6359 -> 0.1145
18525,3 fw Controll.static MKFDGFOCKNO         18.1841 -> 18.2341
18525,3 fw Controll.static LEKCBKLAILO         18.2341 -> 18.2841
18525,3 fw Controll.static OFJKHAFJIMA          0.0009 -> 0.0055
18525,4 fw Controll        MJPKOOHJOPA         12.1681 -> 14.1621
18530,8 fw Controll.static MNHBPCOOMLE         1807694 -> 1809690
18530,8 fw Controll.static GIPNIMALPEG          0.1145 -> 0.5633
18542,0 fw Controll.static GLGCAOADGMN               0 -> 1
18556,3 fw Controll.static GIPNIMALPEG          0.5633 -> 0.0749
18569,1 fw Controll.static MKFDGFOCKNO         18.2341 -> 18.2841
18569,1 fw Controll.static LEKCBKLAILO         18.2841 -> 18.3341
18569,1 fw Controll.static OFJKHAFJIMA          0.0055 -> 0.0036
18579,5 fw Controll.static GIPNIMALPEG          0.0749 -> 0.538
18601,9 fw Controll.static GIPNIMALPEG           0.538 -> 0.9865
18614,1 fw Controll.static GLGCAOADGMN               1 -> 0
18617,9 fw Controll.static MKFDGFOCKNO         18.2841 -> 18.3341
18617,9 fw Controll.static LEKCBKLAILO         18.3341 -> 18.3841
18617,9 fw Controll.static OFJKHAFJIMA          0.0036 -> 0.0113
18630,1 fw Controll.static GIPNIMALPEG          0.9865 -> 0.5506
18650,4 fw Controll.static GIPNIMALPEG          0.5506 -> 0.9576
18668,4 fw Controll.static MKFDGFOCKNO         18.3341 -> 18.3841
18668,4 fw Controll.static LEKCBKLAILO         18.3841 -> 18.4341
18668,4 fw Controll.static OFJKHAFJIMA          0.0113 -> 0.0109
18679,7 fw Controll.static GIPNIMALPEG          0.9576 -> 0.5422
18684,9 fw player          LNIDBHIAJJI              15 -> 14
18701,3 fw Controll.static GIPNIMALPEG          0.5422 -> 0.9749
18716,3 fw Controll.static MKFDGFOCKNO         18.3841 -> 18.4341
18716,3 fw Controll.static LEKCBKLAILO         18.4341 -> 18.4841
18716,3 fw Controll.static OFJKHAFJIMA          0.0109 -> 0.0099
18730,5 fw Controll.static MNHBPCOOMLE         1809690 -> 1809896
18730,5 fw Controll.static GIPNIMALPEG          0.9749 -> 0.5569
18730,5 fw Controll        MJPKOOHJOPA         14.1621 -> 14.3687
18753,2 fw Controll.static GIPNIMALPEG          0.5569 -> 0.0105
18770,1 fw Controll.static MKFDGFOCKNO         18.4341 -> 18.4841
18770,1 fw Controll.static LEKCBKLAILO         18.4841 -> 18.5341
18770,1 fw Controll.static OFJKHAFJIMA          0.0099 -> 0.0003
18786,5 fw Controll.static GIPNIMALPEG          0.0105 -> 0.679
18814,6 fw Controll.static GIPNIMALPEG           0.679 -> 0.2389
18833,0 fw Controll.static MKFDGFOCKNO         18.4841 -> 18.5342
18833,1 fw Controll.static LEKCBKLAILO         18.5341 -> 18.5842
18833,1 fw Controll.static OFJKHAFJIMA          0.0003 -> 0.0117
18837,4 fw Controll.static GIPNIMALPEG          0.2389 -> 0.6962
18854,6 fw Controll.static MKFDGFOCKNO         18.5342 -> 18.5842
18854,6 fw Controll.static LEKCBKLAILO         18.5842 -> 18.6342
18854,6 fw Controll.static OFJKHAFJIMA          0.0117 -> 0.0018
18865,1 fw Controll.static GIPNIMALPEG          0.6962 -> 0.2513
18886,8 fw Controll.static GIPNIMALPEG          0.2513 -> 0.6839
18897,5 fw player          LBKINNIDKEC               1 -> 0
18913,4 fw Controll.static GIPNIMALPEG          0.6839 -> 0.2166
18930,0 fw Controll.static MKFDGFOCKNO         18.5842 -> 18.6342
18930,0 fw Controll.static LEKCBKLAILO         18.6342 -> 18.6842
18930,0 fw Controll.static OFJKHAFJIMA          0.0018 -> 0.0106
18934,7 fw Controll.static GIPNIMALPEG          0.2166 -> 0.6425
18963,6 fw Controll.static GIPNIMALPEG          0.6425 -> 0.2193
18980,0 fw Controll.static GLGCAOADGMN               0 -> 1
18980,0 fw Controll.static MKFDGFOCKNO         18.6342 -> 18.6842
18980,0 fw Controll.static LEKCBKLAILO         18.6842 -> 18.7342
18980,0 fw Controll.static OFJKHAFJIMA          0.0106 -> 0.0108
18980,0 fw Controll        MJPKOOHJOPA         14.3687 -> 14.6183
18985,1 fw Controll.static MNHBPCOOMLE         1809896 -> 1810145
18985,1 fw Controll.static GIPNIMALPEG          0.2193 -> 0.649
19012,6 fw Controll.static GIPNIMALPEG           0.649 -> 0.2002
19031,6 fw Controll.static GLGCAOADGMN               1 -> 0
19031,6 fw Controll.static MKFDGFOCKNO         18.6842 -> 18.7342
19031,6 fw Controll.static LEKCBKLAILO         18.7342 -> 18.7842
19031,6 fw Controll.static OFJKHAFJIMA          0.0108 -> 0.0098
19034,6 fw Controll.static GIPNIMALPEG          0.2002 -> 0.6392
19047,4 fw Controll.static NAKNALFCOIF           89.55 -> 89.7
19047,4 fw Controll.static IGLCENGMMMJ            21.6 -> 22.35
19063,4 fw Controll.static GIPNIMALPEG          0.6392 -> 0.2152
19078,9 fw Controll.static MKFDGFOCKNO         18.7342 -> 18.7842
19078,9 fw Controll.static LEKCBKLAILO         18.7842 -> 18.8342
19078,9 fw Controll.static OFJKHAFJIMA          0.0098 -> 0.0106
19095,3 fw Controll.static GIPNIMALPEG          0.2152 -> 0.8538
19112,3 fw Controll.static OFJKHAFJIMA          0.0106 -> 0.0096
19116,4 fw Controll.static GIPNIMALPEG          0.8538 -> 0.2763
19129,2 fw player          LNIDBHIAJJI              14 -> 15
19134,7 fw Controll.static MKFDGFOCKNO         18.7842 -> 18.8342
19134,7 fw Controll.static LEKCBKLAILO         18.8342 -> 18.8842
19147,2 fw Controll.static GIPNIMALPEG          0.2763 -> 0.8913
19165,5 fw player          LNIDBHIAJJI              15 -> 14
19165,5 fw Controll.static MKFDGFOCKNO         18.8342 -> 18.8842
19165,5 fw Controll.static LEKCBKLAILO         18.8842 -> 18.9342
19165,5 fw Controll.static OFJKHAFJIMA          0.0096 -> 0.0127
19168,6 fw Controll.static GIPNIMALPEG          0.8913 -> 0.319
19168,6 fw Controll.static IGLCENGMMMJ           22.35 -> 22.65
19195,1 fw Controll.static GIPNIMALPEG           0.319 -> 0.8495
19212,8 fw Controll.static MKFDGFOCKNO         18.8842 -> 18.9342
19212,8 fw Controll.static LEKCBKLAILO         18.9342 -> 18.9842
19212,8 fw Controll.static OFJKHAFJIMA          0.0127 -> 0.0101
19217,3 fw Controll.static GIPNIMALPEG          0.8495 -> 0.2944
19232,9 fw player          LNIDBHIAJJI              14 -> 15
19245,7 fw Controll.static GIPNIMALPEG          0.2944 -> 0.8621
19265,6 fw Controll.static GLGCAOADGMN               0 -> 1
19265,6 fw Controll.static MKFDGFOCKNO         18.9342 -> 18.9842
19265,6 fw Controll.static LEKCBKLAILO         18.9842 -> 19.0342
19265,6 fw Controll.static OFJKHAFJIMA          0.0101 -> 0.0129
19269,3 fw Controll.static MNHBPCOOMLE         1810145 -> 1810431
19269,3 fw Controll.static GIPNIMALPEG          0.8621 -> 0.332
19269,3 fw Controll        MJPKOOHJOPA         14.6183 -> 14.9013
19296,4 fw Controll.static GIPNIMALPEG           0.332 -> 0.8751
19311,7 fw Controll.static MKFDGFOCKNO         18.9842 -> 19.0342
19311,7 fw Controll.static LEKCBKLAILO         19.0342 -> 19.0842
19311,7 fw Controll.static OFJKHAFJIMA          0.0129 -> 0.0089
19316,2 fw Controll.static GIPNIMALPEG          0.8751 -> 0.2706
19329,1 fw Controll.static DGNDKAKOEPD         1809248 -> 1810278
19329,1 fw Controll.static BEJBLGGGOCC       339389444 -> 339390461
19329,1 fw Controll.static JELGPAKAJPE             128 -> 146
19329,1 fw Controll.static EENJPDHGGGC         18.0138 -> 19.0434
19345,1 fw Controll.static GIPNIMALPEG          0.2706 -> 0.85
19364,7 fw Controll.static MKFDGFOCKNO         19.0342 -> 19.0842
19364,7 fw Controll.static LEKCBKLAILO         19.0842 -> 19.1342
19364,7 fw Controll.static OFJKHAFJIMA          0.0089 -> 0.0118
19375,0 fw Controll.static GIPNIMALPEG            0.85 -> 0.4472
19413,4 fw Controll.static GIPNIMALPEG          0.4472 -> 0.216
19416,2 fw Controll.static GLGCAOADGMN               1 -> 0
19416,2 fw Controll.static MKFDGFOCKNO         19.0842 -> 19.1342
19416,2 fw Controll.static LEKCBKLAILO         19.1342 -> 19.1842
19429,4 fw Controll.static OFJKHAFJIMA          0.0118 -> 0.0105
19433,2 fw Controll.static GIPNIMALPEG           0.216 -> 0.6107
19461,7 fw Controll.static GIPNIMALPEG          0.6107 -> 0.1806
19477,9 fw Controll.static MKFDGFOCKNO         19.1342 -> 19.1842
19477,9 fw Controll.static LEKCBKLAILO         19.1842 -> 19.2342
19478,0 fw Controll.static OFJKHAFJIMA          0.0105 -> 0.0088
19482,3 fw Controll.static GIPNIMALPEG          0.1806 -> 0.593
19511,7 fw Controll.static GIPNIMALPEG           0.593 -> 0.1805
19528,4 fw Controll.static MKFDGFOCKNO         19.1842 -> 19.2342
19528,4 fw Controll.static LEKCBKLAILO         19.2342 -> 19.2842
19532,3 fw Controll.static GIPNIMALPEG          0.1805 -> 0.5938
19561,7 fw Controll.static GIPNIMALPEG          0.5938 -> 0.1819
19577,4 fw Controll.static MKFDGFOCKNO         19.2342 -> 19.2842
19577,5 fw Controll.static LEKCBKLAILO         19.2842 -> 19.3342
19583,2 fw Controll.static GIPNIMALPEG          0.1819 -> 0.6122
19611,4 fw Controll.static GIPNIMALPEG          0.6122 -> 0.1748
19627,8 fw Controll.static MKFDGFOCKNO         19.2842 -> 19.3342
19627,8 fw Controll.static LEKCBKLAILO         19.3342 -> 19.3842
19627,8 fw Controll.static OFJKHAFJIMA          0.0088 -> 0.0086
19631,6 fw Controll.static GIPNIMALPEG          0.1748 -> 0.5784
19661,5 fw Controll.static GIPNIMALPEG          0.5784 -> 0.1768
19677,4 fw Controll.static MKFDGFOCKNO         19.3342 -> 19.3842
19677,4 fw Controll.static LEKCBKLAILO         19.3842 -> 19.4342
19681,8 fw Controll.static GIPNIMALPEG          0.1768 -> 0.582
19713,2 fw Controll.static FBINCNDDPAO         12.1047 -> 15.0506
19713,2 fw Controll.static ILGHFLMKMCO         13.5096 -> 17.0506
19713,2 fw Controll.static JADIDAJFOGK            0.42 -> 0.27
19716,9 fw player          LNIDBHIAJJI              15 -> 16
19716,9 fw Controll.static GIPNIMALPEG           0.582 -> 0.2857
19728,9 fw Controll.static DJACNOGOCKD               0 -> 1
19729,0 fw Controll.static MKFDGFOCKNO         19.3842 -> 19.4342
19729,0 fw Controll.static LEKCBKLAILO         19.4342 -> 19.4842
19733,5 fw Controll.static OFJKHAFJIMA          0.0086 -> 0.0104
19744,1 fw Controll.static GIPNIMALPEG          0.2857 -> 0.8288
19760,7 fw Controll.static MKFDGFOCKNO         19.4342 -> 19.4842
19760,7 fw Controll.static LEKCBKLAILO         19.4842 -> 19.5342
19760,7 fw Controll.static OFJKHAFJIMA          0.0104 -> 0.0077
19765,6 fw Controll.static GIPNIMALPEG          0.8288 -> 0.2587
19793,5 fw Controll.static GIPNIMALPEG          0.2587 -> 0.8169
19812,2 fw Controll.static MKFDGFOCKNO         19.4842 -> 19.5342
19812,2 fw Controll.static LEKCBKLAILO         19.5342 -> 19.5842
19812,2 fw Controll.static OFJKHAFJIMA          0.0077 -> 0.0088
19816,1 fw Controll.static GIPNIMALPEG          0.8169 -> 0.2694
19844,2 fw Controll.static GIPNIMALPEG          0.2694 -> 0.8301
19860,0 fw Controll.static MKFDGFOCKNO         19.5342 -> 19.5842
19860,0 fw Controll.static LEKCBKLAILO         19.5842 -> 19.6342
19860,0 fw Controll.static OFJKHAFJIMA          0.0088 -> 0.0071
19864,8 fw Controll.static GIPNIMALPEG          0.8301 -> 0.2431
19894,4 fw Controll.static GIPNIMALPEG          0.2431 -> 0.8359
19910,6 fw Controll.static MKFDGFOCKNO         19.5842 -> 19.6342
19910,6 fw Controll.static LEKCBKLAILO         19.6342 -> 19.6842
19910,6 fw Controll.static OFJKHAFJIMA          0.0071 -> 0.0077
19913,7 fw Controll.static GIPNIMALPEG          0.8359 -> 0.2219
19943,4 fw Controll.static GIPNIMALPEG          0.2219 -> 0.8147
19960,1 fw Controll.static MKFDGFOCKNO         19.6342 -> 19.6842
19960,1 fw Controll.static LEKCBKLAILO         19.6842 -> 19.7342
19960,1 fw Controll.static OFJKHAFJIMA          0.0077 -> 0.0072
19965,2 fw Controll.static GIPNIMALPEG          0.8147 -> 0.2519
19994,0 fw Controll.static GIPNIMALPEG          0.2519 -> 0.8249
20010,8 fw Controll.static MKFDGFOCKNO         19.6842 -> 19.7342
20010,8 fw Controll.static LEKCBKLAILO         19.7342 -> 19.7842
20010,8 fw Controll.static OFJKHAFJIMA          0.0072 -> 0.0079
20026,2 fw Controll.static GIPNIMALPEG          0.8249 -> 0.4698
20048,3 fw Controll.static GIPNIMALPEG          0.4698 -> 0.9125
20064,5 fw Controll.static MKFDGFOCKNO         19.7342 -> 19.7842
20064,5 fw Controll.static LEKCBKLAILO         19.7842 -> 19.8342
20064,5 fw Controll.static OFJKHAFJIMA          0.0079 -> 0.0072
20076,0 # net: TcpClient.Connected = True
20076,0 fw Controll.static GIPNIMALPEG          0.9125 -> 0.4654
20097,2 fw Controll.static GIPNIMALPEG          0.4654 -> 0.8908
20114,2 fw Controll.static MKFDGFOCKNO         19.7842 -> 19.8342
20114,2 fw Controll.static LEKCBKLAILO         19.8342 -> 19.8842
20114,2 fw Controll.static OFJKHAFJIMA          0.0072 -> 0.0075
20126,2 fw Controll.static GIPNIMALPEG          0.8908 -> 0.4711
20145,7 fw Controll.static GIPNIMALPEG          0.4711 -> 0.8608
20160,4 fw Controll.static MKFDGFOCKNO         19.8342 -> 19.8842
20160,4 fw Controll.static LEKCBKLAILO         19.8842 -> 19.9342
20166,5 fw Controll.static GIPNIMALPEG          0.8608 -> 0.2759
20192,9 fw Controll.static GIPNIMALPEG          0.2759 -> 0.8035
20209,2 fw Controll.static MKFDGFOCKNO         19.8842 -> 19.9343
20209,2 fw Controll.static LEKCBKLAILO         19.9342 -> 19.9843
20209,2 fw Controll.static OFJKHAFJIMA          0.0075 -> 0.0063
20212,3 fw Controll.static GIPNIMALPEG          0.8035 -> 0.192
20239,2 fw Controll.static GIPNIMALPEG           0.192 -> 0.7303
20245,6 fw Controll.static NAKNALFCOIF            89.7 -> 89.55
20245,6 fw Controll.static IGLCENGMMMJ           22.65 -> 22.5
20253,4 fw Controll.static MKFDGFOCKNO         19.9343 -> 19.9843
20253,4 fw Controll.static LEKCBKLAILO         19.9843 -> 20.0343
20253,5 fw Controll.static OFJKHAFJIMA          0.0063 -> 0.0006
20260,2 fw Controll.static GIPNIMALPEG          0.7303 -> 0.1502
20282,4 fw Controll.static GIPNIMALPEG          0.1502 -> 0.5933
20312,7 fw Controll.static GIPNIMALPEG          0.5933 -> 0.1994
20325,5 fw Controll.static MKFDGFOCKNO         19.9843 -> 20.0343
20325,5 fw Controll.static LEKCBKLAILO         20.0343 -> 20.0843
20329,5 fw Controll.static OFJKHAFJIMA          0.0006 -> 0.0067
20342,6 fw Controll.static GIPNIMALPEG          0.1994 -> 0.7971
20342,7 fw Controll.static DGNDKAKOEPD         1810278 -> 1811292
20342,7 fw Controll.static BEJBLGGGOCC       339390461 -> 339391466
20342,7 fw Controll.static JELGPAKAJPE             146 -> 165
20342,7 fw Controll.static EENJPDHGGGC         19.0434 -> 20.0573
20358,6 fw Controll.static MKFDGFOCKNO         20.0343 -> 20.0843
20358,6 fw Controll.static LEKCBKLAILO         20.0843 -> 20.1343
20358,6 fw Controll.static OFJKHAFJIMA          0.0067 -> 0.0057
20362,5 fw Controll.static GIPNIMALPEG          0.7971 -> 0.1967
20386,6 fw Controll.static GIPNIMALPEG          0.1967 -> 0.6785
20409,4 fw Controll.static GIPNIMALPEG          0.6785 -> 0.1342
20425,2 fw Controll.static MKFDGFOCKNO         20.0843 -> 20.1343
20425,2 fw Controll.static LEKCBKLAILO         20.1343 -> 20.1843
20425,2 fw Controll.static OFJKHAFJIMA          0.0057 -> 0.0065
20428,9 fw Controll.static GIPNIMALPEG          0.1342 -> 0.524
20458,4 fw Controll.static GIPNIMALPEG           0.524 -> 0.1146
20475,2 fw Controll.static MKFDGFOCKNO         20.1343 -> 20.1843
20475,2 fw Controll.static LEKCBKLAILO         20.1843 -> 20.2343
20475,2 fw Controll.static OFJKHAFJIMA          0.0065 -> 0.0055
20478,3 fw Controll.static GIPNIMALPEG          0.1146 -> 0.5131
20505,4 fw Controll.static GIPNIMALPEG          0.5131 -> 0.0518
20519,6 fw Controll.static MKFDGFOCKNO         20.1843 -> 20.2343
20519,6 fw Controll.static LEKCBKLAILO         20.2343 -> 20.2843
20519,6 fw Controll.static OFJKHAFJIMA          0.0055 -> 0.0023
20527,5 fw Controll.static GIPNIMALPEG          0.0518 -> 0.4958
20533,1 fw Controll.static IGLCENGMMMJ            22.5 -> 22.35
20546,6 fw Controll.static GIPNIMALPEG          0.4958 -> 0.8773
20563,6 fw Controll.static MKFDGFOCKNO         20.2343 -> 20.2843
20563,6 fw Controll.static LEKCBKLAILO         20.2843 -> 20.3343
20563,6 fw Controll.static OFJKHAFJIMA          0.0023 -> 0.0058
20575,4 fw Controll.static GIPNIMALPEG          0.8773 -> 0.4544
20603,1 fw Controll.static GIPNIMALPEG          0.4544 -> 0.0083
20609,6 fw Controll.static MKFDGFOCKNO         20.2843 -> 20.3343
20609,6 fw Controll.static LEKCBKLAILO         20.3343 -> 20.3843
20618,9 fw Controll.static OFJKHAFJIMA          0.0058 -> 0.0001
20626,4 fw Controll.static GIPNIMALPEG          0.0083 -> 0.4737
20646,5 fw Controll.static GIPNIMALPEG          0.4737 -> 0.8762
20661,9 fw Controll.static MKFDGFOCKNO         20.3343 -> 20.3843
20661,9 fw Controll.static LEKCBKLAILO         20.3843 -> 20.4343
20661,9 fw Controll.static OFJKHAFJIMA          0.0001 -> 0.0022
20668,9 fw Controll.static GIPNIMALPEG          0.8762 -> 0.3237
20691,0 fw Controll.static GIPNIMALPEG          0.3237 -> 0.7649
20705,0 fw Controll.static MKFDGFOCKNO         20.3843 -> 20.4343
20705,0 fw Controll.static LEKCBKLAILO         20.4343 -> 20.4843
20705,0 fw Controll.static OFJKHAFJIMA          0.0022 -> 0.0018
20710,4 fw Controll.static GIPNIMALPEG          0.7649 -> 0.1526
20734,1 fw Controll.static GIPNIMALPEG          0.1526 -> 0.6272
20757,4 fw Controll.static GIPNIMALPEG          0.6272 -> 0.0936
20774,0 fw Controll.static MKFDGFOCKNO         20.4343 -> 20.4843
20774,0 fw Controll.static LEKCBKLAILO         20.4843 -> 20.5343
20774,0 fw Controll.static OFJKHAFJIMA          0.0018 -> 0.0045
20777,9 fw Controll.static GIPNIMALPEG          0.0936 -> 0.5024
20805,2 fw Controll.static GIPNIMALPEG          0.5024 -> 0.0491
20819,3 fw player          LNIDBHIAJJI              16 -> 15
20819,3 fw Controll.static MKFDGFOCKNO         20.4843 -> 20.5343
20819,3 fw Controll.static LEKCBKLAILO         20.5343 -> 20.5843
20819,3 fw Controll.static OFJKHAFJIMA          0.0045 -> 0.002
20825,8 fw Controll.static GIPNIMALPEG          0.0491 -> 0.4607
20845,9 fw Controll.static GIPNIMALPEG          0.4607 -> 0.8634
20862,0 fw Controll.static MKFDGFOCKNO         20.5343 -> 20.5843
20862,0 fw Controll.static LEKCBKLAILO         20.5843 -> 20.6343
20862,0 fw Controll.static OFJKHAFJIMA           0.002 -> 0.005
20877,2 fw Controll.static GIPNIMALPEG          0.8634 -> 0.4892
20902,3 fw Controll.static GIPNIMALPEG          0.4892 -> 0.9904
20916,5 fw Controll.static MKFDGFOCKNO         20.5843 -> 20.6343
20916,5 fw Controll.static LEKCBKLAILO         20.6343 -> 20.6843
20916,5 fw Controll.static OFJKHAFJIMA           0.005 -> 0.0059
20925,0 fw Controll.static GIPNIMALPEG          0.9904 -> 0.4458
20944,8 fw Controll.static GIPNIMALPEG          0.4458 -> 0.842
20959,6 fw Controll.static MKFDGFOCKNO         20.6343 -> 20.6843
20959,6 fw Controll.static LEKCBKLAILO         20.6843 -> 20.7343
20959,6 fw Controll.static OFJKHAFJIMA          0.0059 -> 0.0009
20969,0 fw Controll.static GIPNIMALPEG           0.842 -> 0.3248
20969,0 fw Controll.static IGLCENGMMMJ           22.35 -> 22.2
20992,0 fw Controll.static GIPNIMALPEG          0.3248 -> 0.7852
21000,3 fw Controll.static IGLCENGMMMJ            22.2 -> 21.3
21007,9 fw Controll.static MKFDGFOCKNO         20.6843 -> 20.7343
21007,9 fw Controll.static LEKCBKLAILO         20.7343 -> 20.7843
21007,9 fw Controll.static OFJKHAFJIMA          0.0009 -> 0.005
21014,7 fw Controll.static GIPNIMALPEG          0.7852 -> 0.2381
21024,0 fw Controll.static NAKNALFCOIF           89.55 -> 89.1
21024,0 fw Controll.static IGLCENGMMMJ            21.3 -> 20.7
21039,8 fw Controll.static GIPNIMALPEG          0.2381 -> 0.7417
21044,5 fw Controll.static IGLCENGMMMJ            20.7 -> 20.55
21057,1 fw Controll.static MKFDGFOCKNO         20.7343 -> 20.7843
21057,1 fw Controll.static LEKCBKLAILO         20.7843 -> 20.8343
21057,1 fw Controll.static OFJKHAFJIMA           0.005 -> 0.0041
21061,4 fw Controll.static GIPNIMALPEG          0.7417 -> 0.1726
21087,1 fw Controll.static GIPNIMALPEG          0.1726 -> 0.6861
21108,6 fw Controll.static GIPNIMALPEG          0.6861 -> 0.1156
21124,6 fw Controll.static MKFDGFOCKNO         20.7843 -> 20.8343
21124,6 fw Controll.static LEKCBKLAILO         20.8343 -> 20.8843
21124,6 fw Controll.static OFJKHAFJIMA          0.0041 -> 0.0055
21128,7 fw Controll.static GIPNIMALPEG          0.1156 -> 0.5182
21160,1 fw Controll.static GIPNIMALPEG          0.5182 -> 0.1468
21174,5 fw Controll.static MKFDGFOCKNO         20.8343 -> 20.8843
21174,5 fw Controll.static LEKCBKLAILO         20.8843 -> 20.9343
21178,3 fw Controll.static OFJKHAFJIMA          0.0055 -> 0.0038
21190,1 fw Controll.static GIPNIMALPEG          0.1468 -> 0.7467
21194,3 fw player          LNIDBHIAJJI              15 -> 14
21207,1 fw Controll.static MKFDGFOCKNO         20.8843 -> 20.9343
21207,2 fw Controll.static LEKCBKLAILO         20.9343 -> 20.9843
21207,2 fw Controll.static OFJKHAFJIMA          0.0038 -> 0.0042
21211,8 fw Controll.static GIPNIMALPEG          0.7467 -> 0.1809
21239,9 fw Controll.static GIPNIMALPEG          0.1809 -> 0.7421
21256,4 fw Controll.static MKFDGFOCKNO         20.9343 -> 20.9843
21256,4 fw Controll.static LEKCBKLAILO         20.9843 -> 21.0343
21256,4 fw Controll.static OFJKHAFJIMA          0.0042 -> 0.0034
21259,6 fw Controll.static GIPNIMALPEG          0.7421 -> 0.1371
21291,2 fw Controll.static GIPNIMALPEG          0.1371 -> 0.7691
21309,0 fw Controll.static MKFDGFOCKNO         20.9843 -> 21.0343
21309,0 fw Controll.static LEKCBKLAILO         21.0343 -> 21.0843
21309,0 fw Controll.static OFJKHAFJIMA          0.0034 -> 0.006
21312,5 fw Controll.static GIPNIMALPEG          0.7691 -> 0.1949
21324,5 fw Controll.static DGNDKAKOEPD         1811292 -> 1812279
21324,5 fw Controll.static BEJBLGGGOCC       339391466 -> 339392458
21324,5 fw Controll.static JELGPAKAJPE             165 -> 156
21324,5 fw Controll.static EENJPDHGGGC         20.0573 -> 21.0443
21338,9 fw Controll.static GIPNIMALPEG          0.1949 -> 0.7221
21358,6 fw Controll.static GIPNIMALPEG          0.7221 -> 0.1146
21373,7 fw Controll.static MKFDGFOCKNO         21.0343 -> 21.0843
21373,7 fw Controll.static LEKCBKLAILO         21.0843 -> 21.1343
21373,7 fw Controll.static OFJKHAFJIMA           0.006 -> 0.0055
21382,1 fw Controll.static GIPNIMALPEG          0.1146 -> 0.5867
21402,8 fw Controll.static GIPNIMALPEG          0.5867 -> 0.9992
21416,5 fw Controll.static MKFDGFOCKNO         21.0843 -> 21.1343
21416,5 fw Controll.static LEKCBKLAILO         21.1343 -> 21.1843
21416,5 fw Controll.static OFJKHAFJIMA          0.0055 -> 0.0057
21424,9 fw Controll.static GIPNIMALPEG          0.9992 -> 0.4424
21456,2 fw Controll.static GIPNIMALPEG          0.4424 -> 0.0677
21459,5 fw Controll.static MKFDGFOCKNO         21.1343 -> 21.1843
21459,5 fw Controll.static LEKCBKLAILO         21.1843 -> 21.2343
21474,2 fw Controll.static OFJKHAFJIMA          0.0057 -> 0.0032
21478,1 fw Controll.static GIPNIMALPEG          0.0677 -> 0.5075
21506,8 fw Controll.static GIPNIMALPEG          0.5075 -> 0.0797
21523,0 fw Controll.static MKFDGFOCKNO         21.1843 -> 21.2344
21523,0 fw Controll.static LEKCBKLAILO         21.2343 -> 21.2844
21523,0 fw Controll.static OFJKHAFJIMA          0.0032 -> 0.0037
21526,9 fw Controll.static GIPNIMALPEG          0.0797 -> 0.4826
21555,4 fw Controll.static GIPNIMALPEG          0.4826 -> 0.0514
21572,9 fw Controll.static MKFDGFOCKNO         21.2344 -> 21.2844
21572,9 fw Controll.static LEKCBKLAILO         21.2844 -> 21.3344
21573,0 fw Controll.static OFJKHAFJIMA          0.0037 -> 0.0024
21575,7 fw Controll.static GIPNIMALPEG          0.0514 -> 0.4592
21606,2 fw Controll.static GIPNIMALPEG          0.4592 -> 0.068
21622,7 fw Controll.static MKFDGFOCKNO         21.2844 -> 21.3344
21622,7 fw Controll.static LEKCBKLAILO         21.3344 -> 21.3844
21622,7 fw Controll.static OFJKHAFJIMA          0.0024 -> 0.0032
21625,5 fw Controll.static GIPNIMALPEG           0.068 -> 0.4547
21652,5 fw Controll.static GIPNIMALPEG          0.4547 -> 0.9945
21669,4 fw Controll.static MKFDGFOCKNO         21.3344 -> 21.3844
21669,4 fw Controll.static LEKCBKLAILO         21.3844 -> 21.4344
21669,4 fw Controll.static OFJKHAFJIMA          0.0032 -> 0.0063
21675,5 fw Controll.static GIPNIMALPEG          0.9945 -> 0.4541
21706,5 fw Controll.static GIPNIMALPEG          0.4541 -> 0.0734
21723,7 fw Controll.static DJACNOGOCKD               1 -> 0
21723,7 fw Controll.static MKFDGFOCKNO         21.3844 -> 21.4344
21723,7 fw Controll.static LEKCBKLAILO         21.4344 -> 21.4844
21723,7 fw Controll.static OFJKHAFJIMA          0.0063 -> 0.0034
21728,7 fw Controll.static GIPNIMALPEG          0.0734 -> 0.518
21760,1 fw Controll.static GIPNIMALPEG           0.518 -> 0.1459
21772,3 fw Controll.static MKFDGFOCKNO         21.4344 -> 21.4844
21772,3 fw Controll.static LEKCBKLAILO         21.4844 -> 21.5344
21775,4 fw Controll.static OFJKHAFJIMA          0.0034 -> 0.0024
21789,4 fw Controll.static GIPNIMALPEG          0.1459 -> 0.732
21806,5 fw Controll.static MKFDGFOCKNO         21.4844 -> 21.5344
21806,5 fw Controll.static LEKCBKLAILO         21.5344 -> 21.5844
21806,5 fw Controll.static OFJKHAFJIMA          0.0024 -> 0.0035
21810,1 fw Controll.static GIPNIMALPEG           0.732 -> 0.1457
21838,2 fw Controll.static GIPNIMALPEG          0.1457 -> 0.7076
21855,4 fw Controll.static MKFDGFOCKNO         21.5344 -> 21.5844
21855,4 fw Controll.static LEKCBKLAILO         21.5844 -> 21.6344
21855,4 fw Controll.static OFJKHAFJIMA          0.0035 -> 0.0023
21859,1 fw Controll.static GIPNIMALPEG          0.7076 -> 0.1253
21888,6 fw Controll.static GIPNIMALPEG          0.1253 -> 0.7153
21905,5 fw Controll.static MKFDGFOCKNO         21.5844 -> 21.6344
21905,5 fw Controll.static LEKCBKLAILO         21.6344 -> 21.6844
21905,5 fw Controll.static OFJKHAFJIMA          0.0023 -> 0.0025
21908,7 fw Controll.static GIPNIMALPEG          0.7153 -> 0.1177
21938,4 fw Controll.static GIPNIMALPEG          0.1177 -> 0.7115
21954,3 fw Controll.static MKFDGFOCKNO         21.6344 -> 21.6844
21954,3 fw Controll.static LEKCBKLAILO         21.6844 -> 21.7344
21954,3 fw Controll.static OFJKHAFJIMA          0.0025 -> 0.0013
21959,3 fw Controll.static GIPNIMALPEG          0.7115 -> 0.1285
21988,7 fw Controll.static GIPNIMALPEG          0.1285 -> 0.7169
22006,0 fw Controll.static MKFDGFOCKNO         21.6844 -> 21.7344
22006,0 fw Controll.static LEKCBKLAILO         21.7344 -> 21.7844
22006,1 fw Controll.static OFJKHAFJIMA          0.0013 -> 0.003
22009,7 fw Controll.static GIPNIMALPEG          0.7169 -> 0.1371
22037,2 fw Controll.static GIPNIMALPEG          0.1371 -> 0.6874
22054,6 fw Controll.static MKFDGFOCKNO         21.7344 -> 21.7844
22054,6 fw Controll.static LEKCBKLAILO         21.7844 -> 21.8344
22054,6 fw Controll.static OFJKHAFJIMA           0.003 -> 0.0015
22072,1 fw Controll.static GIPNIMALPEG          0.6874 -> 0.3847
22091,9 fw Controll.static GIPNIMALPEG          0.3847 -> 0.7823
22108,1 fw Controll.static MKFDGFOCKNO         21.7844 -> 21.8344
22108,1 fw Controll.static LEKCBKLAILO         21.8344 -> 21.8844
22122,2 fw Controll.static GIPNIMALPEG          0.7823 -> 0.3859
22137,6 ==== FIELDWATCH OFF ====
