# Blockpost room-protocol capture, started 2026-08-23 02:54:08
# tx: <ms> tx hdr=0xNN op=0xNN <name> : <fields>    rx: <ms> rx len=N <hex>

25119,5 ==== CAPTURE ON ====
25124,7 # net: TcpClient.Connected = True
25160,9 tx hdr=0xF5 op=0x2D MOVE(x,y,z,rx,ry,state,tick) : 17,5 1 62,5 -0 180,45 b0 i297882720
25217,5 tx hdr=0xF5 op=0x2D MOVE(x,y,z,rx,ry,state,tick) : 17,5 1 62,5 -0 180,45 b0 i297882776
25260,2 tx hdr=0xF5 op=0x2D MOVE(x,y,z,rx,ry,state,tick) : 17,5 1 62,5 -0 180,45 b0 i297882819
25307,8 tx hdr=0xF5 op=0x2D MOVE(x,y,z,rx,ry,state,tick) : 17,5 1 62,5 -0 180,45 b0 i297882867
25367,2 tx hdr=0xF5 op=0x2D MOVE(x,y,z,rx,ry,state,tick) : 17,5 1 62,5 -0 180,45 b0 i297882926
25410,5 tx hdr=0xF5 op=0x2D MOVE(x,y,z,rx,ry,state,tick) : 17,5 1 62,5 -0 180,45 b0 i297882969
25459,9 tx hdr=0xF5 op=0x2D MOVE(x,y,z,rx,ry,state,tick) : 17,5 1 62,5 -0 180,45 b0 i297883019
25511,0 tx hdr=0xF5 op=0x2D MOVE(x,y,z,rx,ry,state,tick) : 17,5 1 62,5 -0 180,45 b0 i297883070
25561,1 tx hdr=0xF5 op=0x2D MOVE(x,y,z,rx,ry,state,tick) : 17,5 1 62,5 -0 180,45 b0 i297883120
25613,4 tx hdr=0xF5 op=0x2D MOVE(x,y,z,rx,ry,state,tick) : 17,5 1 62,5 -0 180,6 b0 i297883172
25662,6 tx hdr=0xF5 op=0x2D MOVE(x,y,z,rx,ry,state,tick) : 17,5 1 62,5 0,6 182,55 b0 i297883221
25712,9 tx hdr=0xF5 op=0x2D MOVE(x,y,z,rx,ry,state,tick) : 17,5 1 62,5 2,85 187,95 b0 i297883272
25760,0 tx hdr=0xF5 op=0x2D MOVE(x,y,z,rx,ry,state,tick) : 17,5 1 62,5 5,4 195,75 b0 i297883319
25812,7 tx hdr=0xF5 op=0x2D MOVE(x,y,z,rx,ry,state,tick) : 17,5 1 62,5 6,6 202,35 b0 i297883371
25867,8 tx hdr=0xF5 op=0x2D MOVE(x,y,z,rx,ry,state,tick) : 17,5 1 62,5 7,2 210,15 b0 i297883427
25915,1 tx hdr=0xF5 op=0x2D MOVE(x,y,z,rx,ry,state,tick) : 17,5 1 62,5 6,9 214,8 b0 i297883474
25959,0 tx hdr=0xF5 op=0x2D MOVE(x,y,z,rx,ry,state,tick) : 17,5 1 62,5 5,7 217,8 b0 i297883517
26010,3 tx hdr=0xF5 op=0x2D MOVE(x,y,z,rx,ry,state,tick) : 17,5 1 62,5 4,95 219,15 b0 i297883568
26066,0 tx hdr=0xF5 op=0x2D MOVE(x,y,z,rx,ry,state,tick) : 17,5 1 62,5 4,35 220,2 b0 i297883624
26112,3 tx hdr=0xF5 op=0x2D MOVE(x,y,z,rx,ry,state,tick) : 17,5 1 62,5 3,9 220,35 b0 i297883670
26167,6 tx hdr=0xF5 op=0x2D MOVE(x,y,z,rx,ry,state,tick) : 17,5 1 62,5 3,3 220,5 b0 i297883726
26209,4 tx hdr=0xF5 op=0x2D MOVE(x,y,z,rx,ry,state,tick) : 17,5 1 62,5 3 220,5 b0 i297883767
26261,7 tx hdr=0xF5 op=0x2D MOVE(x,y,z,rx,ry,state,tick) : 17,5 1 62,5 2,25 220,2 b0 i297883820
26311,0 tx hdr=0xF5 op=0x2D MOVE(x,y,z,rx,ry,state,tick) : 17,5 1 62,5 2,25 220,2 b0 i297883869
26394,0 tx hdr=0xF5 op=0x2D MOVE(x,y,z,rx,ry,state,tick) : 17,5 1 62,5 0,961 218,029 b0 i297883952
26399,0 tx hdr=0xF5 op=0x04 HIT_REPORT(pos,seq,hits[]) : 17,5 3,4 62,5 i297883957 b2 b1 2,228 3,561 43,062
26419,1 tx hdr=0xF5 op=0x2D MOVE(x,y,z,rx,ry,state,tick) : 17,5 1 62,5 0,725 218,029 b0 i297883977
26461,2 tx hdr=0xF5 op=0x2D MOVE(x,y,z,rx,ry,state,tick) : 17,5 1 62,5 0,751 218,029 b0 i297884019
26488,4 tx hdr=0xF5 op=0x04 HIT_REPORT(pos,seq,hits[]) : 17,5 3,4 62,5 i297884046 b2 b0 2,613 2,727 42,744
26515,4 tx hdr=0xF5 op=0x2D MOVE(x,y,z,rx,ry,state,tick) : 17,5 1 62,5 0,402 217,879 b0 i297884073
26558,3 tx hdr=0xF5 op=0x2D MOVE(x,y,z,rx,ry,state,tick) : 17,5 1 62,5 0,606 218,029 b0 i297884116
26611,6 tx hdr=0xF5 op=0x2D MOVE(x,y,z,rx,ry,state,tick) : 17,5 1 62,5 0,673 218,029 b0 i297884170
26619,1 tx hdr=0xF5 op=0x04 HIT_REPORT(pos,seq,hits[]) : 17,5 3,4 62,5 i297884177 b2 b1 2,49 3,043 42,875
26660,6 tx hdr=0xF5 op=0x2D MOVE(x,y,z,rx,ry,state,tick) : 17,5 1 62,5 0,511 218,029 b0 i297884219
26709,4 tx hdr=0xF5 op=0x2D MOVE(x,y,z,rx,ry,state,tick) : 17,5 1 62,5 0,604 218,029 b0 i297884267
26740,5 tx hdr=0xF5 op=0x04 HIT_REPORT(pos,seq,hits[]) : 17,5 3,4 62,5 i297884298 b2 b0 2,236 2,878 42,945
26764,2 tx hdr=0xF5 op=0x2D MOVE(x,y,z,rx,ry,state,tick) : 17,5 1 62,5 0,47 218,029 b0 i297884322
26809,6 tx hdr=0xF5 op=0x2D MOVE(x,y,z,rx,ry,state,tick) : 17,5 1 62,5 0,578 218,029 b0 i297884368
26861,4 tx hdr=0xF5 op=0x04 HIT_REPORT(pos,seq,hits[]) : 17,5 3,4 62,5 i297884419 b2 b0 2,234 2,672 43,428
26861,6 tx hdr=0xF5 op=0x2D MOVE(x,y,z,rx,ry,state,tick) : 17,5 1 62,5 0,673 218,029 b0 i297884420
26912,9 tx hdr=0xF5 op=0x2D MOVE(x,y,z,rx,ry,state,tick) : 17,5 1 62,5 0,538 218,029 b0 i297884471
26958,2 tx hdr=0xF5 op=0x2D MOVE(x,y,z,rx,ry,state,tick) : 17,5 1 62,5 0,621 218,029 b0 i297884516
26986,0 tx hdr=0xF5 op=0x06 int3/6 : s0 s3 s42
26986,2 tx hdr=0xF5 op=0x04 HIT_REPORT(pos,seq,hits[]) :
27012,4 tx hdr=0xF5 op=0x2D MOVE(x,y,z,rx,ry,state,tick) : 17,5 1 62,5 0,491 218,029 b0 i297884566
27060,5 tx hdr=0xF5 op=0x2D MOVE(x,y,z,rx,ry,state,tick) : 17,5 1 62,5 0,582 218,029 b0 i297884614
27113,9 tx hdr=0xF5 op=0x06 int3/6 : s0 s3 s42
27114,1 tx hdr=0xF5 op=0x04 HIT_REPORT(pos,seq,hits[]) :
27114,2 tx hdr=0xF5 op=0x2D MOVE(x,y,z,rx,ry,state,tick) : 17,5 1 62,5 0,682 218,029 b0 i297884668
27160,9 tx hdr=0xF5 op=0x2D MOVE(x,y,z,rx,ry,state,tick) : 17,5 1 62,5 0,537 218,029 b0 i297884715
27209,4 tx hdr=0xF5 op=0x2D MOVE(x,y,z,rx,ry,state,tick) : 17,5 1 62,5 0,63 218,029 b0 i297884763
27237,3 tx hdr=0xF5 op=0x04 HIT_REPORT(pos,seq,hits[]) : 17,5 3,4 62,5 i297884791 b2 b0 2,647 2,596 43,266
27265,4 tx hdr=0xF5 op=0x2D MOVE(x,y,z,rx,ry,state,tick) : 17,67 1 62,367 0,499 218,029 b8 i297884819
27313,3 tx hdr=0xF5 op=0x2D MOVE(x,y,z,rx,ry,state,tick) : 17,797 1 62,072 0,605 218,512 b9 i297884867
27362,3 tx hdr=0xF5 op=0x2D MOVE(x,y,z,rx,ry,state,tick) : 17,897 1 61,681 0,698 218,585 b9 i297884916
27412,0 tx hdr=0xF5 op=0x2D MOVE(x,y,z,rx,ry,state,tick) : 17,981 1 61,232 0,776 218,585 b9 i297884966
27463,9 tx hdr=0xF5 op=0x2D MOVE(x,y,z,rx,ry,state,tick) : 18,053 1 60,747 0,838 219,335 b9 i297885018
27508,0 tx hdr=0xF5 op=0x2D MOVE(x,y,z,rx,ry,state,tick) : 18,115 1 60,241 0,896 219,785 b9 i297885062
27568,0 tx hdr=0xF5 op=0x2D MOVE(x,y,z,rx,ry,state,tick) : 18,012 1 59,774 0,935 220,835 b1 i297885122
27613,7 tx hdr=0xF5 op=0x2D MOVE(x,y,z,rx,ry,state,tick) : 17,807 1 59,332 0,964 221,435 b1 i297885168
27658,4 tx hdr=0xF5 op=0x2D MOVE(x,y,z,rx,ry,state,tick) : 17,539 1 58,906 0,978 221,885 b1 i297885212
27710,6 tx hdr=0xF5 op=0x2D MOVE(x,y,z,rx,ry,state,tick) : 17,235 1 58,49 0,978 221,885 b1 i297885265
27764,9 tx hdr=0xF5 op=0x2D MOVE(x,y,z,rx,ry,state,tick) : 16,908 1 58,079 0,978 221,885 b1 i297885319
27811,7 tx hdr=0xF5 op=0x2D MOVE(x,y,z,rx,ry,state,tick) : 16,567 1 57,672 0,978 221,885 b1 i297885366
27858,1 tx hdr=0xF5 op=0x2D MOVE(x,y,z,rx,ry,state,tick) : 16,219 1 57,267 0,978 221,885 b1 i297885412
27911,5 tx hdr=0xF5 op=0x2D MOVE(x,y,z,rx,ry,state,tick) : 15,866 1 56,862 0,978 221,735 b1 i297885465
27959,1 tx hdr=0xF5 op=0x2D MOVE(x,y,z,rx,ry,state,tick) : 15,514 1 56,456 1,128 220,535 b1 i297885520
28015,1 tx hdr=0xF5 op=0x2D MOVE(x,y,z,rx,ry,state,tick) : 15,172 1 56,04 2,178 217,385 b1 i297885576
28062,0 tx hdr=0xF5 op=0x2D MOVE(x,y,z,rx,ry,state,tick) : 14,844 1 55,613 2,928 214,535 b1 i297885623
28111,9 tx hdr=0xF5 op=0x2D MOVE(x,y,z,rx,ry,state,tick) : 14,535 1 55,172 3,228 211,385 b1 i297885672
28164,7 tx hdr=0xF5 op=0x2D MOVE(x,y,z,rx,ry,state,tick) : 14,142 1 54,846 3,228 208,385 b5 i297885725
28208,9 tx hdr=0xF5 op=0x2D MOVE(x,y,z,rx,ry,state,tick) : 13,704 1 54,574 2,328 204,485 b5 i297885770
28259,8 tx hdr=0xF5 op=0x2D MOVE(x,y,z,rx,ry,state,tick) : 13,243 1 54,326 1,578 201,785 b5 i297885820
28311,5 tx hdr=0xF5 op=0x2D MOVE(x,y,z,rx,ry,state,tick) : 12,77 1 54,088 0,978 200,435 b5 i297885872
28361,2 tx hdr=0xF5 op=0x2D MOVE(x,y,z,rx,ry,state,tick) : 12,291 1 53,851 0,528 199,385 b5 i297885922
28411,4 tx hdr=0xF5 op=0x2D MOVE(x,y,z,rx,ry,state,tick) : 11,81 1 53,613 0,228 198,635 b5 i297885972
28459,1 tx hdr=0xF5 op=0x2D MOVE(x,y,z,rx,ry,state,tick) : 11,331 1 53,371 359,778 197,435 b5 i297886020
28508,8 tx hdr=0xF5 op=0x2D MOVE(x,y,z,rx,ry,state,tick) : 10,854 1 53,12 359,628 195,935 b5 i297886069
28564,7 tx hdr=0xF5 op=0x2D MOVE(x,y,z,rx,ry,state,tick) : 10,382 1 52,859 359,628 194,285 b5 i297886125
28611,8 tx hdr=0xF5 op=0x2D MOVE(x,y,z,rx,ry,state,tick) : 9,916 1 52,589 359,628 193,085 b5 i297886172
28660,3 tx hdr=0xF5 op=0x2D MOVE(x,y,z,rx,ry,state,tick) : 9,454 1 52,31 359,628 192,335 b5 i297886221
28713,3 tx hdr=0xF5 op=0x2D MOVE(x,y,z,rx,ry,state,tick) : 9 1 52,018 0,078 189,785 b5 i297886274
28761,9 tx hdr=0xF5 op=0x2D MOVE(x,y,z,rx,ry,state,tick) : 8,557 1 51,712 0,528 187,685 b5 i297886323
28809,3 tx hdr=0xF5 op=0x2D MOVE(x,y,z,rx,ry,state,tick) : 8,124 1 51,391 0,978 185,435 b5 i297886370
28861,4 tx hdr=0xF5 op=0x2D MOVE(x,y,z,rx,ry,state,tick) : 7,853 1 50,982 1,428 182,885 b1 i297886422
28908,5 tx hdr=0xF5 op=0x2D MOVE(x,y,z,rx,ry,state,tick) : 7,687 1 50,521 1,878 181,085 b1 i297886469
28959,3 tx hdr=0xF5 op=0x2D MOVE(x,y,z,rx,ry,state,tick) : 7,59 1 50,029 2,178 179,135 b1 i297886520
29011,0 tx hdr=0xF5 op=0x2D MOVE(x,y,z,rx,ry,state,tick) : 7,543 1 49,517 2,478 177,185 b1 i297886564
29059,4 tx hdr=0xF5 op=0x2D MOVE(x,y,z,rx,ry,state,tick) : 7,535 1 48,995 2,478 174,635 b1 i297886612
29114,1 tx hdr=0xF5 op=0x2D MOVE(x,y,z,rx,ry,state,tick) : 7,404 1 48,507 2,478 170,585 b5 i297886667
29160,9 tx hdr=0xF5 op=0x2D MOVE(x,y,z,rx,ry,state,tick) : 7,209 1 48,032 2,478 167,735 b5 i297886714
29211,4 tx hdr=0xF5 op=0x2D MOVE(x,y,z,rx,ry,state,tick) : 6,988 1 47,557 2,478 163,685 b5 i297886764
29263,9 tx hdr=0xF5 op=0x2D MOVE(x,y,z,rx,ry,state,tick) : 6,773 1 47,073 2,478 157,385 b5 i297886817
29312,2 tx hdr=0xF5 op=0x2D MOVE(x,y,z,rx,ry,state,tick) : 6,585 1 46,574 2,478 150,935 b5 i297886865
29364,8 tx hdr=0xF5 op=0x2D MOVE(x,y,z,rx,ry,state,tick) : 6,439 1 46,062 2,478 143,885 b5 i297886918
29417,0 tx hdr=0xF5 op=0x2D MOVE(x,y,z,rx,ry,state,tick) : 6,352 1 45,539 2,478 134,885 b5 i297886970
29459,7 tx hdr=0xF5 op=0x2D MOVE(x,y,z,rx,ry,state,tick) : 6,324 1 45,01 2,478 128,435 b5 i297887013
29511,5 tx hdr=0xF5 op=0x2D MOVE(x,y,z,rx,ry,state,tick) : 6,362 1 44,484 2,478 120,335 b5 i297887064
29562,2 tx hdr=0xF5 op=0x2D MOVE(x,y,z,rx,ry,state,tick) : 6,459 1 43,965 2,478 114,785 b5 i297887115
29609,7 tx hdr=0xF5 op=0x2D MOVE(x,y,z,rx,ry,state,tick) : 6,6 1 43,455 2,478 112,535 b5 i297887163
29664,3 tx hdr=0xF5 op=0x2D MOVE(x,y,z,rx,ry,state,tick) : 6,777 1 42,953 2,478 109,685 b5 i297887217
29709,0 tx hdr=0xF5 op=0x2D MOVE(x,y,z,rx,ry,state,tick) : 6,985 1 42,462 2,478 106,835 b5 i297887262
29765,6 tx hdr=0xF5 op=0x2D MOVE(x,y,z,rx,ry,state,tick) : 7,323 1 42,127 2,478 100,535 b1 i297887319
29810,3 tx hdr=0xF5 op=0x2D MOVE(x,y,z,rx,ry,state,tick) : 7,534 1 42,143 2,478 92,285 b8 i297887363
29864,2 tx hdr=0xF5 op=0x2D MOVE(x,y,z,rx,ry,state,tick) : 7,648 1 42,367 2,478 86,735 b8 i297887417
29917,1 tx hdr=0xF5 op=0x2D MOVE(x,y,z,rx,ry,state,tick) : 7,699 1 42,718 2,478 85,385 b8 i297887470
29960,4 tx hdr=0xF5 op=0x2D MOVE(x,y,z,rx,ry,state,tick) : 7,711 1 43,143 2,478 85,085 b8 i297887523
30011,1 tx hdr=0xF5 op=0x2D MOVE(x,y,z,rx,ry,state,tick) : 7,7 1 43,613 2,478 85,085 b8 i297887574
30063,4 tx hdr=0xF5 op=0x2D MOVE(x,y,z,rx,ry,state,tick) : 7,673 1 44,111 2,478 84,635 b8 i297887626
30108,6 tx hdr=0xF5 op=0x2D MOVE(x,y,z,rx,ry,state,tick) : 7,631 1 44,623 2,478 82,985 b8 i297887671
30124,0 # net: TcpClient.Connected = True
30159,7 tx hdr=0xF5 op=0x2D MOVE(x,y,z,rx,ry,state,tick) : 7,572 1 45,144 2,478 81,035 b8 i297887722
30208,6 tx hdr=0xF5 op=0x2D MOVE(x,y,z,rx,ry,state,tick) : 7,502 1 45,67 2,478 81,035 b8 i297887771
30262,3 tx hdr=0xF5 op=0x2D MOVE(x,y,z,rx,ry,state,tick) : 7,427 1 46,199 2,478 81,035 b8 i297887825
30309,9 tx hdr=0xF5 op=0x2D MOVE(x,y,z,rx,ry,state,tick) : 7,349 1 46,73 2,478 81,035 b8 i297887873
30359,1 tx hdr=0xF5 op=0x2D MOVE(x,y,z,rx,ry,state,tick) : 7,432 1 47,22 1,878 82,235 b9 i297887922
30409,0 tx hdr=0xF5 op=0x2D MOVE(x,y,z,rx,ry,state,tick) : 7,616 1 47,684 1,428 83,435 b9 i297887972
30462,3 tx hdr=0xF5 op=0x2D MOVE(x,y,z,rx,ry,state,tick) : 7,862 1 48,13 1,428 83,735 b9 i297888025
30509,0 tx hdr=0xF5 op=0x2D MOVE(x,y,z,rx,ry,state,tick) : 8,145 1 48,567 1,428 83,735 b9 i297888072
30558,9 tx hdr=0xF5 op=0x2D MOVE(x,y,z,rx,ry,state,tick) : 8,529 1 48,852 1,428 83,735 b1 i297888122
30620,4 tx hdr=0xF5 op=0x2D MOVE(x,y,z,rx,ry,state,tick) : 8,974 1 49,047 1,428 83,735 b1 i297888183
30669,5 tx hdr=0xF5 op=0x2D MOVE(x,y,z,rx,ry,state,tick) : 9,456 1 49,187 1,428 83,735 b1 i297888232
30720,0 tx hdr=0xF5 op=0x2D MOVE(x,y,z,rx,ry,state,tick) : 9,96 1 49,295 1,428 83,735 b1 i297888283
30758,8 tx hdr=0xF5 op=0x2D MOVE(x,y,z,rx,ry,state,tick) : 10,477 1 49,384 1,428 83,735 b1 i297888321
30819,3 tx hdr=0xF5 op=0x2D MOVE(x,y,z,rx,ry,state,tick) : 11,002 1 49,46 1,428 83,735 b1 i297888382
30860,4 tx hdr=0xF5 op=0x2D MOVE(x,y,z,rx,ry,state,tick) : 11,532 1 49,53 1,428 83,735 b1 i297888423
30919,9 tx hdr=0xF5 op=0x2D MOVE(x,y,z,rx,ry,state,tick) : 11,984 1 49,74 1,428 83,735 b9 i297888483
30968,4 tx hdr=0xF5 op=0x2D MOVE(x,y,z,rx,ry,state,tick) : 12,391 1 50,034 1,428 83,735 b9 i297888525
31019,0 tx hdr=0xF5 op=0x2D MOVE(x,y,z,rx,ry,state,tick) : 12,771 1 50,38 1,428 83,735 b9 i297888576
31068,2 tx hdr=0xF5 op=0x2D MOVE(x,y,z,rx,ry,state,tick) : 13,133 1 50,755 1,428 83,735 b9 i297888625
31120,5 tx hdr=0xF5 op=0x2D MOVE(x,y,z,rx,ry,state,tick) : 13,487 1 51,149 1,428 83,885 b9 i297888677
31159,1 tx hdr=0xF5 op=0x2D MOVE(x,y,z,rx,ry,state,tick) : 13,836 1 51,552 1,428 84,335 b9 i297888716
31221,1 tx hdr=0xF5 op=0x2D MOVE(x,y,z,rx,ry,state,tick) : 14,184 1 51,959 1,428 85,235 b9 i297888778
31260,0 tx hdr=0xF5 op=0x2D MOVE(x,y,z,rx,ry,state,tick) : 14,536 1 52,366 1,428 86,135 b9 i297888817
31321,1 tx hdr=0xF5 op=0x2D MOVE(x,y,z,rx,ry,state,tick) : 14,895 1 52,766 1,428 88,535 b9 i297888878
31360,4 tx hdr=0xF5 op=0x2D MOVE(x,y,z,rx,ry,state,tick) : 15,263 1 53,16 1,428 89,585 b9 i297888917
31411,0 tx hdr=0xF5 op=0x2D MOVE(x,y,z,rx,ry,state,tick) : 15,642 1 53,544 1,428 92,135 b9 i297888968
31459,8 tx hdr=0xF5 op=0x2D MOVE(x,y,z,rx,ry,state,tick) : 16,033 1 53,914 1,428 94,535 b9 i297889016
31511,6 tx hdr=0xF5 op=0x2D MOVE(x,y,z,rx,ry,state,tick) : 16,437 1 54,271 1,428 96,335 b9 i297889068
31564,4 tx hdr=0xF5 op=0x2D MOVE(x,y,z,rx,ry,state,tick) : 16,851 1 54,616 1,428 97,685 b9 i297889121
31609,3 tx hdr=0xF5 op=0x2D MOVE(x,y,z,rx,ry,state,tick) : 17,273 1 54,952 1,428 98,585 b9 i297889166
31660,1 tx hdr=0xF5 op=0x2D MOVE(x,y,z,rx,ry,state,tick) : 17,704 1 55,276 1,428 100,385 b9 i297889217
31711,7 tx hdr=0xF5 op=0x2D MOVE(x,y,z,rx,ry,state,tick) : 18,143 1 55,589 1,428 101,435 b9 i297889268
31761,5 tx hdr=0xF5 op=0x2D MOVE(x,y,z,rx,ry,state,tick) : 18,588 1 55,893 1,428 102,635 b9 i297889318
31811,4 tx hdr=0xF5 op=0x2D MOVE(x,y,z,rx,ry,state,tick) : 19,039 1 56,189 1,428 103,235 b9 i297889368
31860,5 tx hdr=0xF5 op=0x2D MOVE(x,y,z,rx,ry,state,tick) : 19,52 1 56,316 1,428 103,685 b1 i297889417
31909,2 tx hdr=0xF5 op=0x2D MOVE(x,y,z,rx,ry,state,tick) : 20,017 1 56,339 1,428 104,135 b1 i297889466
31959,1 tx hdr=0xF5 op=0x2D MOVE(x,y,z,rx,ry,state,tick) : 20,525 1 56,3 1,428 104,285 b1 i297889516
32017,8 tx hdr=0xF5 op=0x2D MOVE(x,y,z,rx,ry,state,tick) : 21,038 1 56,218 1,428 105,485 b1 i297889575
32067,2 tx hdr=0xF5 op=0x2D MOVE(x,y,z,rx,ry,state,tick) : 21,55 1 56,099 1,428 109,085 b1 i297889557
32118,8 tx hdr=0xF5 op=0x2D MOVE(x,y,z,rx,ry,state,tick) : 22,047 1 55,924 1,428 118,535 b1 i297889608
32165,4 tx hdr=0xF5 op=0x2D MOVE(x,y,z,rx,ry,state,tick) : 22,521 1 55,694 1,428 125,585 b1 i297889655
32215,9 tx hdr=0xF5 op=0x2D MOVE(x,y,z,rx,ry,state,tick) : 22,965 1 55,409 1,428 132,485 b1 i297889705
32266,2 tx hdr=0xF5 op=0x2D MOVE(x,y,z,rx,ry,state,tick) : 23,372 1 55,075 1,428 139,235 b1 i297889756
32316,0 tx hdr=0xF5 op=0x2D MOVE(x,y,z,rx,ry,state,tick) : 23,749 1 54,705 1,578 141,935 b1 i297889806
32369,9 tx hdr=0xF5 op=0x2D MOVE(x,y,z,rx,ry,state,tick) : 24,107 1 54,311 1,578 142,685 b1 i297889859
32409,3 tx hdr=0xF5 op=0x2D MOVE(x,y,z,rx,ry,state,tick) : 24,451 1 53,901 1,578 143,135 b1 i297889899
32465,7 tx hdr=0xF5 op=0x2D MOVE(x,y,z,rx,ry,state,tick) : 24,787 1 53,483 1,578 143,135 b1 i297889955
32515,0 tx hdr=0xF5 op=0x2D MOVE(x,y,z,rx,ry,state,tick) : 25,118 1 53,483 1,578 143,135 b1 i297890005
32565,2 tx hdr=0xF5 op=0x2D MOVE(x,y,z,rx,ry,state,tick) : 25,446 1 53,056 1,578 143,135 b1 i297890055
32618,1 tx hdr=0xF5 op=0x2D MOVE(x,y,z,rx,ry,state,tick) : 25,772 1 52,626 1,578 143,285 b1 i297890108
32665,8 tx hdr=0xF5 op=0x2D MOVE(x,y,z,rx,ry,state,tick) : 26,095 1 52,194 1,578 143,885 b1 i297890155
32715,7 tx hdr=0xF5 op=0x2D MOVE(x,y,z,rx,ry,state,tick) : 26,255 1 51,977 1,578 144,485 b33 i297890205
32761,9 tx hdr=0xF5 op=0x2D MOVE(x,y,z,rx,ry,state,tick) : 26,413 1 51,758 1,578 144,935 b33 i297890251
32813,8 tx hdr=0xF5 op=0x2D MOVE(x,y,z,rx,ry,state,tick) : 26,569 1 51,538 1,578 145,085 b33 i297890303
32859,4 tx hdr=0xF5 op=0x2D MOVE(x,y,z,rx,ry,state,tick) : 26,725 1 51,317 1,578 145,085 b33 i297890349
32913,4 tx hdr=0xF5 op=0x2D MOVE(x,y,z,rx,ry,state,tick) : 26,88 1 51,096 1,578 145,085 b33 i297890403
32964,0 tx hdr=0xF5 op=0x2D MOVE(x,y,z,rx,ry,state,tick) : 27,035 1 50,875 1,578 145,085 b33 i297890523
33016,2 tx hdr=0xF5 op=0x2D MOVE(x,y,z,rx,ry,state,tick) : 27,346 1 50,434 1,578 144,785 b1 i297890575
33065,0 tx hdr=0xF5 op=0x2D MOVE(x,y,z,rx,ry,state,tick) : 27,661 1 49,995 1,578 143,285 b1 i297890624
33113,8 tx hdr=0xF5 op=0x2D MOVE(x,y,z,rx,ry,state,tick) : 27,982 1 49,561 1,578 142,385 b1 i297890673
33167,3 tx hdr=0xF5 op=0x2D MOVE(x,y,z,rx,ry,state,tick) : 28,31 1 49,132 1,578 141,335 b1 i297890726
33216,2 tx hdr=0xF5 op=0x2D MOVE(x,y,z,rx,ry,state,tick) : 28,644 1 48,709 1,578 140,285 b1 i297890775
33263,0 tx hdr=0xF5 op=0x2D MOVE(x,y,z,rx,ry,state,tick) : 28,984 1 48,289 1,578 139,835 b1 i297890822
33312,7 tx hdr=0xF5 op=0x2D MOVE(x,y,z,rx,ry,state,tick) : 29,329 1 47,874 1,578 139,535 b1 i297890872
33360,2 tx hdr=0xF5 op=0x2D MOVE(x,y,z,rx,ry,state,tick) : 29,677 1 47,461 1,578 139,085 b1 i297890919
33413,3 tx hdr=0xF5 op=0x2D MOVE(x,y,z,rx,ry,state,tick) : 30,029 1 47,051 1,578 138,485 b1 i297890972
33463,6 tx hdr=0xF5 op=0x2D MOVE(x,y,z,rx,ry,state,tick) : 30,233 1 46,59 1,128 136,685 b5 i297891023
33517,5 tx hdr=0xF5 op=0x2D MOVE(x,y,z,rx,ry,state,tick) : 30,359 1 46,097 1,128 134,285 b5 i297891076
33562,9 tx hdr=0xF5 op=0x2D MOVE(x,y,z,rx,ry,state,tick) : 30,452 1 45,586 1,728 130,385 b5 i297891122
33609,9 tx hdr=0xF5 op=0x2D MOVE(x,y,z,rx,ry,state,tick) : 30,549 1 45,067 2,778 123,935 b5 i297891169
33663,4 tx hdr=0xF5 op=0x2D MOVE(x,y,z,rx,ry,state,tick) : 30,672 1 44,55 2,778 117,635 b5 i297891222
33716,1 tx hdr=0xF5 op=0x2D MOVE(x,y,z,rx,ry,state,tick) : 30,819 1 44,037 2,778 115,085 b5 i297891275
33761,9 tx hdr=0xF5 op=0x2D MOVE(x,y,z,rx,ry,state,tick) : 30,984 1 43,527 2,778 114,185 b5 i297891321
33812,4 tx hdr=0xF5 op=0x2D MOVE(x,y,z,rx,ry,state,tick) : 31,16 1 43,019 2,778 114,185 b5 i297891371
33862,1 tx hdr=0xF5 op=0x2D MOVE(x,y,z,rx,ry,state,tick) : 31,462 1 42,625 2,778 114,185 b1 i297891421
33911,5 tx hdr=0xF5 op=0x2D MOVE(x,y,z,rx,ry,state,tick) : 31,841 1 42,301 2,778 114,185 b1 i297891470
33961,0 tx hdr=0xF5 op=0x2D MOVE(x,y,z,rx,ry,state,tick) : 32,265 1 42,018 2,778 114,185 b1 i297891520
33986,2 tx hdr=0xF5 op=0x16 throw(pos,dir,f)/22 : 32,026 3,4 42,186 0,911 -0,048 -0,409 114,185
34013,8 tx hdr=0xF5 op=0x2D MOVE(x,y,z,rx,ry,state,tick) : 32,717 1 41,759 2,778 114,185 b1 i297891530
34061,5 tx hdr=0xF5 op=0x2D MOVE(x,y,z,rx,ry,state,tick) : 32,987 1 41,604 2,778 114,185 b0 i297891578
34113,2 tx hdr=0xF5 op=0x2D MOVE(x,y,z,rx,ry,state,tick) : 33,15 1 41,511 2,778 114,185 b0 i297891630
34161,0 tx hdr=0xF5 op=0x2D MOVE(x,y,z,rx,ry,state,tick) : 33,248 1 41,456 2,778 113,885 b0 i297891678
34210,4 tx hdr=0xF5 op=0x2D MOVE(x,y,z,rx,ry,state,tick) : 33,306 1 41,422 2,778 113,885 b0 i297891727
34261,6 tx hdr=0xF5 op=0x2D MOVE(x,y,z,rx,ry,state,tick) : 33,341 1 41,402 2,778 113,885 b0 i297891778
34310,1 tx hdr=0xF5 op=0x2D MOVE(x,y,z,rx,ry,state,tick) : 33,362 1 41,39 2,778 113,885 b0 i297891827
34362,4 tx hdr=0xF5 op=0x2D MOVE(x,y,z,rx,ry,state,tick) : 33,177 1 41,47 2,778 113,885 b2 i297891879
34409,8 tx hdr=0xF5 op=0x2D MOVE(x,y,z,rx,ry,state,tick) : 32,869 1 41,606 2,778 113,885 b2 i297891926
34460,4 tx hdr=0xF5 op=0x2D MOVE(x,y,z,rx,ry,state,tick) : 32,486 1 41,775 2,778 113,885 b2 i297891977
34511,7 tx hdr=0xF5 op=0x2D MOVE(x,y,z,rx,ry,state,tick) : 32,061 1 41,967 3,228 114,935 b2 i297892028
34561,2 tx hdr=0xF5 op=0x2D MOVE(x,y,z,rx,ry,state,tick) : 31,613 1 42,18 3,978 116,735 b2 i297892078
34610,8 tx hdr=0xF5 op=0x2D MOVE(x,y,z,rx,ry,state,tick) : 31,152 1 42,406 4,128 117,185 b2 i297892127
34659,5 tx hdr=0xF5 op=0x04 HIT_REPORT(pos,seq,hits[]) : 31,194 3,391 42,396 i297892176 b6 b0 41,926 2,924 37,608
34659,6 tx hdr=0xF5 op=0x2D MOVE(x,y,z,rx,ry,state,tick) : 30,679 1 42,631 1,965 114,504 b2 i297892176
34711,4 tx hdr=0xF5 op=0x2D MOVE(x,y,z,rx,ry,state,tick) : 30,199 1 42,857 1,686 114,763 b2 i297892228
34762,5 tx hdr=0xF5 op=0x2D MOVE(x,y,z,rx,ry,state,tick) : 29,715 1 43,084 1,72 115,035 b2 i297892279
34767,3 tx hdr=0xF5 op=0x04 HIT_REPORT(pos,seq,hits[]) : 30,163 3,375 42,87 i297892284 b6 b1 40,52 3,053 37,657
34811,8 tx hdr=0xF5 op=0x2D MOVE(x,y,z,rx,ry,state,tick) : 29,229 1 43,312 1,572 115,251 b2 i297892328
34862,4 tx hdr=0xF5 op=0x2D MOVE(x,y,z,rx,ry,state,tick) : 28,743 1 43,541 1,643 115,363 b2 i297892379
34896,4 tx hdr=0xF5 op=0x04 HIT_REPORT(pos,seq,hits[]) : 28,953 3,405 43,429 i297892413 b6 b0 40,234 2,912 38,157
34910,5 tx hdr=0xF5 op=0x2D MOVE(x,y,z,rx,ry,state,tick) : 28,378 1 43,882 1,398 115,377 b10 i297892427
34960,9 tx hdr=0xF5 op=0x2D MOVE(x,y,z,rx,ry,state,tick) : 28,089 1 44,291 1,368 115,985 b10 i297892477
35015,0 tx hdr=0xF5 op=0x04 HIT_REPORT(pos,seq,hits[]) : 28,091 3,377 44,282 i297892564 b6 b1 40,66 3,102 38,109
35015,2 tx hdr=0xF5 op=0x2D MOVE(x,y,z,rx,ry,state,tick) : 27,849 1 44,742 1,287 116,99 b10 i297892565
35059,9 tx hdr=0xF5 op=0x2D MOVE(x,y,z,rx,ry,state,tick) : 27,641 1 45,219 0,925 117,797 b10 i297892609
35110,9 tx hdr=0xF5 op=0x2D MOVE(x,y,z,rx,ry,state,tick) : 27,456 1 45,712 1,135 118,893 b10 i297892660
35128,6 # net: TcpClient.Connected = True
35146,2 tx hdr=0xF5 op=0x04 HIT_REPORT(pos,seq,hits[]) : 27,556 3,395 45,46 i297892696 b6 b0 41,451 2,725 37,4
35162,3 tx hdr=0xF5 op=0x2D MOVE(x,y,z,rx,ry,state,tick) : 27,289 1 46,217 0,972 119,769 b10 i297892712
35211,6 tx hdr=0xF5 op=0x2D MOVE(x,y,z,rx,ry,state,tick) : 27,136 1 46,729 1,012 121,039 b10 i297892761
35262,3 tx hdr=0xF5 op=0x2D MOVE(x,y,z,rx,ry,state,tick) : 26,994 1 47,247 1,011 121,565 b10 i297892812
35269,4 tx hdr=0xF5 op=0x06 int3/6 : s50 s3 s31
35269,5 tx hdr=0xF5 op=0x04 HIT_REPORT(pos,seq,hits[]) :
35318,2 tx hdr=0xF5 op=0x2D MOVE(x,y,z,rx,ry,state,tick) : 26,864 1 47,769 0,773 122,933 b10 i297892868
35360,9 tx hdr=0xF5 op=0x2D MOVE(x,y,z,rx,ry,state,tick) : 26,743 1 48,293 0,638 123,479 b10 i297892910
35395,2 tx hdr=0xF5 op=0x04 HIT_REPORT(pos,seq,hits[]) : 26,807 3,375 48,009 i297892945 b6 b0 43,667 2,899 36,169
35411,6 tx hdr=0xF5 op=0x2D MOVE(x,y,z,rx,ry,state,tick) : 26,629 1 48,82 0,605 124,063 b10 i297892961
35463,7 tx hdr=0xF5 op=0x2D MOVE(x,y,z,rx,ry,state,tick) : 26,523 1 49,349 0,693 124,843 b10 i297893013
35514,2 tx hdr=0xF5 op=0x2D MOVE(x,y,z,rx,ry,state,tick) : 26,425 1 49,879 0,34 126,057 b10 i297893064
35568,0 tx hdr=0xF5 op=0x2D MOVE(x,y,z,rx,ry,state,tick) : 26,338 1 50,412 0,123 127,407 b10 i297893117
35618,6 tx hdr=0xF5 op=0x2D MOVE(x,y,z,rx,ry,state,tick) : 26,261 1 50,946 0,187 128,307 b10 i297893168
35659,5 tx hdr=0xF5 op=0x2D MOVE(x,y,z,rx,ry,state,tick) : 26,193 1 51,481 0,238 129,207 b10 i297893209
35713,4 tx hdr=0xF5 op=0x2D MOVE(x,y,z,rx,ry,state,tick) : 26,141 1 52,018 0,278 132,207 b10 i297893263
35760,5 tx hdr=0xF5 op=0x2D MOVE(x,y,z,rx,ry,state,tick) : 26,107 1 52,556 0,307 134,157 b10 i297893310
35812,6 tx hdr=0xF5 op=0x2D MOVE(x,y,z,rx,ry,state,tick) : 26,084 1 53,095 0,328 134,307 b10 i297893362
35861,8 tx hdr=0xF5 op=0x2D MOVE(x,y,z,rx,ry,state,tick) : 26,068 1 53,635 0,328 134,307 b10 i297893411
35910,3 tx hdr=0xF5 op=0x2D MOVE(x,y,z,rx,ry,state,tick) : 26,055 1 54,174 0,328 134,307 b10 i297893460
35961,3 tx hdr=0xF5 op=0x2D MOVE(x,y,z,rx,ry,state,tick) : 26,046 0 54,714 0,328 134,607 b26 i297893511
36009,7 tx hdr=0xF5 op=0x2D MOVE(x,y,z,rx,ry,state,tick) : 26,042 0 54,984 0,328 134,757 b10 i297893543
36059,5 tx hdr=0xF5 op=0x2D MOVE(x,y,z,rx,ry,state,tick) : 26,041 0 55,254 0,628 135,957 b10 i297893593
36093,5 tx hdr=0xF5 op=0x17 impact(id,pos)/23 : i497 42,895 1,1 37,502
36114,7 tx hdr=0xF5 op=0x2D MOVE(x,y,z,rx,ry,state,tick) : 26,04 0 55,416 0,778 138,957 b0 i297893648
36160,2 tx hdr=0xF5 op=0x2D MOVE(x,y,z,rx,ry,state,tick) : 26,04 0 55,513 0,778 144,657 b0 i297893694
36209,8 tx hdr=0xF5 op=0x2D MOVE(x,y,z,rx,ry,state,tick) : 26,04 0 55,571 0,778 150,357 b0 i297893744
36260,3 tx hdr=0xF5 op=0x2D MOVE(x,y,z,rx,ry,state,tick) : 26,136 0 55,656 0,778 152,607 b8 i297893794
36323,8 tx hdr=0xF5 op=0x2D MOVE(x,y,z,rx,ry,state,tick) : 26,293 0 55,666 0,028 156,957 b9 i297893857
36362,4 tx hdr=0xF5 op=0x2D MOVE(x,y,z,rx,ry,state,tick) : 26,486 0 55,628 359,728 159,057 b9 i297893896
36410,3 tx hdr=0xF5 op=0x2D MOVE(x,y,z,rx,ry,state,tick) : 26,7 1 55,559 359,278 160,707 b9 i297893944
36461,5 tx hdr=0xF5 op=0x2D MOVE(x,y,z,rx,ry,state,tick) : 27,024 1 55,271 358,978 161,457 b1 i297893995
36511,2 tx hdr=0xF5 op=0x2D MOVE(x,y,z,rx,ry,state,tick) : 27,287 1 54,893 358,828 161,757 b1 i297894045
36560,0 tx hdr=0xF5 op=0x2D MOVE(x,y,z,rx,ry,state,tick) : 27,512 1 54,461 358,828 161,757 b1 i297894094
36621,5 tx hdr=0xF5 op=0x2D MOVE(x,y,z,rx,ry,state,tick) : 27,714 1 53,996 358,828 161,757 b1 i297894155
36659,8 tx hdr=0xF5 op=0x2D MOVE(x,y,z,rx,ry,state,tick) : 27,904 1 53,513 358,828 161,757 b1 i297894194
36720,6 tx hdr=0xF5 op=0x2D MOVE(x,y,z,rx,ry,state,tick) : 28,21 1 53,125 358,828 161,757 b9 i297894254
36762,7 tx hdr=0xF5 op=0x2D MOVE(x,y,z,rx,ry,state,tick) : 28,587 1 52,796 358,828 161,457 b9 i297894296
36809,7 tx hdr=0xF5 op=0x2D MOVE(x,y,z,rx,ry,state,tick) : 29,007 1 52,504 358,828 161,157 b9 i297894343
36872,8 tx hdr=0xF5 op=0x2D MOVE(x,y,z,rx,ry,state,tick) : 29,331 1 52,124 358,828 160,707 b1 i297894407
36920,1 tx hdr=0xF5 op=0x2D MOVE(x,y,z,rx,ry,state,tick) : 29,597 1 51,693 358,828 160,557 b1 i297894454
36967,7 tx hdr=0xF5 op=0x2D MOVE(x,y,z,rx,ry,state,tick) : 29,829 1 51,231 358,978 160,257 b1 i297894501
37016,4 tx hdr=0xF5 op=0x2D MOVE(x,y,z,rx,ry,state,tick) : 30,044 1 50,751 358,978 159,807 b1 i297894569
37059,5 tx hdr=0xF5 op=0x2D MOVE(x,y,z,rx,ry,state,tick) : 30,248 1 50,261 359,128 159,507 b1 i297894612
37119,6 tx hdr=0xF5 op=0x2D MOVE(x,y,z,rx,ry,state,tick) : 30,446 1 49,765 359,278 159,357 b1 i297894672
37170,1 tx hdr=0xF5 op=0x2D MOVE(x,y,z,rx,ry,state,tick) : 30,642 1 49,265 359,278 159,207 b1 i297894723
37219,0 tx hdr=0xF5 op=0x2D MOVE(x,y,z,rx,ry,state,tick) : 30,837 1 48,763 359,428 158,907 b1 i297894772
37264,0 tx hdr=0xF5 op=0x2D MOVE(x,y,z,rx,ry,state,tick) : 31,034 1 48,262 359,728 158,307 b1 i297894817
37311,5 tx hdr=0xF5 op=0x2D MOVE(x,y,z,rx,ry,state,tick) : 31,234 1 47,761 359,878 157,857 b1 i297894864
37360,5 tx hdr=0xF5 op=0x2D MOVE(x,y,z,rx,ry,state,tick) : 31,437 1 47,261 0,178 157,257 b1 i297894913
37412,4 tx hdr=0xF5 op=0x2D MOVE(x,y,z,rx,ry,state,tick) : 31,646 1 46,764 0,628 156,207 b1 i297894965
37461,0 tx hdr=0xF5 op=0x2D MOVE(x,y,z,rx,ry,state,tick) : 31,865 1 46,27 0,928 154,407 b1 i297895013
37519,6 tx hdr=0xF5 op=0x2D MOVE(x,y,z,rx,ry,state,tick) : 32,104 1 45,787 1,828 150,207 b1 i297895072
37568,3 tx hdr=0xF5 op=0x2D MOVE(x,y,z,rx,ry,state,tick) : 32,216 0 45,283 2,428 143,157 b21 i297895121
37619,6 tx hdr=0xF5 op=0x2D MOVE(x,y,z,rx,ry,state,tick) : 32,272 0 45,031 2,428 132,657 b5 i297895172
37670,3 tx hdr=0xF5 op=0x2D MOVE(x,y,z,rx,ry,state,tick) : 32,326 0 44,774 2,428 124,107 b5 i297895223
37719,0 tx hdr=0xF5 op=0x2D MOVE(x,y,z,rx,ry,state,tick) : 32,397 0 44,518 2,428 114,507 b5 i297895272
37765,3 tx hdr=0xF5 op=0x2D MOVE(x,y,z,rx,ry,state,tick) : 32,484 0 44,267 2,428 110,607 b5 i297895318
37810,2 tx hdr=0xF5 op=0x2D MOVE(x,y,z,rx,ry,state,tick) : 32,588 0 44,021 2,428 105,807 b5 i297895363
37868,8 tx hdr=0xF5 op=0x2D MOVE(x,y,z,rx,ry,state,tick) : 32,714 0 43,786 2,428 99,657 b5 i297895421
37886,2 tx hdr=0xF5 op=0x04 HIT_REPORT(pos,seq,hits[]) : 32,623 2,371 43,956 i297895439 b5 b0 43,082 2,943 44,024
37919,5 tx hdr=0xF5 op=0x2D MOVE(x,y,z,rx,ry,state,tick) : 32,866 0 43,57 356,54 89,323 b5 i297895472
37967,5 tx hdr=0xF5 op=0x2D MOVE(x,y,z,rx,ry,state,tick) : 33,035 1 43,364 356,622 89,551 b5 i297895529
38006,3 tx hdr=0xF5 op=0x04 HIT_REPORT(pos,seq,hits[]) : 33,006 3,221 43,39 i297895568 b5 b1 43,654 3,222 42,787
38017,2 tx hdr=0xF5 op=0x2D MOVE(x,y,z,rx,ry,state,tick) : 33,387 1 42,962 1,385 90,75 b5 i297895579
38068,7 tx hdr=0xF5 op=0x2D MOVE(x,y,z,rx,ry,state,tick) : 33,747 1 42,564 1,766 91,779 b5 i297895630
38118,9 tx hdr=0xF5 op=0x2D MOVE(x,y,z,rx,ry,state,tick) : 34,108 1 42,165 1,765 92,6 b5 i297895681
38138,1 tx hdr=0xF5 op=0x04 HIT_REPORT(pos,seq,hits[]) : 33,843 3,365 42,453 i297895700 b5 b1 44,31 3,198 41,969
38168,6 tx hdr=0xF5 op=0x2D MOVE(x,y,z,rx,ry,state,tick) : 34,47 1 41,766 1,534 92,885 b5 i297895730
38210,9 tx hdr=0xF5 op=0x2D MOVE(x,y,z,rx,ry,state,tick) : 34,831 1 41,365 1,628 93,147 b5 i297895773
38255,2 tx hdr=0xF5 op=0x04 HIT_REPORT(pos,seq,hits[]) : 34,722 3,365 41,49 i297895817 b5 b1 45,103 3,17 40,842
38259,9 tx hdr=0xF5 op=0x2D MOVE(x,y,z,rx,ry,state,tick) : 35,189 1 40,962 1,548 94,123 b5 i297895822
38313,4 tx hdr=0xF5 op=0x2D MOVE(x,y,z,rx,ry,state,tick) : 35,545 1 40,556 1,768 94,445 b5 i297895875
38359,8 tx hdr=0xF5 op=0x2D MOVE(x,y,z,rx,ry,state,tick) : 35,739 1 40,097 1,903 94,978 b4 i297895921
38372,8 tx hdr=0xF5 op=0x04 HIT_REPORT(pos,seq,hits[]) : 35,578 3,386 40,49 i297895935 b5 b1 45,74 3,013 39,362
38409,8 tx hdr=0xF5 op=0x2D MOVE(x,y,z,rx,ry,state,tick) : 35,836 1 39,606 1,716 95,347 b4 i297895972
38459,8 tx hdr=0xF5 op=0x2D MOVE(x,y,z,rx,ry,state,tick) : 35,874 1 39,097 1,717 95,171 b4 i297896022
38512,6 tx hdr=0xF5 op=0x2D MOVE(x,y,z,rx,ry,state,tick) : 35,878 1 38,576 1,817 95,171 b4 i297896074
38562,6 tx hdr=0xF5 op=0x2D MOVE(x,y,z,rx,ry,state,tick) : 35,86 1 38,048 1,892 95,171 b4 i297896124
38617,8 tx hdr=0xF5 op=0x2D MOVE(x,y,z,rx,ry,state,tick) : 35,83 1 37,517 1,961 95,171 b4 i297896180
38665,4 tx hdr=0xF5 op=0x2D MOVE(x,y,z,rx,ry,state,tick) : 35,793 1 36,983 2,014 95,171 b4 i297896227
38714,4 tx hdr=0xF5 op=0x2D MOVE(x,y,z,rx,ry,state,tick) : 35,751 1 36,447 2,044 95,171 b4 i297896276
38762,3 tx hdr=0xF5 op=0x2D MOVE(x,y,z,rx,ry,state,tick) : 35,864 1 35,96 2,074 95,171 b5 i297896324
38814,1 tx hdr=0xF5 op=0x2D MOVE(x,y,z,rx,ry,state,tick) : 36,147 1 35,648 2,08 95,171 b1 i297896376
38864,8 tx hdr=0xF5 op=0x2D MOVE(x,y,z,rx,ry,state,tick) : 36,531 1 35,43 2,53 98,171 b1 i297896427
38916,1 tx hdr=0xF5 op=0x2D MOVE(x,y,z,rx,ry,state,tick) : 36,961 1 35,216 2,53 112,721 b1 i297896478
38966,2 tx hdr=0xF5 op=0x2D MOVE(x,y,z,rx,ry,state,tick) : 37,433 1 35,067 2,53 140,621 b9 i297896524
39014,8 tx hdr=0xF5 op=0x2D MOVE(x,y,z,rx,ry,state,tick) : 37,884 1 34,841 2,53 174,071 b9 i297896572
39065,4 tx hdr=0xF5 op=0x2D MOVE(x,y,z,rx,ry,state,tick) : 38,294 1 34,54 2,53 184,871 b9 i297896623
39114,3 tx hdr=0xF5 op=0x2D MOVE(x,y,z,rx,ry,state,tick) : 38,677 1 34,192 2,53 185,771 b9 i297896672
39164,4 tx hdr=0xF5 op=0x2D MOVE(x,y,z,rx,ry,state,tick) : 39,043 1 33,816 2,53 185,771 b9 i297896722
39210,9 tx hdr=0xF5 op=0x2D MOVE(x,y,z,rx,ry,state,tick) : 39,241 1 33,376 2,53 185,771 b1 i297896768
39264,5 tx hdr=0xF5 op=0x2D MOVE(x,y,z,rx,ry,state,tick) : 39,344 1 32,896 2,53 184,271 b1 i297896822
39314,4 tx hdr=0xF5 op=0x2D MOVE(x,y,z,rx,ry,state,tick) : 39,414 1 32,392 2,53 177,821 b1 i297896872
39363,4 tx hdr=0xF5 op=0x2D MOVE(x,y,z,rx,ry,state,tick) : 39,493 1 31,878 2,38 170,021 b1 i297896921
39411,1 tx hdr=0xF5 op=0x2D MOVE(x,y,z,rx,ry,state,tick) : 39,596 1 31,36 1,33 165,071 b1 i297896969
39464,1 tx hdr=0xF5 op=0x2D MOVE(x,y,z,rx,ry,state,tick) : 39,72 1 30,842 1,18 163,421 b1 i297897022
39516,3 tx hdr=0xF5 op=0x2D MOVE(x,y,z,rx,ry,state,tick) : 39,862 1 30,327 1,18 161,771 b1 i297897074
39564,6 tx hdr=0xF5 op=0x2D MOVE(x,y,z,rx,ry,state,tick) : 39,849 1 29,824 1,18 161,771 b5 i297897122
39616,3 tx hdr=0xF5 op=0x2D MOVE(x,y,z,rx,ry,state,tick) : 39,745 1 29,33 1,18 161,771 b5 i297897174
39665,1 tx hdr=0xF5 op=0x2D MOVE(x,y,z,rx,ry,state,tick) : 39,585 1 28,841 1,18 161,771 b5 i297897223
39712,5 tx hdr=0xF5 op=0x2D MOVE(x,y,z,rx,ry,state,tick) : 39,391 1 28,354 1,18 161,771 b5 i297897270
39762,6 tx hdr=0xF5 op=0x2D MOVE(x,y,z,rx,ry,state,tick) : 39,178 1 27,869 1,18 161,771 b5 i297897320
39814,7 tx hdr=0xF5 op=0x2D MOVE(x,y,z,rx,ry,state,tick) : 38,953 1 27,386 1,18 161,771 b5 i297897372
39865,0 tx hdr=0xF5 op=0x2D MOVE(x,y,z,rx,ry,state,tick) : 38,722 1 26,902 1,18 161,321 b5 i297897423
39911,2 tx hdr=0xF5 op=0x2D MOVE(x,y,z,rx,ry,state,tick) : 38,5 1 26,412 0,43 157,571 b5 i297897469
39964,3 tx hdr=0xF5 op=0x2D MOVE(x,y,z,rx,ry,state,tick) : 38,298 1 25,914 0,28 153,671 b5 i297897522
40011,1 tx hdr=0xF5 op=0x2D MOVE(x,y,z,rx,ry,state,tick) : 38,111 1 25,409 0,28 152,921 b5 i297897569
40064,9 tx hdr=0xF5 op=0x2D MOVE(x,y,z,rx,ry,state,tick) : 37,934 1 24,9 0,28 152,321 b5 i297897621
40114,5 tx hdr=0xF5 op=0x2D MOVE(x,y,z,rx,ry,state,tick) : 37,765 1 24,388 0,28 151,871 b5 i297897671
40129,6 # net: TcpClient.Connected = True
40163,7 tx hdr=0xF5 op=0x2D MOVE(x,y,z,rx,ry,state,tick) : 37,768 1 23,892 0,28 151,121 b1 i297897720
40216,0 tx hdr=0xF5 op=0x2D MOVE(x,y,z,rx,ry,state,tick) : 37,876 1 23,406 0,28 150,521 b1 i297897772
40265,7 tx hdr=0xF5 op=0x2D MOVE(x,y,z,rx,ry,state,tick) : 38,052 1 22,929 0,28 148,871 b1 i297897822
40311,5 tx hdr=0xF5 op=0x2D MOVE(x,y,z,rx,ry,state,tick) : 38,275 1 22,462 0,28 147,371 b1 i297897868
40362,5 tx hdr=0xF5 op=0x2D MOVE(x,y,z,rx,ry,state,tick) : 38,531 1 22,003 0,28 145,421 b1 i297897919
40412,3 tx hdr=0xF5 op=0x2D MOVE(x,y,z,rx,ry,state,tick) : 38,808 1 21,551 0,28 144,971 b1 i297897969
40466,1 tx hdr=0xF5 op=0x2D MOVE(x,y,z,rx,ry,state,tick) : 38,94 1 21,067 0,28 144,371 b5 i297898022
40514,2 tx hdr=0xF5 op=0x2D MOVE(x,y,z,rx,ry,state,tick) : 38,985 1 20,563 0,28 143,921 b5 i297898070
40566,5 tx hdr=0xF5 op=0x2D MOVE(x,y,z,rx,ry,state,tick) : 38,981 1 20,047 0,28 143,321 b5 i297898123
40611,1 tx hdr=0xF5 op=0x2D MOVE(x,y,z,rx,ry,state,tick) : 38,95 1 19,523 0,28 142,571 b5 i297898167
40660,8 tx hdr=0xF5 op=0x2D MOVE(x,y,z,rx,ry,state,tick) : 38,908 1 18,994 0,28 141,371 b5 i297898217
40715,5 tx hdr=0xF5 op=0x2D MOVE(x,y,z,rx,ry,state,tick) : 38,865 1 18,461 0,28 139,571 b5 i297898272
40762,1 tx hdr=0xF5 op=0x2D MOVE(x,y,z,rx,ry,state,tick) : 38,827 1 17,926 0,28 138,221 b5 i297898318
40811,7 tx hdr=0xF5 op=0x2D MOVE(x,y,z,rx,ry,state,tick) : 38,802 1 17,389 0,28 135,671 b5 i297898368
40864,0 tx hdr=0xF5 op=0x2D MOVE(x,y,z,rx,ry,state,tick) : 38,795 1 16,851 0,28 132,821 b5 i297898420
40912,0 tx hdr=0xF5 op=0x2D MOVE(x,y,z,rx,ry,state,tick) : 38,806 1 16,312 0,28 131,021 b5 i297898468
40962,1 tx hdr=0xF5 op=0x2D MOVE(x,y,z,rx,ry,state,tick) : 38,833 1 15,774 0,28 129,521 b5 i297898520
41011,0 tx hdr=0xF5 op=0x2D MOVE(x,y,z,rx,ry,state,tick) : 38,876 1 15,237 0,28 128,021 b5 i297898569
41065,6 tx hdr=0xF5 op=0x2D MOVE(x,y,z,rx,ry,state,tick) : 38,933 1 14,701 0,28 126,521 b5 i297898624
41111,5 tx hdr=0xF5 op=0x2D MOVE(x,y,z,rx,ry,state,tick) : 39,007 1 14,167 0,28 124,421 b5 i297898669
41162,7 tx hdr=0xF5 op=0x2D MOVE(x,y,z,rx,ry,state,tick) : 39,097 1 13,636 0,28 122,771 b5 i297898721
41211,8 tx hdr=0xF5 op=0x2D MOVE(x,y,z,rx,ry,state,tick) : 39,199 1 13,106 0,28 122,171 b5 i297898770
41260,6 tx hdr=0xF5 op=0x2D MOVE(x,y,z,rx,ry,state,tick) : 39,146 1 12,606 0,28 122,171 b4 i297898819
41314,3 tx hdr=0xF5 op=0x2D MOVE(x,y,z,rx,ry,state,tick) : 38,997 1 12,124 0,28 122,621 b4 i297898872
41360,3 tx hdr=0xF5 op=0x2D MOVE(x,y,z,rx,ry,state,tick) : 38,778 1 11,661 359,98 126,821 b4 i297898918
41412,9 tx hdr=0xF5 op=0x2D MOVE(x,y,z,rx,ry,state,tick) : 38,657 1 11,168 359,98 132,371 b5 i297898971
41460,2 tx hdr=0xF5 op=0x2D MOVE(x,y,z,rx,ry,state,tick) : 38,592 1 10,657 359,98 132,821 b5 i297899018
41516,9 tx hdr=0xF5 op=0x2D MOVE(x,y,z,rx,ry,state,tick) : 38,562 1 10,134 359,98 132,821 b5 i297899075
41560,9 tx hdr=0xF5 op=0x2D MOVE(x,y,z,rx,ry,state,tick) : 38,555 1 9,604 359,98 131,921 b5 i297899119
41612,1 tx hdr=0xF5 op=0x2D MOVE(x,y,z,rx,ry,state,tick) : 38,577 1 9,072 0,73 128,171 b5 i297899170
41660,8 tx hdr=0xF5 op=0x2D MOVE(x,y,z,rx,ry,state,tick) : 38,637 1 8,542 0,88 122,471 b5 i297899219
41713,0 tx hdr=0xF5 op=0x2D MOVE(x,y,z,rx,ry,state,tick) : 38,748 1 8,021 0,88 114,671 b5 i297899271
41760,9 tx hdr=0xF5 op=0x2D MOVE(x,y,z,rx,ry,state,tick) : 38,913 1 7,517 0,88 107,771 b5 i297899319
41814,8 tx hdr=0xF5 op=0x2D MOVE(x,y,z,rx,ry,state,tick) : 39,226 1 7,186 0,88 97,571 b1 i297899373
41864,6 tx hdr=0xF5 op=0x2D MOVE(x,y,z,rx,ry,state,tick) : 39,63 1 6,989 0,88 89,471 b1 i297899423
41911,6 tx hdr=0xF5 op=0x2D MOVE(x,y,z,rx,ry,state,tick) : 40,045 1 6,741 0,88 82,121 b5 i297899470
41963,0 tx hdr=0xF5 op=0x2D MOVE(x,y,z,rx,ry,state,tick) : 40,476 1 6,476 0,88 77,321 b5 i297899521
42010,6 tx hdr=0xF5 op=0x2D MOVE(x,y,z,rx,ry,state,tick) : 40,925 1 6,214 0,88 73,571 b5 i297899566
42065,9 tx hdr=0xF5 op=0x2D MOVE(x,y,z,rx,ry,state,tick) : 41,389 1 5,964 0,88 70,571 b5 i297899622
42110,3 tx hdr=0xF5 op=0x2D MOVE(x,y,z,rx,ry,state,tick) : 41,862 1 5,72 0,88 70,571 b5 i297899666
42160,6 tx hdr=0xF5 op=0x2D MOVE(x,y,z,rx,ry,state,tick) : 42,339 1 5,477 1,33 71,621 b5 i297899716
42217,7 tx hdr=0xF5 op=0x2D MOVE(x,y,z,rx,ry,state,tick) : 42,664 1 5,119 2,98 79,571 b4 i297899774
42265,1 tx hdr=0xF5 op=0x2D MOVE(x,y,z,rx,ry,state,tick) : 42,858 1 4,688 5,23 90,521 b4 i297899821
42311,2 tx hdr=0xF5 op=0x2D MOVE(x,y,z,rx,ry,state,tick) : 42,948 1 4,215 6,28 96,671 b4 i297899867
42368,7 tx hdr=0xF5 op=0x2D MOVE(x,y,z,rx,ry,state,tick) : 42,972 1 3,718 6,58 98,171 b4 i297899925
42414,2 tx hdr=0xF5 op=0x2D MOVE(x,y,z,rx,ry,state,tick) : 43,2 1 3,388 6,58 98,171 b1 i297899970
42468,1 tx hdr=0xF5 op=0x2D MOVE(x,y,z,rx,ry,state,tick) : 43,551 1 3,16 6,58 98,171 b1 i297900024
42514,3 tx hdr=0xF5 op=0x2D MOVE(x,y,z,rx,ry,state,tick) : 43,975 1 2,992 6,58 98,171 b1 i297900070
42566,7 tx hdr=0xF5 op=0x2D MOVE(x,y,z,rx,ry,state,tick) : 44,403 1 3,021 6,58 98,171 b9 i297900122
42617,6 tx hdr=0xF5 op=0x2D MOVE(x,y,z,rx,ry,state,tick) : 44,69 1 3,252 6,58 98,171 b8 i297900173
42662,0 tx hdr=0xF5 op=0x2D MOVE(x,y,z,rx,ry,state,tick) : 44,893 1 3,605 6,58 98,171 b8 i297900218
42717,5 tx hdr=0xF5 op=0x2D MOVE(x,y,z,rx,ry,state,tick) : 45,048 1 4,03 6,58 98,921 b8 i297900273
42762,5 tx hdr=0xF5 op=0x2D MOVE(x,y,z,rx,ry,state,tick) : 45,192 1 4,495 6,58 103,721 b8 i297900318
42810,5 tx hdr=0xF5 op=0x2D MOVE(x,y,z,rx,ry,state,tick) : 45,279 1 4,773 6,58 110,921 b0 i297900366
42867,7 tx hdr=0xF5 op=0x2D MOVE(x,y,z,rx,ry,state,tick) : 45,331 1 4,941 6,58 119,771 b0 i297900424
42914,4 tx hdr=0xF5 op=0x2D MOVE(x,y,z,rx,ry,state,tick) : 45,362 1 5,041 6,28 127,121 b0 i297900470
42965,8 tx hdr=0xF5 op=0x2D MOVE(x,y,z,rx,ry,state,tick) : 45,372 1 5,071 4,48 132,821 b32 i297900523
43017,3 tx hdr=0xF5 op=0x2D MOVE(x,y,z,rx,ry,state,tick) : 45,377 1 5,089 3,73 134,621 b32 i297900574
43063,4 tx hdr=0xF5 op=0x2D MOVE(x,y,z,rx,ry,state,tick) : 45,381 1 5,1 3,43 135,071 b32 i297900621
43117,7 tx hdr=0xF5 op=0x2D MOVE(x,y,z,rx,ry,state,tick) : 45,381 1 5,1 1,93 135,971 b32 i297900675
43162,7 tx hdr=0xF5 op=0x2D MOVE(x,y,z,rx,ry,state,tick) : 45,381 1 5,1 0,13 135,521 b32 i297900720
43217,4 tx hdr=0xF5 op=0x2D MOVE(x,y,z,rx,ry,state,tick) : 45,306 1 5,18 358,63 135,521 b34 i297900775
43263,1 tx hdr=0xF5 op=0x2D MOVE(x,y,z,rx,ry,state,tick) : 45,153 1 5,228 356,83 135,521 b38 i297900820
43311,6 tx hdr=0xF5 op=0x2D MOVE(x,y,z,rx,ry,state,tick) : 44,953 1 5,258 356,83 135,521 b38 i297900869
43322,8 tx hdr=0xF5 op=0x65 ? :
43361,0 tx hdr=0xF5 op=0x2D MOVE(x,y,z,rx,ry,state,tick) : 44,725 1 5,277 356,83 135,521 b38 i297900918
43411,3 tx hdr=0xF5 op=0x2D MOVE(x,y,z,rx,ry,state,tick) : 44,48 1 5,29 356,83 135,521 b38 i297900969
43467,0 tx hdr=0xF5 op=0x2D MOVE(x,y,z,rx,ry,state,tick) : 44,225 1 5,296 356,68 134,321 b38 i297901024
43511,3 tx hdr=0xF5 op=0x2D MOVE(x,y,z,rx,ry,state,tick) : 43,965 1 5,297 356,83 133,571 b38 i297901068
43565,4 tx hdr=0xF5 op=0x2D MOVE(x,y,z,rx,ry,state,tick) : 43,7 1 5,294 356,98 132,821 b38 i297901123
43614,3 tx hdr=0xF5 op=0x2D MOVE(x,y,z,rx,ry,state,tick) : 43,434 1 5,285 357,28 131,471 b38 i297901172
43670,7 tx hdr=0xF5 op=0x2D MOVE(x,y,z,rx,ry,state,tick) : 43,274 1 5,28 357,58 129,671 b32 i297901228
43711,3 tx hdr=0xF5 op=0x2D MOVE(x,y,z,rx,ry,state,tick) : 43,178 1 5,276 358,03 127,721 b32 i297901268
43767,1 tx hdr=0xF5 op=0x2D MOVE(x,y,z,rx,ry,state,tick) : 43,12 1 5,275 358,18 126,071 b32 i297901324
43810,7 tx hdr=0xF5 op=0x2D MOVE(x,y,z,rx,ry,state,tick) : 43,149 1 5,361 358,33 125,621 b40 i297901368
43864,6 tx hdr=0xF5 op=0x2D MOVE(x,y,z,rx,ry,state,tick) : 43,229 1 5,501 358,33 125,621 b40 i297901422
43914,4 tx hdr=0xF5 op=0x2D MOVE(x,y,z,rx,ry,state,tick) : 43,277 1 5,585 358,33 125,621 b32 i297901472
43963,5 tx hdr=0xF5 op=0x2D MOVE(x,y,z,rx,ry,state,tick) : 43,305 1 5,635 358,33 125,621 b32 i297901521
44017,9 tx hdr=0xF5 op=0x2D MOVE(x,y,z,rx,ry,state,tick) : 43,323 1 5,665 358,33 125,621 b32 i297901574
44067,3 tx hdr=0xF5 op=0x2D MOVE(x,y,z,rx,ry,state,tick) : 43,333 1 5,683 358,48 125,471 b32 i297901624
44111,6 tx hdr=0xF5 op=0x2D MOVE(x,y,z,rx,ry,state,tick) : 43,339 1 5,694 358,48 124,571 b32 i297901668
44167,9 tx hdr=0xF5 op=0x2D MOVE(x,y,z,rx,ry,state,tick) : 43,339 1 5,694 358,03 122,621 b32 i297901724
44217,3 tx hdr=0xF5 op=0x2D MOVE(x,y,z,rx,ry,state,tick) : 43,339 1 5,694 357,88 121,271 b32 i297901774
44270,7 tx hdr=0xF5 op=0x2D MOVE(x,y,z,rx,ry,state,tick) : 43,286 1 5,603 357,73 120,071 b36 i297901827
44310,9 tx hdr=0xF5 op=0x2D MOVE(x,y,z,rx,ry,state,tick) : 43,203 1 5,454 357,73 118,871 b36 i297901867
44363,9 tx hdr=0xF5 op=0x2D MOVE(x,y,z,rx,ry,state,tick) : 43,103 1 5,269 357,73 117,371 b36 i297901920
44413,3 tx hdr=0xF5 op=0x2D MOVE(x,y,z,rx,ry,state,tick) : 42,996 1 5,06 357,73 115,421 b36 i297901970
44465,6 tx hdr=0xF5 op=0x2D MOVE(x,y,z,rx,ry,state,tick) : 42,892 1 4,834 357,73 112,271 b36 i297902022
44510,7 tx hdr=0xF5 op=0x2D MOVE(x,y,z,rx,ry,state,tick) : 42,792 1 4,598 357,73 110,021 b36 i297902067
44565,4 tx hdr=0xF5 op=0x06 int3/6 : s46 s3 s4
44565,7 tx hdr=0xF5 op=0x04 HIT_REPORT(pos,seq,hits[]) :
44565,8 tx hdr=0xF5 op=0x2D MOVE(x,y,z,rx,ry,state,tick) : 42,71 1 4,35 344,253 101,539 b36 i297902122
44619,0 tx hdr=0xF5 op=0x2D MOVE(x,y,z,rx,ry,state,tick) : 42,647 1 4,094 343,544 97,872 b36 i297902175
44666,2 tx hdr=0xF5 op=0x2D MOVE(x,y,z,rx,ry,state,tick) : 42,597 1 3,834 343,046 96,155 b36 i297902223
44681,5 tx hdr=0xF5 op=0x04 HIT_REPORT(pos,seq,hits[]) : 42,633 2,662 4,024 i297902238 b6 b1 46,702 3,918 3,726
44717,2 tx hdr=0xF5 op=0x2D MOVE(x,y,z,rx,ry,state,tick) : 42,56 1 3,569 341,929 93,603 b36 i297902273
44765,9 tx hdr=0xF5 op=0x2D MOVE(x,y,z,rx,ry,state,tick) : 42,538 1 3,303 340,813 90,169 b36 i297902322
44807,2 tx hdr=0xF5 op=0x04 HIT_REPORT(pos,seq,hits[]) : 42,542 2,65 3,357 i297902364 b6 b1 46,067 3,926 3,417
44812,8 tx hdr=0xF5 op=0x2D MOVE(x,y,z,rx,ry,state,tick) : 42,529 1 3,035 340,283 87,632 b36 i297902369
44866,1 tx hdr=0xF5 op=0x2D MOVE(x,y,z,rx,ry,state,tick) : 42,535 1 2,767 340,053 83,929 b36 i297902422
44912,0 tx hdr=0xF5 op=0x2D MOVE(x,y,z,rx,ry,state,tick) : 42,559 1 2,5 344,427 79,403 b36 i297902468
44934,7 tx hdr=0xF5 op=0x04 HIT_REPORT(pos,seq,hits[]) : 42,545 2,666 2,664 i297902491 b6 b0 45,42 3,347 3,37
44966,7 tx hdr=0xF5 op=0x2D MOVE(x,y,z,rx,ry,state,tick) : 42,605 1 2,237 347,584 72,751 b36 i297902527
45017,3 tx hdr=0xF5 op=0x2D MOVE(x,y,z,rx,ry,state,tick) : 42,632 1 2,079 349,246 65,675 b32 i297902578
45054,4 tx hdr=0xF5 op=0x04 HIT_REPORT(pos,seq,hits[]) : 42,626 2,656 2,114 i297902615 b2 b0 46,82 3,871 3,389
45066,8 tx hdr=0xF5 op=0x2D MOVE(x,y,z,rx,ry,state,tick) : 42,649 1 1,984 343,494 72,345 b32 i297902627
45114,5 tx hdr=0xF5 op=0x2D MOVE(x,y,z,rx,ry,state,tick) : 42,659 1 1,927 344,588 72,259 b32 i297902675
45128,4 # net: TcpClient.Connected = True
45167,7 tx hdr=0xF5 op=0x2D MOVE(x,y,z,rx,ry,state,tick) : 42,562 1 1,859 345,53 72,054 b34 i297902728
45214,7 tx hdr=0xF5 op=0x2D MOVE(x,y,z,rx,ry,state,tick) : 42,408 1 1,868 345,617 72,054 b42 i297902775
45264,5 tx hdr=0xF5 op=0x2D MOVE(x,y,z,rx,ry,state,tick) : 42,03 1 1,977 345,678 72,054 b10 i297902825
45318,3 tx hdr=0xF5 op=0x2D MOVE(x,y,z,rx,ry,state,tick) : 41,612 1 2,14 345,746 72,054 b10 i297902879
45363,0 tx hdr=0xF5 op=0x2D MOVE(x,y,z,rx,ry,state,tick) : 41,18 1 2,357 1,417 78,464 b10 i297902923
45369,7 tx hdr=0xF5 op=0x06 int3/6 : s46 s3 s2
45369,9 tx hdr=0xF5 op=0x04 HIT_REPORT(pos,seq,hits[]) :
45413,5 tx hdr=0xF5 op=0x2D MOVE(x,y,z,rx,ry,state,tick) : 40,737 1 2,601 353,761 76,539 b10 i297902974
45463,7 tx hdr=0xF5 op=0x2D MOVE(x,y,z,rx,ry,state,tick) : 40,295 1 2,871 354,116 80,296 b10 i297903024
45492,1 tx hdr=0xF5 op=0x04 HIT_REPORT(pos,seq,hits[]) : 40,535 3,392 2,72 i297903053 b5 b1 46,28 4,086 3,59
45499,4 tx hdr=0xF5 op=0x0F slot/15 : b2
45513,6 tx hdr=0xF5 op=0x2D MOVE(x,y,z,rx,ry,state,tick) : 39,853 1 3,175 354,688 83,741 b10 i297903074
45567,0 tx hdr=0xF5 op=0x2D MOVE(x,y,z,rx,ry,state,tick) : 39,426 1 3,505 355,67 87,504 b10 i297903127
45615,3 tx hdr=0xF5 op=0x2D MOVE(x,y,z,rx,ry,state,tick) : 39,014 1 3,859 355,399 90,073 b10 i297903176
45664,7 tx hdr=0xF5 op=0x2D MOVE(x,y,z,rx,ry,state,tick) : 38,78 1 4,291 355,389 93,244 b8 i297903225
45715,1 tx hdr=0xF5 op=0x2D MOVE(x,y,z,rx,ry,state,tick) : 38,664 1 4,769 355,478 96,45 b8 i297903276
45763,0 tx hdr=0xF5 op=0x2D MOVE(x,y,z,rx,ry,state,tick) : 38,63 1 5,273 355,584 99,377 b8 i297903324
45819,4 tx hdr=0xF5 op=0x2D MOVE(x,y,z,rx,ry,state,tick) : 38,647 1 5,792 17,542 99,711 b8 i297903380
45866,6 tx hdr=0xF5 op=0x04 HIT_REPORT(pos,seq,hits[]) : 38,653 3,407 5,8 i297903427 b6 b1 39,305 3,136 5,333
45866,8 tx hdr=0xF5 op=0x2D MOVE(x,y,z,rx,ry,state,tick) : 38,785 1 6,282 18,729 125,563 b8 i297903427
45916,6 tx hdr=0xF5 op=0x2D MOVE(x,y,z,rx,ry,state,tick) : 39,081 1 6,63 16,962 166,032 b8 i297903477
45963,7 tx hdr=0xF5 op=0x2D MOVE(x,y,z,rx,ry,state,tick) : 39,474 1 6,793 11,876 191,75 b8 i297903524
46012,2 tx hdr=0xF5 op=0x2D MOVE(x,y,z,rx,ry,state,tick) : 39,71 1 6,892 12,478 199,882 b0 i297903565
46063,9 tx hdr=0xF5 op=0x2D MOVE(x,y,z,rx,ry,state,tick) : 39,852 1 6,951 14,578 210,982 b0 i297903616
46112,1 tx hdr=0xF5 op=0x2D MOVE(x,y,z,rx,ry,state,tick) : 39,937 1 6,986 15,478 216,682 b0 i297903664
46166,7 tx hdr=0xF5 op=0x2D MOVE(x,y,z,rx,ry,state,tick) : 39,988 1 7,007 15,478 217,582 b0 i297903719
46212,6 tx hdr=0xF5 op=0x2D MOVE(x,y,z,rx,ry,state,tick) : 40,018 1 7,02 15,478 217,582 b0 i297903765
46262,8 tx hdr=0xF5 op=0x2D MOVE(x,y,z,rx,ry,state,tick) : 39,902 1 6,853 15,478 217,582 b1 i297903815
46314,0 tx hdr=0xF5 op=0x2D MOVE(x,y,z,rx,ry,state,tick) : 39,699 1 6,579 15,478 217,582 b1 i297903866
46363,1 tx hdr=0xF5 op=0x2D MOVE(x,y,z,rx,ry,state,tick) : 39,447 1 6,236 15,178 215,932 b1 i297903915
46411,5 tx hdr=0xF5 op=0x2D MOVE(x,y,z,rx,ry,state,tick) : 39,207 1 5,829 14,578 204,082 b1 i297903964
46463,0 tx hdr=0xF5 op=0x2D MOVE(x,y,z,rx,ry,state,tick) : 39,076 1 5,366 12,478 176,482 b1 i297904015
46514,6 tx hdr=0xF5 op=0x2D MOVE(x,y,z,rx,ry,state,tick) : 39,071 1 4,88 9,178 160,582 b1 i297904067
46562,2 tx hdr=0xF5 op=0x2D MOVE(x,y,z,rx,ry,state,tick) : 39,273 1 4,509 7,528 156,232 b9 i297904114
46613,3 tx hdr=0xF5 op=0x2D MOVE(x,y,z,rx,ry,state,tick) : 39,599 1 4,207 7,528 156,232 b9 i297904166
46664,8 tx hdr=0xF5 op=0x2D MOVE(x,y,z,rx,ry,state,tick) : 40 1 3,947 7,528 156,082 b9 i297904217
46711,7 tx hdr=0xF5 op=0x2D MOVE(x,y,z,rx,ry,state,tick) : 40,446 1 3,712 7,528 155,932 b9 i297904264
46762,2 tx hdr=0xF5 op=0x2D MOVE(x,y,z,rx,ry,state,tick) : 40,926 1 3,514 6,478 149,932 b9 i297904314
46811,0 tx hdr=0xF5 op=0x2D MOVE(x,y,z,rx,ry,state,tick) : 41,434 1 3,392 3,778 135,982 b9 i297904363
46862,8 tx hdr=0xF5 op=0x04 HIT_REPORT(pos,seq,hits[]) :
46863,2 tx hdr=0xF5 op=0x2D MOVE(x,y,z,rx,ry,state,tick) : 41,893 1 3,475 357,296 89,583 b9 i297904415
46916,9 tx hdr=0xF5 op=0x2D MOVE(x,y,z,rx,ry,state,tick) : 42,162 1 3,745 357,911 88,142 b8 i297904469
46961,0 tx hdr=0xF5 op=0x2D MOVE(x,y,z,rx,ry,state,tick) : 42,321 1 4,127 356,387 89,469 b8 i297904513
47019,5 tx hdr=0xF5 op=0x2D MOVE(x,y,z,rx,ry,state,tick) : 42,437 1 4,575 354,926 95,321 b8 i297904573
47062,9 tx hdr=0xF5 op=0x2D MOVE(x,y,z,rx,ry,state,tick) : 42,689 1 4,966 354,21 101,368 b9 i297904616
47112,2 tx hdr=0xF5 op=0x04 HIT_REPORT(pos,seq,hits[]) :
47112,5 tx hdr=0xF5 op=0x2D MOVE(x,y,z,rx,ry,state,tick) : 43,038 1 5,299 353,129 108,326 b9 i297904666
47164,6 tx hdr=0xF5 op=0x2D MOVE(x,y,z,rx,ry,state,tick) : 43,455 1 5,568 351,989 116,786 b9 i297904718
47217,2 tx hdr=0xF5 op=0x2D MOVE(x,y,z,rx,ry,state,tick) : 43,925 1 5,755 353,197 128,087 b9 i297904770
47262,4 tx hdr=0xF5 op=0x2D MOVE(x,y,z,rx,ry,state,tick) : 44,34 1 5,694 357,256 142,456 b1 i297904816
47311,5 tx hdr=0xF5 op=0x2D MOVE(x,y,z,rx,ry,state,tick) : 44,65 1 5,445 2,322 164,001 b1 i297904865
47361,3 tx hdr=0xF5 op=0x04 HIT_REPORT(pos,seq,hits[]) : 44,589 3,39 5,492 i297904915 b2 b1 44,499 3,201 3,726
47361,5 tx hdr=0xF5 op=0x2D MOVE(x,y,z,rx,ry,state,tick) : 44,673 1 5,148 6,118 182,917 b5 i297904915
47412,8 tx hdr=0xF5 op=0x2D MOVE(x,y,z,rx,ry,state,tick) : 44,482 1 4,89 9,159 203,504 b5 i297904966
47463,5 tx hdr=0xF5 op=0x2D MOVE(x,y,z,rx,ry,state,tick) : 44,245 1 4,552 10,225 213,705 b1 i297905017
47512,3 tx hdr=0xF5 op=0x2D MOVE(x,y,z,rx,ry,state,tick) : 43,981 1 4,166 10,225 213,705 b1 i297905065
47561,5 tx hdr=0xF5 op=0x2D MOVE(x,y,z,rx,ry,state,tick) : 43,7 1 3,751 10,225 213,705 b1 i297905115
47611,3 tx hdr=0xF5 op=0x2D MOVE(x,y,z,rx,ry,state,tick) : 43,41 1 3,319 10,225 213,705 b1 i297905164
47665,4 tx hdr=0xF5 op=0x2D MOVE(x,y,z,rx,ry,state,tick) : 43,114 1 2,877 10,225 213,705 b1 i297905219
47711,5 tx hdr=0xF5 op=0x2D MOVE(x,y,z,rx,ry,state,tick) : 42,814 1 2,429 10,225 213,555 b1 i297905265
47770,2 tx hdr=0xF5 op=0x2D MOVE(x,y,z,rx,ry,state,tick) : 42,513 1 1,976 10,225 213,555 b1 i297905323
47819,7 tx hdr=0xF5 op=0x2D MOVE(x,y,z,rx,ry,state,tick) : 42,211 1 1,521 10,225 213,555 b1 i297905373
47866,4 tx hdr=0xF5 op=0x2D MOVE(x,y,z,rx,ry,state,tick) : 41,908 1 1,521 10,225 213,255 b1 i297905420
47918,7 tx hdr=0xF5 op=0x2D MOVE(x,y,z,rx,ry,state,tick) : 41,643 1 1,521 12,475 202,455 b1 i297905472
47969,0 tx hdr=0xF5 op=0x2D MOVE(x,y,z,rx,ry,state,tick) : 41,487 1 1,521 13,075 179,355 b1 i297905526
48011,9 tx hdr=0xF5 op=0x2D MOVE(x,y,z,rx,ry,state,tick) : 41,589 1 1,521 11,275 161,955 b9 i297905569
48061,5 tx hdr=0xF5 op=0x2D MOVE(x,y,z,rx,ry,state,tick) : 41,844 1 1,521 9,175 151,755 b8 i297905618
48113,3 tx hdr=0xF5 op=0x2D MOVE(x,y,z,rx,ry,state,tick) : 42,158 1 1,589 5,575 137,055 b8 i297905670
48162,3 tx hdr=0xF5 op=0x2D MOVE(x,y,z,rx,ry,state,tick) : 42,468 1 1,812 2,725 123,555 b8 i297905719
48217,2 tx hdr=0xF5 op=0x2D MOVE(x,y,z,rx,ry,state,tick) : 42,767 1 2,135 2,725 121,005 b8 i297905774
48262,4 tx hdr=0xF5 op=0x2D MOVE(x,y,z,rx,ry,state,tick) : 43,15 1 2,413 0,925 112,455 b9 i297905819
48313,2 tx hdr=0xF5 op=0x2D MOVE(x,y,z,rx,ry,state,tick) : 43,579 1 2,673 0,475 109,905 b9 i297905870
48360,9 tx hdr=0xF5 op=0x04 HIT_REPORT(pos,seq,hits[]) :
48372,1 tx hdr=0xF5 op=0x2D MOVE(x,y,z,rx,ry,state,tick) : 43,967 1 3,006 3,723 81,396 b9 i297905929
48419,4 tx hdr=0xF5 op=0x2D MOVE(x,y,z,rx,ry,state,tick) : 44,338 1 3,377 4,002 83,923 b9 i297905976
48473,5 tx hdr=0xF5 op=0x2D MOVE(x,y,z,rx,ry,state,tick) : 44,707 1 3,763 4,158 86,947 b9 i297906030
48521,3 tx hdr=0xF5 op=0x2D MOVE(x,y,z,rx,ry,state,tick) : 45,086 1 4,149 4,291 90,485 b9 i297906078
48562,3 tx hdr=0xF5 op=0x2D MOVE(x,y,z,rx,ry,state,tick) : 45,478 1 4,527 4,46 93,496 b9 i297906119
48614,4 tx hdr=0xF5 op=0x2D MOVE(x,y,z,rx,ry,state,tick) : 45,478 1 4,9 4,46 93,196 b9 i297906171
48662,7 tx hdr=0xF5 op=0x2D MOVE(x,y,z,rx,ry,state,tick) : 45,478 1 5,27 4,46 93,196 b9 i297906220
48712,5 tx hdr=0xF5 op=0x2D MOVE(x,y,z,rx,ry,state,tick) : 45,478 1 5,48 4,46 93,196 b1 i297906269
48767,3 tx hdr=0xF5 op=0x2D MOVE(x,y,z,rx,ry,state,tick) : 45,478 1 5,594 4,46 93,196 b1 i297906324
48814,0 tx hdr=0xF5 op=0x2D MOVE(x,y,z,rx,ry,state,tick) : 45,478 1 5,498 4,46 93,196 b5 i297906371
48871,1 tx hdr=0xF5 op=0x2D MOVE(x,y,z,rx,ry,state,tick) : 45,478 1 5,277 4,46 93,196 b5 i297906428
48911,5 tx hdr=0xF5 op=0x2D MOVE(x,y,z,rx,ry,state,tick) : 45,478 1 4,98 4,46 93,196 b5 i297906468
48967,4 tx hdr=0xF5 op=0x2D MOVE(x,y,z,rx,ry,state,tick) : 45,478 1 4,638 4,46 93,196 b5 i297906527
49015,0 tx hdr=0xF5 op=0x2D MOVE(x,y,z,rx,ry,state,tick) : 45,478 1 4,269 4,46 93,196 b5 i297906575
49062,8 tx hdr=0xF5 op=0x2D MOVE(x,y,z,rx,ry,state,tick) : 45,478 1 3,883 4,46 93,196 b5 i297906623
49098,9 tx hdr=0xF5 op=0x04 HIT_REPORT(pos,seq,hits[]) :
49115,0 tx hdr=0xF5 op=0x2D MOVE(x,y,z,rx,ry,state,tick) : 45,896 2 3,55 0,428 117,65 b1 i297906675
49166,6 tx hdr=0xF5 op=0x2D MOVE(x,y,z,rx,ry,state,tick) : 46,351 2 3,55 15,737 112,085 b1 i297906726
49218,0 tx hdr=0xF5 op=0x2D MOVE(x,y,z,rx,ry,state,tick) : 46,832 2 3,55 17,774 109,345 b1 i297906778
49265,9 tx hdr=0xF5 op=0x2D MOVE(x,y,z,rx,ry,state,tick) : 47,333 2 3,55 25,652 104,99 b1 i297906826
49320,6 tx hdr=0xF5 op=0x2D MOVE(x,y,z,rx,ry,state,tick) : 47,853 2 3,433 52,488 88,759 b1 i297906880
49344,1 tx hdr=0xF5 op=0x04 HIT_REPORT(pos,seq,hits[]) : 47,634 4,413 3,483 i297906904 b6 b0 47,659 3,922 3,645
49370,2 tx hdr=0xF5 op=0x2D MOVE(x,y,z,rx,ry,state,tick) : 48,018 2 3,527 49,028 318,068 b1 i297906930
49413,7 tx hdr=0xF5 op=0x2D MOVE(x,y,z,rx,ry,state,tick) : 47,94 2 3,712 36,994 306,06 b1 i297906974
49470,3 tx hdr=0xF5 op=0x2D MOVE(x,y,z,rx,ry,state,tick) : 47,7 2 3,931 38,384 299,122 b1 i297907030
49513,8 tx hdr=0xF5 op=0x2D MOVE(x,y,z,rx,ry,state,tick) : 47,7 2 4,151 52,851 293,985 b1 i297907074
49565,8 tx hdr=0xF5 op=0x2D MOVE(x,y,z,rx,ry,state,tick) : 47,7 2 4,242 56,168 259,009 b1 i297907126
49591,1 tx hdr=0xF5 op=0x04 HIT_REPORT(pos,seq,hits[]) : 47,703 4,415 4,191 i297907151 b6 b1 47,647 4,33 4,171
49611,8 tx hdr=0xF5 op=0x2D MOVE(x,y,z,rx,ry,state,tick) : 47,7 2 4,2 54,149 244,264 b1 i297907172
49665,0 tx hdr=0xF5 op=0x2D MOVE(x,y,z,rx,ry,state,tick) : 47,7 2 4,109 54,657 252,277 b1 i297907225
49721,8 tx hdr=0xF5 op=0x2D MOVE(x,y,z,rx,ry,state,tick) : 47,7 2 4,035 54,988 265,166 b1 i297907282
49764,9 tx hdr=0xF5 op=0x2D MOVE(x,y,z,rx,ry,state,tick) : 47,7 2 3,834 53,691 269,592 b9 i297907325
49819,4 tx hdr=0xF5 op=0x2D MOVE(x,y,z,rx,ry,state,tick) : 47,7 2 3,615 51,9 288,337 b9 i297907379
49851,6 tx hdr=0xF5 op=0x04 HIT_REPORT(pos,seq,hits[]) : 47,703 4,396 3,679 i297907411 b6 b1 47,684 4,371 3,692
49864,0 tx hdr=0xF5 op=0x2D MOVE(x,y,z,rx,ry,state,tick) : 47,7 2 3,294 49,014 300,494 b8 i297907424
49915,5 tx hdr=0xF5 op=0x2D MOVE(x,y,z,rx,ry,state,tick) : 47,7 2 3,098 45,081 314,228 b9 i297907475
49963,2 tx hdr=0xF5 op=0x2D MOVE(x,y,z,rx,ry,state,tick) : 47,7 2 2,993 43,064 318,189 b9 i297907515
50018,5 tx hdr=0xF5 op=0x2D MOVE(x,y,z,rx,ry,state,tick) : 47,7 2 2,936 43,916 316,507 b9 i297907570
50065,3 tx hdr=0xF5 op=0x2D MOVE(x,y,z,rx,ry,state,tick) : 47,7 2 2,899 44,533 314,325 b9 i297907617
50088,7 tx hdr=0xF5 op=0x04 HIT_REPORT(pos,seq,hits[]) : 47,704 4,398 2,924 i297907640 b6 b1 47,651 4,32 2,98
50118,4 tx hdr=0xF5 op=0x2D MOVE(x,y,z,rx,ry,state,tick) : 47,7 2 2,9 46,486 321,072 b9 i297907670
50134,5 # net: TcpClient.Connected = True
50167,0 tx hdr=0xF5 op=0x2D MOVE(x,y,z,rx,ry,state,tick) : 47,7 2 3,002 50,343 342,552 b9 i297907718
50212,2 tx hdr=0xF5 op=0x2D MOVE(x,y,z,rx,ry,state,tick) : 47,7 2 3,265 51,439 21,076 b9 i297907764
50265,8 tx hdr=0xF5 op=0x2D MOVE(x,y,z,rx,ry,state,tick) : 47,543 2 3,627 59,321 66,887 b9 i297907817
50319,5 tx hdr=0xF5 op=0x2D MOVE(x,y,z,rx,ry,state,tick) : 47,612 2 3,99 47,395 93,323 b9 i297907871
50338,4 tx hdr=0xF5 op=0x04 HIT_REPORT(pos,seq,hits[]) : 47,568 4,419 3,758 i297907890 b6 b1 48,288 3,681 3,644
50367,6 tx hdr=0xF5 op=0x2D MOVE(x,y,z,rx,ry,state,tick) : 47,849 2 4,31 42,941 107,379 b9 i297907919
50412,1 tx hdr=0xF5 op=0x2D MOVE(x,y,z,rx,ry,state,tick) : 48,104 2 4,691 40,263 120,874 b8 i297907963
50467,7 tx hdr=0xF5 op=0x2D MOVE(x,y,z,rx,ry,state,tick) : 48,421 1 5,066 36,244 138,169 b24 i297908019
50517,8 tx hdr=0xF5 op=0x2D MOVE(x,y,z,rx,ry,state,tick) : 48,738 1 5,441 11,844 153,131 b8 i297908069
50562,0 tx hdr=0xF5 op=0x2D MOVE(x,y,z,rx,ry,state,tick) : 49,141 1 5,722 8,509 165,193 b8 i297908113
50585,7 tx hdr=0xF5 op=0x04 HIT_REPORT(pos,seq,hits[]) : 48,864 3,43 5,534 i297908137 b6 b1 49,343 3,038 2,766
50616,8 tx hdr=0xF5 op=0x2D MOVE(x,y,z,rx,ry,state,tick) : 49,602 1 5,908 7,116 175,665 b8 i297908168
50663,3 tx hdr=0xF5 op=0x2D MOVE(x,y,z,rx,ry,state,tick) : 50,098 1 6,006 5,946 183,479 b8 i297908215
50713,1 tx hdr=0xF5 op=0x2D MOVE(x,y,z,rx,ry,state,tick) : 50,613 1 6,031 5,039 188,895 b8 i297908264
50766,7 tx hdr=0xF5 op=0x2D MOVE(x,y,z,rx,ry,state,tick) : 51,041 1 5,86 4,597 192,45 b9 i297908318
50816,6 tx hdr=0xF5 op=0x2D MOVE(x,y,z,rx,ry,state,tick) : 51,406 1 5,566 4,605 195,285 b9 i297908368
50837,7 tx hdr=0xF5 op=0x04 HIT_REPORT(pos,seq,hits[]) :
50866,0 tx hdr=0xF5 op=0x2D MOVE(x,y,z,rx,ry,state,tick) : 51,727 1 5,196 4,869 197,375 b9 i297908417
50916,4 tx hdr=0xF5 op=0x2D MOVE(x,y,z,rx,ry,state,tick) : 52,021 1 4,777 6,516 197,7 b9 i297908468
50962,0 tx hdr=0xF5 op=0x2D MOVE(x,y,z,rx,ry,state,tick) : 52,275 1 4,321 6,918 204,408 b9 i297908520
51015,7 tx hdr=0xF5 op=0x2D MOVE(x,y,z,rx,ry,state,tick) : 52,615 1 3,933 7,202 211,017 b8 i297908574
51062,0 tx hdr=0xF5 op=0x2D MOVE(x,y,z,rx,ry,state,tick) : 52,99 1 3,561 7,328 219,366 b8 i297908620
51090,5 tx hdr=0xF5 op=0x04 HIT_REPORT(pos,seq,hits[]) : 52,773 3,397 3,776 i297908649 b2 b1 50,727 3,022 1,728
51118,3 tx hdr=0xF5 op=0x2D MOVE(x,y,z,rx,ry,state,tick) : 53,357 1 3,17 7,45 229,787 b8 i297908677
51165,4 tx hdr=0xF5 op=0x2D MOVE(x,y,z,rx,ry,state,tick) : 53,69 1 2,747 7,557 239,001 b8 i297908724
51217,7 tx hdr=0xF5 op=0x2D MOVE(x,y,z,rx,ry,state,tick) : 54,093 1 2,407 7,494 247,836 b10 i297908776
51265,0 tx hdr=0xF5 op=0x2D MOVE(x,y,z,rx,ry,state,tick) : 54,526 1 2,095 6,971 254,485 b10 i297908823
51314,5 tx hdr=0xF5 op=0x2D MOVE(x,y,z,rx,ry,state,tick) : 54,965 1 1,78 6,155 260,559 b10 i297908873
51335,8 tx hdr=0xF5 op=0x04 HIT_REPORT(pos,seq,hits[]) :
51364,6 tx hdr=0xF5 op=0x2D MOVE(x,y,z,rx,ry,state,tick) : 55,394 1 1,447 5,363 266,045 b10 i297908923
51414,1 tx hdr=0xF5 op=0x2D MOVE(x,y,z,rx,ry,state,tick) : 55,807 1 1,091 4,941 270,108 b10 i297908972
51467,6 tx hdr=0xF5 op=0x2D MOVE(x,y,z,rx,ry,state,tick) : 56,197 1 0,71 4,66 274,558 b10 i297909026
51515,7 tx hdr=0xF5 op=0x2D MOVE(x,y,z,rx,ry,state,tick) : 56,564 1 0,5 4,466 277,958 b10 i297909074
51564,2 tx hdr=0xF5 op=0x2D MOVE(x,y,z,rx,ry,state,tick) : 56,912 1 0,5 4,073 279,621 b10 i297909122
51586,9 tx hdr=0xF5 op=0x04 HIT_REPORT(pos,seq,hits[]) :
51614,7 tx hdr=0xF5 op=0x2D MOVE(x,y,z,rx,ry,state,tick) : 57,3 1 0,5 3,572 279,757 b6 i297909173
51665,1 tx hdr=0xF5 op=0x2D MOVE(x,y,z,rx,ry,state,tick) : 57,711 1 0,553 3,573 279,08 b6 i297909223
51712,8 tx hdr=0xF5 op=0x2D MOVE(x,y,z,rx,ry,state,tick) : 57,993 1 0,802 3,348 279,301 b4 i297909271
51765,3 tx hdr=0xF5 op=0x2D MOVE(x,y,z,rx,ry,state,tick) : 58,184 1 1,171 3,272 275,653 b4 i297909324
51813,5 tx hdr=0xF5 op=0x2D MOVE(x,y,z,rx,ry,state,tick) : 58,313 1 1,611 3,289 273,687 b4 i297909372
51837,1 tx hdr=0xF5 op=0x04 HIT_REPORT(pos,seq,hits[]) :
51867,1 tx hdr=0xF5 op=0x2D MOVE(x,y,z,rx,ry,state,tick) : 58,388 1 2,096 3,265 269,621 b4 i297909425
51914,3 tx hdr=0xF5 op=0x2D MOVE(x,y,z,rx,ry,state,tick) : 58,371 1 2,597 3,137 298,305 b5 i297909473
51966,3 tx hdr=0xF5 op=0x2D MOVE(x,y,z,rx,ry,state,tick) : 58,296 1 3,108 3,635 298,094 b5 i297909525
52013,4 tx hdr=0xF5 op=0x2D MOVE(x,y,z,rx,ry,state,tick) : 58,347 1 3,613 3,811 295,747 b4 i297909562
52063,3 tx hdr=0xF5 op=0x2D MOVE(x,y,z,rx,ry,state,tick) : 58,476 1 4,113 5,065 296,608 b4 i297909612
52084,7 tx hdr=0xF5 op=0x04 HIT_REPORT(pos,seq,hits[]) :
52113,2 tx hdr=0xF5 op=0x2D MOVE(x,y,z,rx,ry,state,tick) : 58,625 1 4,621 4,797 288,903 b4 i297909662
52161,9 tx hdr=0xF5 op=0x2D MOVE(x,y,z,rx,ry,state,tick) : 58,764 1 5,14 5,498 283,174 b4 i297909711
52214,0 tx hdr=0xF5 op=0x2D MOVE(x,y,z,rx,ry,state,tick) : 58,864 1 5,671 6,04 274,269 b4 i297909763
52263,4 tx hdr=0xF5 op=0x2D MOVE(x,y,z,rx,ry,state,tick) : 58,751 1 6,125 6,449 263,171 b5 i297909812
52313,0 tx hdr=0xF5 op=0x2D MOVE(x,y,z,rx,ry,state,tick) : 58,484 1 6,491 6,932 250,027 b5 i297909862
52332,7 tx hdr=0xF5 op=0x04 HIT_REPORT(pos,seq,hits[]) : 58,673 3,395 6,232 i297909882 b6 b1 56,071 3,028 4,951
52364,3 tx hdr=0xF5 op=0x2D MOVE(x,y,z,rx,ry,state,tick) : 58,112 1 6,771 2,342 241,16 b5 i297909913
52412,0 tx hdr=0xF5 op=0x2D MOVE(x,y,z,rx,ry,state,tick) : 57,699 1 6,829 2,533 239,789 b1 i297909961
52466,8 tx hdr=0xF5 op=0x2D MOVE(x,y,z,rx,ry,state,tick) : 57,263 1 6,75 2,598 238,708 b1 i297910016
52514,3 tx hdr=0xF5 op=0x2D MOVE(x,y,z,rx,ry,state,tick) : 56,815 1 6,585 2,465 238,028 b1 i297910063
52563,2 tx hdr=0xF5 op=0x2D MOVE(x,y,z,rx,ry,state,tick) : 56,356 1 6,377 2,433 240,057 b1 i297910112
52585,4 tx hdr=0xF5 op=0x04 HIT_REPORT(pos,seq,hits[]) :
52612,5 tx hdr=0xF5 op=0x2D MOVE(x,y,z,rx,ry,state,tick) : 56,018 1 6,041 2,437 241,405 b9 i297910162
52669,1 tx hdr=0xF5 op=0x2D MOVE(x,y,z,rx,ry,state,tick) : 55,751 1 5,629 2,531 242,021 b9 i297910218
52717,9 tx hdr=0xF5 op=0x2D MOVE(x,y,z,rx,ry,state,tick) : 55,517 1 5,174 2,682 244,444 b9 i297910267
52765,3 tx hdr=0xF5 op=0x2D MOVE(x,y,z,rx,ry,state,tick) : 55,296 1 4,697 2,866 246,668 b9 i297910314
52812,1 tx hdr=0xF5 op=0x2D MOVE(x,y,z,rx,ry,state,tick) : 55,241 1 4,205 3,033 249,371 b8 i297910361
52826,9 tx hdr=0xF5 op=0x04 HIT_REPORT(pos,seq,hits[]) :
52865,7 tx hdr=0xF5 op=0x2D MOVE(x,y,z,rx,ry,state,tick) : 55,273 1 3,699 3,04 252,709 b8 i297910415
52915,1 tx hdr=0xF5 op=0x2D MOVE(x,y,z,rx,ry,state,tick) : 55,178 1 3,208 2,977 256,129 b9 i297910464
52962,2 tx hdr=0xF5 op=0x2D MOVE(x,y,z,rx,ry,state,tick) : 54,998 1 2,731 3,015 259,216 b9 i297910517
53016,4 tx hdr=0xF5 op=0x2D MOVE(x,y,z,rx,ry,state,tick) : 54,755 1 2,271 3,2 262,798 b9 i297910571
53064,7 tx hdr=0xF5 op=0x2D MOVE(x,y,z,rx,ry,state,tick) : 54,39 1 1,98 3,433 266,078 b1 i297910620
53080,6 tx hdr=0xF5 op=0x04 HIT_REPORT(pos,seq,hits[]) :
53113,2 tx hdr=0xF5 op=0x2D MOVE(x,y,z,rx,ry,state,tick) : 53,951 1 1,798 3,671 268,206 b1 i297910668
53163,6 tx hdr=0xF5 op=0x2D MOVE(x,y,z,rx,ry,state,tick) : 53,467 1 1,689 3,86 269,816 b1 i297910719
53216,9 tx hdr=0xF5 op=0x2D MOVE(x,y,z,rx,ry,state,tick) : 52,957 1 1,626 4,019 270,876 b1 i297910772
53263,1 tx hdr=0xF5 op=0x2D MOVE(x,y,z,rx,ry,state,tick) : 52,431 1 1,595 4,277 271,618 b1 i297910818
53365,3 tx hdr=0xF5 op=0x42 req/66 :
53496,3 tx hdr=0xF5 op=0x42 req/66 :
53622,5 tx hdr=0xF5 op=0x42 req/66 :
53746,6 tx hdr=0xF5 op=0x42 req/66 :
53875,5 tx hdr=0xF5 op=0x42 req/66 :
55139,0 # net: TcpClient.Connected = True
55285,2 tx hdr=0xF5 op=0x0F slot/15 : b0
55297,0 tx hdr=0xF5 op=0x2D MOVE(x,y,z,rx,ry,state,tick) : 19,69 1 48,982 4,351 270 b0 i297912852
55349,1 tx hdr=0xF5 op=0x2D MOVE(x,y,z,rx,ry,state,tick) : 19,504 1 48,971 4,351 270 b0 i297912904
55399,9 tx hdr=0xF5 op=0x2D MOVE(x,y,z,rx,ry,state,tick) : 20,5 1 49,5 4,351 270 b0 i297912955
55449,9 tx hdr=0xF5 op=0x2D MOVE(x,y,z,rx,ry,state,tick) : 20,5 1 49,5 4,351 270 b0 i297913005
55499,1 tx hdr=0xF5 op=0x2D MOVE(x,y,z,rx,ry,state,tick) : 20,5 1 49,5 4,351 270 b0 i297913054
55549,9 tx hdr=0xF5 op=0x2D MOVE(x,y,z,rx,ry,state,tick) : 20,5 1 49,5 4,351 270 b0 i297913105
55598,3 tx hdr=0xF5 op=0x2D MOVE(x,y,z,rx,ry,state,tick) : 20,5 1 49,5 4,351 270 b0 i297913153
55652,8 tx hdr=0xF5 op=0x2D MOVE(x,y,z,rx,ry,state,tick) : 20,5 1 49,5 4,351 270 b0 i297913208
55700,3 tx hdr=0xF5 op=0x2D MOVE(x,y,z,rx,ry,state,tick) : 20,5 1 49,5 4,351 270 b0 i297913255
55749,0 tx hdr=0xF5 op=0x2D MOVE(x,y,z,rx,ry,state,tick) : 20,5 1 49,5 4,351 270 b0 i297913304
55797,1 tx hdr=0xF5 op=0x2D MOVE(x,y,z,rx,ry,state,tick) : 20,5 1 49,5 4,351 270 b0 i297913352
55847,4 tx hdr=0xF5 op=0x2D MOVE(x,y,z,rx,ry,state,tick) : 20,5 1 49,5 4,351 270 b0 i297913403
55903,2 tx hdr=0xF5 op=0x2D MOVE(x,y,z,rx,ry,state,tick) : 20,5 1 49,5 4,351 270 b0 i297913458
55948,2 tx hdr=0xF5 op=0x2D MOVE(x,y,z,rx,ry,state,tick) : 20,5 1 49,5 4,351 270 b0 i297913503
56002,7 tx hdr=0xF5 op=0x2D MOVE(x,y,z,rx,ry,state,tick) : 20,5 1 49,5 4,351 270 b0 i297913558
56054,3 tx hdr=0xF5 op=0x2D MOVE(x,y,z,rx,ry,state,tick) : 20,5 1 49,5 4,351 270 b0 i297913614
56103,7 tx hdr=0xF5 op=0x2D MOVE(x,y,z,rx,ry,state,tick) : 20,5 1 49,5 4,351 270 b0 i297913663
56151,6 tx hdr=0xF5 op=0x2D MOVE(x,y,z,rx,ry,state,tick) : 20,5 1 49,5 4,351 270 b0 i297913711

56176,2 ==== CAPTURE OFF ====
