# Blockpost room-protocol capture, started 2026-08-23 14:05:11
# tx: <ms> tx hdr=0xNN op=0xNN <name> : <fields>    rx: <ms> rx len=N <hex>
11220,7 ==== FIELDWATCH ON ====
11223,7 # net: TcpClient.Connected = True
11232,5 # fieldwatch player: 53 numeric fields on KBBBHJDINCB
11233,5 # fieldwatch Controll.static: 74 numeric fields on Controll
11233,6 # fieldwatch Controll: 28 numeric fields on Controll
11233,9 # fieldwatch weapon: 3 numeric fields on CGJPBNDDPIN
11270,3 fw Controll.static GIPNIMALPEG          0.7957 -> 0.0671
11274,7 fw Controll.static DGNDKAKOEPD          551079 -> 552074
11274,7 fw Controll.static BEJBLGGGOCC       338131365 -> 338132358
11274,8 fw Controll.static JELGPAKAJPE              99 -> 97
11274,8 fw Controll.static EENJPDHGGGC          9.9904 -> 10.9846
11283,2 fw Controll.static MKFDGFOCKNO         10.9378 -> 10.9878
11283,2 fw Controll.static LEKCBKLAILO         10.9878 -> 11.0378
11283,2 fw Controll.static OFJKHAFJIMA          0.0034 -> 0.0032
11286,8 fw Controll.static GIPNIMALPEG          0.0671 -> 0.3988
11301,6 fw Controll.static GIPNIMALPEG          0.3988 -> 0.6947
11333,1 fw Controll.static GIPNIMALPEG          0.6947 -> 0.3255
11337,7 fw Controll.static MKFDGFOCKNO         10.9878 -> 11.0378
11337,7 fw Controll.static LEKCBKLAILO         11.0378 -> 11.0878
11337,7 fw Controll.static OFJKHAFJIMA          0.0032 -> 0.0161
11349,1 fw Controll.static GIPNIMALPEG          0.3255 -> 0.6442
11367,5 fw Controll.static GIPNIMALPEG          0.6442 -> 0.0129
11375,5 fw Controll.static MKFDGFOCKNO         11.0378 -> 11.0878
11375,5 fw Controll.static LEKCBKLAILO         11.0878 -> 11.1378
11375,5 fw Controll.static OFJKHAFJIMA          0.0161 -> 0.0004
11382,4 fw Controll.static GIPNIMALPEG          0.0129 -> 0.311
11400,5 fw Controll.static GIPNIMALPEG           0.311 -> 0.6721
11415,2 fw Controll.static GIPNIMALPEG          0.6721 -> 0.9666
11428,1 fw Controll.static MKFDGFOCKNO         11.0878 -> 11.1378
11428,1 fw Controll.static LEKCBKLAILO         11.1378 -> 11.1878
11428,1 fw Controll.static OFJKHAFJIMA          0.0004 -> 0.0015
11433,4 fw Controll.static GIPNIMALPEG          0.9666 -> 0.331
11449,2 fw Controll.static GIPNIMALPEG           0.331 -> 0.6461
11449,2 fw Controll.static NAKNALFCOIF              15 -> 14.85
11460,3 fw Controll.static GIPNIMALPEG          0.6461 -> 0.8676
11472,7 fw Controll.static MKFDGFOCKNO         11.1378 -> 11.1878
11472,7 fw Controll.static LEKCBKLAILO         11.1878 -> 11.2378
11483,0 fw Controll.static GIPNIMALPEG          0.8676 -> 0.3232
11483,1 fw Controll.static NAKNALFCOIF           14.85 -> 14.55
11498,0 fw Controll.static GIPNIMALPEG          0.3232 -> 0.6231
11500,6 fw Controll.static NAKNALFCOIF           14.55 -> 14.1
11516,6 fw Controll.static GIPNIMALPEG          0.6231 -> 0.9939
11516,6 fw Controll.static NAKNALFCOIF            14.1 -> 13.2
11516,6 fw Controll.static IGLCENGMMMJ            26.1 -> 26.25
11524,2 fw Controll.static MKFDGFOCKNO         11.1878 -> 11.2379
11524,2 fw Controll.static LEKCBKLAILO         11.2378 -> 11.2879
11524,2 fw Controll.static OFJKHAFJIMA          0.0015 -> 0.0071
11528,9 fw Controll.static GIPNIMALPEG          0.9939 -> 0.2399
11539,2 fw Controll.static NAKNALFCOIF            13.2 -> 11.4
11539,2 fw Controll.static IGLCENGMMMJ           26.25 -> 26.7
11552,1 fw Controll.static GIPNIMALPEG          0.2399 -> 0.7045
11552,2 fw Controll.static NAKNALFCOIF            11.4 -> 10.5
11552,2 fw Controll.static IGLCENGMMMJ            26.7 -> 26.85
11567,2 fw Controll.static GIPNIMALPEG          0.7045 -> 0.0062
11570,5 fw Controll.static NAKNALFCOIF            10.5 -> 7.2
11570,5 fw Controll.static IGLCENGMMMJ           26.85 -> 27
11582,4 fw Controll.static MKFDGFOCKNO         11.2379 -> 11.2879
11582,4 fw Controll.static LEKCBKLAILO         11.2879 -> 11.3379
11582,4 fw Controll.static OFJKHAFJIMA          0.0071 -> 0.0001
11586,2 fw Controll.static GIPNIMALPEG          0.0062 -> 0.3876
11586,3 fw Controll.static NAKNALFCOIF             7.2 -> 4.95
11601,9 fw Controll.static GIPNIMALPEG          0.3876 -> 0.7011
11611,4 fw Controll.static NAKNALFCOIF            4.95 -> 2.55
11625,4 fw Controll.static GIPNIMALPEG          0.7011 -> 0.1708
11625,4 fw Controll.static NAKNALFCOIF            2.55 -> 1.65
11631,2 fw Controll.static MKFDGFOCKNO         11.2879 -> 11.3379
11631,2 fw Controll.static LEKCBKLAILO         11.3379 -> 11.3879
11631,2 fw Controll.static OFJKHAFJIMA          0.0001 -> 0.0083
11638,5 fw Controll.static GIPNIMALPEG          0.1708 -> 0.4323
11643,9 fw Controll.static NAKNALFCOIF            1.65 -> 1.2
11656,0 fw Controll.static GIPNIMALPEG          0.4323 -> 0.7822
11656,0 fw Controll.static NAKNALFCOIF             1.2 -> 1.05
11668,7 fw player          LNIDBHIAJJI              18 -> 19
11668,7 fw player          ACAIGMNLLEC              10 -> 5
11668,7 fw player          HEADELMLILF               0 -> 1
11668,7 fw Controll.static GIPNIMALPEG          0.7822 -> 0.0369
11683,1 fw Controll.static MKFDGFOCKNO         11.3379 -> 11.3879
11683,1 fw Controll.static LEKCBKLAILO         11.3879 -> 11.4379
11683,1 fw Controll.static OFJKHAFJIMA          0.0083 -> 0.0017
11689,0 fw Controll.static GIPNIMALPEG          0.0369 -> 0.4424
11701,9 fw Controll.static GIPNIMALPEG          0.4424 -> 0.6994
11714,8 fw Controll.static GIPNIMALPEG          0.6994 -> 0.9589
11729,0 fw Controll.static GLGCAOADGMN               0 -> 1
11729,0 fw Controll.static MKFDGFOCKNO         11.3879 -> 11.4379
11729,1 fw Controll.static LEKCBKLAILO         11.4379 -> 11.4879
11729,1 fw Controll.static OFJKHAFJIMA          0.0017 -> 0.0021
11729,1 fw Controll        MJPKOOHJOPA          6.9745 -> 8.5656
11732,4 fw Controll.static MNHBPCOOMLE          551146 -> 552738
11732,4 fw Controll.static GIPNIMALPEG          0.9589 -> 0.3101
11748,4 fw player          ACAIGMNLLEC               5 -> 1
11748,4 fw Controll.static GIPNIMALPEG          0.3101 -> 0.6306
11770,7 fw Controll.static GIPNIMALPEG          0.6306 -> 0.0759
11774,3 fw player          ACAIGMNLLEC               1 -> 0
11774,5 fw Controll.static MKFDGFOCKNO         11.4379 -> 11.4879
11774,5 fw Controll.static LEKCBKLAILO         11.4879 -> 11.5379
11774,5 fw Controll.static OFJKHAFJIMA          0.0021 -> 0.0036
11785,9 fw Controll.static GIPNIMALPEG          0.0759 -> 0.377
11798,9 fw Controll.static GLGCAOADGMN               1 -> 0
11803,6 fw Controll.static GIPNIMALPEG           0.377 -> 0.7341
11816,1 fw Controll.static GIPNIMALPEG          0.7341 -> 0.9844
11830,7 fw Controll.static MKFDGFOCKNO         11.4879 -> 11.5379
11830,7 fw Controll.static LEKCBKLAILO         11.5379 -> 11.5879
11830,7 fw Controll.static OFJKHAFJIMA          0.0036 -> 0.0073
11835,3 fw player          HEADELMLILF               1 -> 0
11835,3 fw Controll.static GIPNIMALPEG          0.9844 -> 0.3685
11850,1 fw Controll.static GIPNIMALPEG          0.3685 -> 0.6643
11869,8 fw Controll.static GIPNIMALPEG          0.6643 -> 0.0586
11878,5 fw Controll.static MKFDGFOCKNO         11.5379 -> 11.5879
11878,5 fw Controll.static LEKCBKLAILO         11.5879 -> 11.6379
11878,5 fw Controll.static OFJKHAFJIMA          0.0073 -> 0.0027
11885,1 fw Controll.static GIPNIMALPEG          0.0586 -> 0.3643
11906,2 fw Controll.static GIPNIMALPEG          0.3643 -> 0.7862
11906,2 fw Controll.static NAKNALFCOIF            1.05 -> 0.9
11920,7 fw player          LNIDBHIAJJI              19 -> 18
11920,8 fw Controll.static GIPNIMALPEG          0.7862 -> 0.0763
11920,8 fw Controll.static NAKNALFCOIF             0.9 -> 0.6
11924,3 fw Controll.static IGLCENGMMMJ              27 -> 27.3
11935,1 fw Controll.static MKFDGFOCKNO         11.5879 -> 11.6379
11935,1 fw Controll.static LEKCBKLAILO         11.6379 -> 11.6879
11935,1 fw Controll.static OFJKHAFJIMA          0.0027 -> 0.0036
11935,2 fw Controll.static MNHBPCOOMLE          552738 -> 552944
11935,2 fw Controll        MJPKOOHJOPA          8.5656 -> 8.7736
11939,0 fw Controll.static GIPNIMALPEG          0.0763 -> 0.4417
11939,0 fw Controll.static NAKNALFCOIF             0.6 -> 0.45
11949,8 fw Controll.static GLGCAOADGMN               0 -> 1
11954,0 fw Controll.static GIPNIMALPEG          0.4417 -> 0.7418
11954,0 fw Controll.static NAKNALFCOIF            0.45 -> 0.3
11954,0 fw Controll.static IGLCENGMMMJ            27.3 -> 27.45
11967,8 fw Controll.static MKFDGFOCKNO         11.6379 -> 11.6879
11967,8 fw Controll.static LEKCBKLAILO         11.6879 -> 11.7379
11967,8 fw Controll.static OFJKHAFJIMA          0.0036 -> 0.0007
11967,8 fw Controll.static GIPNIMALPEG          0.7418 -> 0.0179
11978,5 fw Controll.static NAKNALFCOIF             0.3 -> 0.15
11990,6 fw Controll.static GIPNIMALPEG          0.0179 -> 0.4736
12002,9 fw Controll.static GIPNIMALPEG          0.4736 -> 0.7189
12023,0 fw Controll.static GIPNIMALPEG          0.7189 -> 0.1226
12028,6 fw Controll.static MKFDGFOCKNO         11.6879 -> 11.7379
12028,6 fw Controll.static LEKCBKLAILO         11.7379 -> 11.7879
12028,6 fw Controll.static OFJKHAFJIMA          0.0007 -> 0.0059
12037,4 fw Controll.static GIPNIMALPEG          0.1226 -> 0.4103
12042,4 fw Controll.static NAKNALFCOIF            0.15 -> 0
12054,3 fw Controll.static GIPNIMALPEG          0.4103 -> 0.7471
12054,3 fw Controll.static NAKNALFCOIF               0 -> -0.15
12054,3 fw Controll.static IGLCENGMMMJ           27.45 -> 27.6
12068,2 fw Controll.static GIPNIMALPEG          0.7471 -> 0.0261
12079,9 fw Controll.static NAKNALFCOIF           -0.15 -> -0.3
12079,9 fw Controll.static IGLCENGMMMJ            27.6 -> 27.75
12083,1 fw Controll.static MKFDGFOCKNO         11.7379 -> 11.7879
12083,1 fw Controll.static LEKCBKLAILO         11.7879 -> 11.8379
12083,1 fw Controll.static OFJKHAFJIMA          0.0059 -> 0.0011
12091,8 fw Controll.static GIPNIMALPEG          0.0261 -> 0.4981
12098,9 fw Controll.static GLGCAOADGMN               1 -> 0
12103,9 fw Controll.static GIPNIMALPEG          0.4981 -> 0.7391
12125,3 fw Controll.static GIPNIMALPEG          0.7391 -> 0.1672
12131,2 fw Controll.static MKFDGFOCKNO         11.7879 -> 11.8379
12131,2 fw Controll.static LEKCBKLAILO         11.8379 -> 11.8879
12131,2 fw Controll.static OFJKHAFJIMA          0.0011 -> 0.008
12139,4 fw Controll.static GIPNIMALPEG          0.1672 -> 0.4491
12152,6 fw player          LBKINNIDKEC               1 -> 0
12156,6 fw Controll.static GIPNIMALPEG          0.4491 -> 0.7932
12156,6 fw Controll.static NAKNALFCOIF            -0.3 -> -0.45
12169,7 fw player          ACAIGMNLLEC               0 -> 255
12169,7 fw player          HEADELMLILF               0 -> 1
12169,7 fw Controll.static GIPNIMALPEG          0.7932 -> 0.0562
12183,2 fw Controll.static MKFDGFOCKNO         11.8379 -> 11.8879
12183,2 fw Controll.static LEKCBKLAILO         11.8879 -> 11.9379
12183,2 fw Controll.static OFJKHAFJIMA           0.008 -> 0.0026
12191,6 fw Controll.static GIPNIMALPEG          0.0562 -> 0.4943
12199,3 fw Controll.static GLGCAOADGMN               0 -> 1
12199,3 fw Controll        MJPKOOHJOPA          8.7736 -> 9.0364
12204,6 fw Controll.static MNHBPCOOMLE          552944 -> 553209
12204,6 fw Controll.static GIPNIMALPEG          0.4943 -> 0.7528
12218,5 fw Controll.static MKFDGFOCKNO         11.8879 -> 11.9379
12218,5 fw Controll.static LEKCBKLAILO         11.9379 -> 11.9879
12218,5 fw Controll.static OFJKHAFJIMA          0.0026 -> 0.0014
12218,5 fw Controll.static GIPNIMALPEG          0.7528 -> 0.0313
12239,5 fw Controll.static GIPNIMALPEG          0.0313 -> 0.4526
12247,4 fw player          LNIDBHIAJJI              18 -> 19
12247,4 fw player          HEADELMLILF               1 -> 0
12251,3 fw Controll.static GIPNIMALPEG          0.4526 -> 0.6876
12266,7 fw Controll.static GLGCAOADGMN               1 -> 0
12270,9 fw Controll.static GIPNIMALPEG          0.6876 -> 0.0788
12270,9 fw Controll.static DGNDKAKOEPD          552074 -> 553077
12270,9 fw Controll.static BEJBLGGGOCC       338132358 -> 338133364
12279,9 fw Controll.static JELGPAKAJPE              97 -> 98
12279,9 fw Controll.static EENJPDHGGGC         10.9846 -> 11.9878
12279,9 fw Controll.static MKFDGFOCKNO         11.9379 -> 11.9879
12279,9 fw Controll.static LEKCBKLAILO         11.9879 -> 12.0379
12279,9 fw Controll.static OFJKHAFJIMA          0.0014 -> 0.0038
12284,0 fw Controll.static GIPNIMALPEG          0.0788 -> 0.3422
12304,7 fw Controll.static GIPNIMALPEG          0.3422 -> 0.7565
12317,1 fw Controll.static GIPNIMALPEG          0.7565 -> 0.0039
12330,4 fw Controll.static MKFDGFOCKNO         11.9879 -> 12.0379
12330,4 fw Controll.static LEKCBKLAILO         12.0379 -> 12.0879
12330,4 fw Controll.static OFJKHAFJIMA          0.0038 -> 0
12335,1 fw Controll.static GIPNIMALPEG          0.0039 -> 0.3614
12348,2 fw Controll.static GIPNIMALPEG          0.3614 -> 0.6258
12368,5 fw Controll.static GIPNIMALPEG          0.6258 -> 0.0312
12376,1 fw Controll.static MKFDGFOCKNO         12.0379 -> 12.0879
12376,1 fw Controll.static LEKCBKLAILO         12.0879 -> 12.1379
12376,1 fw Controll.static OFJKHAFJIMA               0 -> 0.0014
12382,4 fw Controll.static GIPNIMALPEG          0.0312 -> 0.3093
12401,9 fw Controll.static GIPNIMALPEG          0.3093 -> 0.699
12415,4 fw Controll.static GIPNIMALPEG           0.699 -> 0.9686
12429,6 fw Controll.static MKFDGFOCKNO         12.0879 -> 12.1379
12429,6 fw Controll.static LEKCBKLAILO         12.1379 -> 12.1879
12429,6 fw Controll.static OFJKHAFJIMA          0.0014 -> 0.0058
12434,9 fw Controll.static GIPNIMALPEG          0.9686 -> 0.3585
12446,5 fw player          LNIDBHIAJJI              19 -> 18
12448,7 fw Controll.static GIPNIMALPEG          0.3585 -> 0.6349
12465,3 fw Controll.static GIPNIMALPEG          0.6349 -> 0.9666
12471,0 fw Controll.static NAKNALFCOIF           -0.45 -> -0.6
12471,0 fw Controll.static IGLCENGMMMJ           27.75 -> 27.9
12478,7 fw Controll.static MKFDGFOCKNO         12.1379 -> 12.1879
12478,7 fw Controll.static LEKCBKLAILO         12.1879 -> 12.2379
12478,7 fw Controll.static OFJKHAFJIMA          0.0058 -> 0.0039
12482,7 fw Controll.static GIPNIMALPEG          0.9666 -> 0.3155
12494,0 fw Controll.static BFEOOOMMGLK               0 -> 1
12494,0 fw Controll.static GLGCAOADGMN               0 -> 1
12494,0 fw Controll        MJPKOOHJOPA          9.0364 -> 9.3305
12497,8 fw Controll.static MNHBPCOOMLE          553209 -> 553503
12497,8 fw Controll.static GIPNIMALPEG          0.3155 -> 0.6174
12507,9 fw player          LNIDBHIAJJI              18 -> 19
12508,0 fw Controll.static NAKNALFCOIF            -0.6 -> -0.75
12508,0 fw Controll.static BFEOOOMMGLK               1 -> 0
12520,8 fw Controll.static GIPNIMALPEG          0.6174 -> 0.0761
12526,4 fw Controll.static MKFDGFOCKNO         12.1879 -> 12.2379
12526,4 fw Controll.static LEKCBKLAILO         12.2379 -> 12.2879
12526,4 fw Controll.static OFJKHAFJIMA          0.0039 -> 0.0036
12534,0 fw Controll.static GIPNIMALPEG          0.0761 -> 0.3407
12552,3 fw Controll.static GIPNIMALPEG          0.3407 -> 0.7075
12552,4 fw Controll.static NAKNALFCOIF           -0.75 -> -0.9
12552,4 fw Controll.static IGLCENGMMMJ            27.9 -> 28.05
12567,2 fw Controll.static GIPNIMALPEG          0.7075 -> 0.0048
12580,6 fw Controll.static IGLCENGMMMJ           28.05 -> 28.2
12580,6 fw Controll.static GLGCAOADGMN               1 -> 0
12583,7 fw Controll.static MKFDGFOCKNO         12.2379 -> 12.2879
12583,7 fw Controll.static LEKCBKLAILO         12.2879 -> 12.3379
12583,7 fw Controll.static OFJKHAFJIMA          0.0036 -> 0
12593,1 fw Controll.static GIPNIMALPEG          0.0048 -> 0.5224
12605,5 fw Controll.static GIPNIMALPEG          0.5224 -> 0.7716
12617,5 fw Controll.static MKFDGFOCKNO         12.2879 -> 12.3379
12617,5 fw Controll.static LEKCBKLAILO         12.3379 -> 12.3879
12617,5 fw Controll.static OFJKHAFJIMA               0 -> 0.0004
12626,8 fw Controll.static GIPNIMALPEG          0.7716 -> 0.196
12639,9 fw Controll.static GIPNIMALPEG           0.196 -> 0.459
12659,8 fw Controll.static GIPNIMALPEG           0.459 -> 0.8571
12659,8 fw Controll.static NAKNALFCOIF            -0.9 -> -1.05
12659,8 fw Controll.static IGLCENGMMMJ            28.2 -> 28.35
12672,8 fw Controll.static GIPNIMALPEG          0.8571 -> 0.117
12678,5 fw Controll.static IGLCENGMMMJ           28.35 -> 28.5
12685,3 fw Controll.static MKFDGFOCKNO         12.3379 -> 12.3879
12685,3 fw Controll.static LEKCBKLAILO         12.3879 -> 12.4379
12685,3 fw Controll.static OFJKHAFJIMA          0.0004 -> 0.0057
12690,0 fw Controll.static GIPNIMALPEG           0.117 -> 0.4604
12699,0 fw Controll.static GLGCAOADGMN               0 -> 1
12699,1 fw Controll        MJPKOOHJOPA          9.3305 -> 9.5377
12703,2 fw Controll.static MNHBPCOOMLE          553503 -> 553708
12703,2 fw Controll.static GIPNIMALPEG          0.4604 -> 0.7254
12718,4 fw Controll.static MKFDGFOCKNO         12.3879 -> 12.4379
12718,4 fw Controll.static LEKCBKLAILO         12.4379 -> 12.4879
12718,4 fw Controll.static OFJKHAFJIMA          0.0057 -> 0.0012
12718,4 fw Controll.static GIPNIMALPEG          0.7254 -> 0.0282
12732,6 fw Controll.static GLGCAOADGMN               1 -> 0
12742,4 fw Controll.static GIPNIMALPEG          0.0282 -> 0.507
12756,4 fw Controll.static GIPNIMALPEG           0.507 -> 0.789
12768,0 fw Controll.static MKFDGFOCKNO         12.4379 -> 12.488
12768,0 fw Controll.static LEKCBKLAILO         12.4879 -> 12.538
12768,0 fw Controll.static OFJKHAFJIMA          0.0012 -> 0.0008
12774,8 fw Controll.static GIPNIMALPEG           0.789 -> 0.1564
12788,2 fw Controll.static GIPNIMALPEG          0.1564 -> 0.424
12808,9 fw Controll.static GIPNIMALPEG           0.424 -> 0.8382
12822,7 fw Controll.static GIPNIMALPEG          0.8382 -> 0.115
12828,4 fw Controll.static NAKNALFCOIF           -1.05 -> -1.2
12828,4 fw Controll.static IGLCENGMMMJ            28.5 -> 28.65
12834,6 fw Controll.static MKFDGFOCKNO          12.488 -> 12.538
12834,6 fw Controll.static LEKCBKLAILO          12.538 -> 12.588
12834,6 fw Controll.static OFJKHAFJIMA          0.0008 -> 0.0056
12841,3 fw Controll.static GIPNIMALPEG           0.115 -> 0.4862
12841,3 fw Controll.static NAKNALFCOIF            -1.2 -> -1.35
12841,3 fw Controll.static IGLCENGMMMJ           28.65 -> 28.8
12853,6 fw Controll.static GIPNIMALPEG          0.4862 -> 0.733
12868,0 fw Controll.static MKFDGFOCKNO          12.538 -> 12.588
12868,0 fw Controll.static LEKCBKLAILO          12.588 -> 12.638
12868,0 fw Controll.static OFJKHAFJIMA          0.0056 -> 0.0009
12878,2 fw Controll.static GIPNIMALPEG           0.733 -> 0.2249
12890,7 fw Controll.static GIPNIMALPEG          0.2249 -> 0.4738
12908,3 fw Controll.static GIPNIMALPEG          0.4738 -> 0.8274
12918,1 fw Controll.static MKFDGFOCKNO          12.588 -> 12.638
12918,1 fw Controll.static LEKCBKLAILO          12.638 -> 12.688
12922,7 fw Controll.static GIPNIMALPEG          0.8274 -> 0.115
12946,5 fw Controll.static GIPNIMALPEG           0.115 -> 0.5899
12946,5 fw Controll.static BFEOOOMMGLK               0 -> 1
12946,5 fw Controll        MJPKOOHJOPA          9.5377 -> 9.7835
12949,3 fw Controll.static GLGCAOADGMN               0 -> 1
12961,6 fw Controll.static MNHBPCOOMLE          553708 -> 553956
12961,6 fw Controll.static GIPNIMALPEG          0.5899 -> 0.8927
12964,9 fw Controll.static BFEOOOMMGLK               1 -> 0
12975,0 fw Controll.static MKFDGFOCKNO          12.638 -> 12.688
12975,0 fw Controll.static LEKCBKLAILO          12.688 -> 12.738
12975,0 fw Controll.static OFJKHAFJIMA          0.0009 -> 0.0079
12975,1 fw Controll.static GIPNIMALPEG          0.8927 -> 0.161
12994,6 fw Controll.static GIPNIMALPEG           0.161 -> 0.5529
13006,0 fw Controll.static GIPNIMALPEG          0.5529 -> 0.7803
13015,2 fw Controll.static IGLCENGMMMJ            28.8 -> 28.95
13019,8 fw Controll.static MKFDGFOCKNO          12.688 -> 12.738
13019,8 fw Controll.static LEKCBKLAILO          12.738 -> 12.788
13019,8 fw Controll.static OFJKHAFJIMA          0.0079 -> 0.0027
13030,9 fw Controll.static GIPNIMALPEG          0.7803 -> 0.2785
13030,9 fw Controll.static NAKNALFCOIF           -1.35 -> -1.5
13030,9 fw Controll.static IGLCENGMMMJ           28.95 -> 29.25
13035,2 fw player          LNIDBHIAJJI              19 -> 20
13035,2 fw Controll.static GLGCAOADGMN               1 -> 0
13045,2 fw Controll.static GIPNIMALPEG          0.2785 -> 0.5647
13064,0 fw Controll.static GIPNIMALPEG          0.5647 -> 0.9401
13064,0 fw Controll.static IGLCENGMMMJ           29.25 -> 29.4
13072,9 fw Controll.static MKFDGFOCKNO          12.738 -> 12.788
13072,9 fw Controll.static LEKCBKLAILO          12.788 -> 12.838
13072,9 fw Controll.static OFJKHAFJIMA          0.0027 -> 0.0057
13078,6 fw Controll.static GIPNIMALPEG          0.9401 -> 0.2318
13099,1 fw player          LNIDBHIAJJI              20 -> 19
13099,1 fw Controll.static GIPNIMALPEG          0.2318 -> 0.6421
13111,8 fw Controll.static GIPNIMALPEG          0.6421 -> 0.8956
13131,5 fw Controll.static MKFDGFOCKNO          12.788 -> 12.838
13131,5 fw Controll.static LEKCBKLAILO          12.838 -> 12.888
13131,5 fw Controll.static OFJKHAFJIMA          0.0057 -> 0.01
13139,9 fw Controll.static GIPNIMALPEG          0.8956 -> 0.4588
13139,9 fw Controll.static IGLCENGMMMJ            29.4 -> 29.55
13152,9 fw Controll.static GIPNIMALPEG          0.4588 -> 0.7186
13163,5 fw Controll.static NAKNALFCOIF            -1.5 -> -1.8
13163,5 fw Controll.static IGLCENGMMMJ           29.55 -> 29.85
13178,2 fw Controll.static GIPNIMALPEG          0.7186 -> 0.2229
13178,2 fw Controll.static IGLCENGMMMJ           29.85 -> 30
13183,0 fw Controll.static MKFDGFOCKNO          12.838 -> 12.888
13183,0 fw Controll.static LEKCBKLAILO          12.888 -> 12.938
13183,0 fw Controll.static OFJKHAFJIMA            0.01 -> 0.011
13193,9 fw Controll.static GIPNIMALPEG          0.2229 -> 0.5375
13212,0 fw player          HEADELMLILF               0 -> 1
13212,0 fw Controll.static GIPNIMALPEG          0.5375 -> 0.8997
13219,3 fw player          LNIDBHIAJJI              19 -> 20
13219,3 fw player          ACAIGMNLLEC             255 -> 254
13219,3 fw Controll.static MKFDGFOCKNO          12.888 -> 12.938
13219,3 fw Controll.static LEKCBKLAILO          12.938 -> 12.988
13219,3 fw Controll.static OFJKHAFJIMA           0.011 -> 0.0022
13227,6 fw Controll.static GIPNIMALPEG          0.8997 -> 0.211
13240,0 fw Controll.static GIPNIMALPEG           0.211 -> 0.4591
13259,9 fw player          HEADELMLILF               1 -> 0
13260,0 fw Controll.static GIPNIMALPEG          0.4591 -> 0.8593
13260,0 fw Controll.static NAKNALFCOIF            -1.8 -> -1.95
13260,0 fw Controll.static IGLCENGMMMJ              30 -> 30.3
13272,9 fw Controll.static OFJKHAFJIMA          0.0022 -> 0.0056
13273,0 fw Controll.static GIPNIMALPEG          0.8593 -> 0.1177
13287,7 fw Controll.static MKFDGFOCKNO          12.938 -> 12.988
13287,7 fw Controll.static LEKCBKLAILO          12.988 -> 13.038
13294,6 fw Controll.static GIPNIMALPEG          0.1177 -> 0.5517
13294,6 fw Controll.static DGNDKAKOEPD          553077 -> 554089
13294,6 fw Controll.static BEJBLGGGOCC       338133364 -> 338134370
13302,1 fw Controll.static JELGPAKAJPE              98 -> 101
13302,1 fw Controll.static EENJPDHGGGC         11.9878 -> 13.0004
13307,7 fw player          LNIDBHIAJJI              20 -> 21
13307,8 fw Controll.static GIPNIMALPEG          0.5517 -> 0.8144
13322,4 fw Controll.static MKFDGFOCKNO          12.988 -> 13.038
13322,4 fw Controll.static LEKCBKLAILO          13.038 -> 13.088
13322,4 fw Controll.static OFJKHAFJIMA          0.0056 -> 0.0049
13330,5 fw Controll.static GIPNIMALPEG          0.8144 -> 0.27
13345,0 fw Controll.static GIPNIMALPEG            0.27 -> 0.5595
13363,6 fw Controll.static GIPNIMALPEG          0.5595 -> 0.9325
13372,7 fw Controll.static MKFDGFOCKNO          13.038 -> 13.088
13372,7 fw Controll.static LEKCBKLAILO          13.088 -> 13.138
13372,7 fw Controll.static OFJKHAFJIMA          0.0049 -> 0.0054
13377,9 fw Controll.static GIPNIMALPEG          0.9325 -> 0.2168
13407,5 fw Controll.static GIPNIMALPEG          0.2168 -> 0.8098
13417,3 fw Controll.static MKFDGFOCKNO          13.088 -> 13.138
13417,3 fw Controll.static LEKCBKLAILO          13.138 -> 13.188
13417,3 fw Controll.static OFJKHAFJIMA          0.0054 -> 0.0001
13427,1 fw Controll.static GIPNIMALPEG          0.8098 -> 0.2013
13436,8 fw Controll.static NAKNALFCOIF           -1.95 -> -2.1
13436,8 fw Controll.static IGLCENGMMMJ            30.3 -> 30.45
13448,6 fw Controll.static GIPNIMALPEG          0.2013 -> 0.6304
13464,4 fw Controll.static GIPNIMALPEG          0.6304 -> 0.9468
13477,0 fw Controll.static MKFDGFOCKNO          13.138 -> 13.188
13477,0 fw Controll.static LEKCBKLAILO          13.188 -> 13.238
13477,0 fw Controll.static OFJKHAFJIMA          0.0001 -> 0.004
13484,0 fw Controll.static GIPNIMALPEG          0.9468 -> 0.3403
13491,0 fw Controll.static DJACNOGOCKD               0 -> 1
13491,1 fw Controll.static FBINCNDDPAO               0 -> 10.0278
13491,1 fw Controll.static ILGHFLMKMCO               0 -> 12.0278
13495,9 fw Controll.static JADIDAJFOGK               0 -> 0.35
13495,9 fw Controll.static GIPNIMALPEG          0.3403 -> 0.5771
13495,9 fw Controll.static NAKNALFCOIF            -2.1 -> -2.25
13510,2 fw Controll.static GIPNIMALPEG          0.5771 -> 0.8638
13522,9 fw Controll.static MKFDGFOCKNO          13.188 -> 13.238
13522,9 fw Controll.static LEKCBKLAILO          13.238 -> 13.288
13522,9 fw Controll.static OFJKHAFJIMA           0.004 -> 0.0001
13529,6 fw Controll.static GIPNIMALPEG          0.8638 -> 0.2514
13529,6 fw Controll.static NAKNALFCOIF           -2.25 -> -2.4
13544,0 fw Controll.static GIPNIMALPEG          0.2514 -> 0.5384
13547,2 fw Controll.static NAKNALFCOIF            -2.4 -> -2.55
13563,1 fw Controll.static GIPNIMALPEG          0.5384 -> 0.9218
13563,1 fw Controll.static NAKNALFCOIF           -2.55 -> -2.7
13563,1 fw Controll.static IGLCENGMMMJ           30.45 -> 30.6
13569,4 fw Controll.static MKFDGFOCKNO          13.238 -> 13.288
13569,4 fw Controll.static LEKCBKLAILO          13.288 -> 13.338
13569,4 fw Controll.static OFJKHAFJIMA          0.0001 -> 0.0021
13577,2 fw Controll.static GIPNIMALPEG          0.9218 -> 0.203
13596,2 fw Controll.static GIPNIMALPEG           0.203 -> 0.5836
13609,6 fw Controll.static GIPNIMALPEG          0.5836 -> 0.8517
13624,0 fw Controll.static MKFDGFOCKNO          13.288 -> 13.338
13624,0 fw Controll.static LEKCBKLAILO          13.338 -> 13.388
13624,0 fw Controll.static OFJKHAFJIMA          0.0021 -> 0.0048
13628,4 fw Controll.static GIPNIMALPEG          0.8517 -> 0.2273
13644,5 fw Controll.static GIPNIMALPEG          0.2273 -> 0.5495
13662,1 fw Controll.static GIPNIMALPEG          0.5495 -> 0.9019
13675,6 fw Controll.static GIPNIMALPEG          0.9019 -> 0.1702
13687,9 fw Controll.static MKFDGFOCKNO          13.338 -> 13.388
13687,9 fw Controll.static LEKCBKLAILO          13.388 -> 13.438
13687,9 fw Controll.static OFJKHAFJIMA          0.0048 -> 0.0083
13693,1 fw Controll.static GIPNIMALPEG          0.1702 -> 0.5212
13705,8 fw Controll.static GIPNIMALPEG          0.5212 -> 0.7754
13705,9 fw Controll.static NAKNALFCOIF            -2.7 -> -3
13726,3 fw Controll.static GIPNIMALPEG          0.7754 -> 0.1852
13728,8 fw Controll.static MKFDGFOCKNO          13.388 -> 13.438
13728,8 fw Controll.static LEKCBKLAILO          13.438 -> 13.488
13728,8 fw Controll.static OFJKHAFJIMA          0.0083 -> 0.0091
13738,0 fw Controll.static GIPNIMALPEG          0.1852 -> 0.4195
13749,6 fw Controll.static GIPNIMALPEG          0.4195 -> 0.6511
13771,2 fw Controll.static GIPNIMALPEG          0.6511 -> 0.0824
13776,5 fw Controll.static MKFDGFOCKNO          13.438 -> 13.488
13776,5 fw Controll.static LEKCBKLAILO          13.488 -> 13.538
13783,4 fw Controll.static OFJKHAFJIMA          0.0091 -> 0.0039
13783,4 fw Controll.static GIPNIMALPEG          0.0824 -> 0.3261
13800,1 fw Controll.static GIPNIMALPEG          0.3261 -> 0.6599
13813,6 fw Controll.static GIPNIMALPEG          0.6599 -> 0.931
13827,9 fw Controll.static MKFDGFOCKNO          13.488 -> 13.538
13827,9 fw Controll.static LEKCBKLAILO          13.538 -> 13.588
13827,9 fw Controll.static OFJKHAFJIMA          0.0039 -> 0.0064
13835,3 fw Controll.static GIPNIMALPEG           0.931 -> 0.3641
13846,0 fw player          ACAIGMNLLEC             254 -> 253
13846,0 fw player          HEADELMLILF               0 -> 1
13846,0 fw Controll.static GIPNIMALPEG          0.3641 -> 0.5792
13868,5 fw Controll.static GIPNIMALPEG          0.5792 -> 0.0286
13875,3 fw Controll.static MKFDGFOCKNO          13.538 -> 13.588
13875,3 fw Controll.static LEKCBKLAILO          13.588 -> 13.638
13875,3 fw Controll.static OFJKHAFJIMA          0.0064 -> 0.0012
13880,0 fw Controll.static GIPNIMALPEG          0.0286 -> 0.259
13893,1 fw player          HEADELMLILF               1 -> 0
13900,2 fw Controll.static GIPNIMALPEG           0.259 -> 0.6631
13911,7 fw Controll.static GIPNIMALPEG          0.6631 -> 0.8923
13926,2 fw Controll.static MKFDGFOCKNO          13.588 -> 13.6381
13926,2 fw Controll.static LEKCBKLAILO          13.638 -> 13.6881
13926,2 fw Controll.static OFJKHAFJIMA          0.0012 -> 0.0089
13928,6 fw Controll.static GIPNIMALPEG          0.8923 -> 0.2318
13944,7 fw Controll.static GIPNIMALPEG          0.2318 -> 0.5532
13960,5 fw Controll.static GIPNIMALPEG          0.5532 -> 0.8684
13971,2 fw Controll.static MKFDGFOCKNO         13.6381 -> 13.6881
13971,2 fw Controll.static LEKCBKLAILO         13.6881 -> 13.7381
13971,2 fw Controll.static OFJKHAFJIMA          0.0089 -> 0.0039
13975,9 fw Controll.static GIPNIMALPEG          0.8684 -> 0.1772
13987,7 fw Controll.static GIPNIMALPEG          0.1772 -> 0.4118
14010,7 fw Controll.static GIPNIMALPEG          0.4118 -> 0.872
14022,9 fw Controll.static OFJKHAFJIMA          0.0039 -> 0.0056
14023,0 fw Controll.static GIPNIMALPEG           0.872 -> 0.1172
14034,5 fw Controll.static MKFDGFOCKNO         13.6881 -> 13.7381
14034,5 fw Controll.static LEKCBKLAILO         13.7381 -> 13.7881
14042,9 fw Controll.static GIPNIMALPEG          0.1172 -> 0.5165
14058,4 fw Controll.static GIPNIMALPEG          0.5165 -> 0.8253
14070,9 fw Controll.static MKFDGFOCKNO         13.7381 -> 13.7881
14070,9 fw Controll.static LEKCBKLAILO         13.7881 -> 13.8381
14070,9 fw Controll.static OFJKHAFJIMA          0.0056 -> 0.0036
14075,6 fw Controll.static GIPNIMALPEG          0.8253 -> 0.1701
14087,2 fw Controll.static GIPNIMALPEG          0.1701 -> 0.4021
14109,1 fw Controll.static GIPNIMALPEG          0.4021 -> 0.8402
14122,6 fw Controll.static GIPNIMALPEG          0.8402 -> 0.108
14135,0 fw Controll.static MKFDGFOCKNO         13.7881 -> 13.8381
14135,0 fw Controll.static LEKCBKLAILO         13.8381 -> 13.8881
14135,0 fw Controll.static OFJKHAFJIMA          0.0036 -> 0.0049
14142,0 fw Controll.static GIPNIMALPEG           0.108 -> 0.4974
14153,5 fw Controll.static GIPNIMALPEG          0.4974 -> 0.7287
14167,5 fw Controll.static MKFDGFOCKNO         13.8381 -> 13.8881
14167,5 fw Controll.static LEKCBKLAILO         13.8881 -> 13.9381
14167,5 fw Controll.static OFJKHAFJIMA          0.0049 -> 0.0002
14170,9 fw Controll.static GIPNIMALPEG          0.7287 -> 0.0758
14184,6 fw Controll.static GIPNIMALPEG          0.0758 -> 0.3504
14204,6 fw Controll.static GIPNIMALPEG          0.3504 -> 0.7489
14216,5 fw Controll.static GIPNIMALPEG          0.7489 -> 0.9887
14229,3 fw Controll.static MKFDGFOCKNO         13.8881 -> 13.9381
14229,3 fw Controll.static LEKCBKLAILO         13.9381 -> 13.9881
14229,3 fw Controll.static OFJKHAFJIMA          0.0002 -> 0.0033
14229,3 fw Controll.static GIPNIMALPEG          0.9887 -> 0.2437
14246,3 fw Controll.static GIPNIMALPEG          0.2437 -> 0.5836
14259,9 fw Controll.static GIPNIMALPEG          0.5836 -> 0.856
14270,7 fw Controll.static MKFDGFOCKNO         13.9381 -> 13.9881
14270,7 fw Controll.static LEKCBKLAILO         13.9881 -> 14.0381
14270,7 fw Controll.static OFJKHAFJIMA          0.0033 -> 0.0035
14279,0 fw Controll.static GIPNIMALPEG           0.856 -> 0.2383
14279,0 fw Controll.static DGNDKAKOEPD          554089 -> 555081
14279,0 fw Controll.static BEJBLGGGOCC       338134370 -> 338135363
14284,1 fw Controll.static JELGPAKAJPE             101 -> 104
14284,1 fw Controll.static EENJPDHGGGC         13.0004 -> 13.9918
14292,6 fw Controll.static GIPNIMALPEG          0.2383 -> 0.5105
14310,7 fw Controll.static GIPNIMALPEG          0.5105 -> 0.8714
14320,3 fw Controll.static MKFDGFOCKNO         13.9881 -> 14.0381
14320,3 fw Controll.static LEKCBKLAILO         14.0381 -> 14.0881
14320,3 fw Controll.static OFJKHAFJIMA          0.0035 -> 0.003
14326,1 fw Controll.static GIPNIMALPEG          0.8714 -> 0.1794
14346,1 fw Controll.static GIPNIMALPEG          0.1794 -> 0.581
14358,2 fw Controll.static GIPNIMALPEG           0.581 -> 0.8228
14369,9 fw Controll.static MKFDGFOCKNO         14.0381 -> 14.0881
14369,9 fw Controll.static LEKCBKLAILO         14.0881 -> 14.1381
14369,9 fw Controll.static OFJKHAFJIMA           0.003 -> 0.0026
14375,0 fw Controll.static GIPNIMALPEG          0.8228 -> 0.1582
14385,8 fw Controll.static GIPNIMALPEG          0.1582 -> 0.3723
14408,8 fw Controll.static GIPNIMALPEG          0.3723 -> 0.8335
14420,7 fw Controll.static GIPNIMALPEG          0.8335 -> 0.072
14432,2 fw Controll.static MKFDGFOCKNO         14.0881 -> 14.1381
14432,2 fw Controll.static LEKCBKLAILO         14.1381 -> 14.1881
14432,2 fw Controll.static OFJKHAFJIMA          0.0026 -> 0.0034
14437,7 fw Controll.static GIPNIMALPEG           0.072 -> 0.4118
14449,7 fw Controll.static GIPNIMALPEG          0.4118 -> 0.6518
14460,4 fw Controll.static GIPNIMALPEG          0.6518 -> 0.8653
14474,1 fw Controll.static MKFDGFOCKNO         14.1381 -> 14.1881
14474,1 fw Controll.static LEKCBKLAILO         14.1881 -> 14.2381
14474,1 fw Controll.static OFJKHAFJIMA          0.0034 -> 0.0019
14481,7 fw Controll.static GIPNIMALPEG          0.8653 -> 0.2919
14494,6 fw Controll.static GIPNIMALPEG          0.2919 -> 0.5498
14511,4 fw Controll.static GIPNIMALPEG          0.5498 -> 0.8863
14520,0 fw Controll.static MKFDGFOCKNO         14.1881 -> 14.2381
14520,0 fw Controll.static LEKCBKLAILO         14.2381 -> 14.2881
14520,0 fw Controll.static OFJKHAFJIMA          0.0019 -> 0.0026
14525,7 fw Controll.static GIPNIMALPEG          0.8863 -> 0.1721
14543,6 fw Controll.static GIPNIMALPEG          0.1721 -> 0.53
14557,1 fw Controll.static GIPNIMALPEG            0.53 -> 0.7986
14569,6 fw Controll.static MKFDGFOCKNO         14.2381 -> 14.2881
14569,6 fw Controll.static LEKCBKLAILO         14.2881 -> 14.3381
14569,6 fw Controll.static OFJKHAFJIMA          0.0026 -> 0.0022
14574,3 fw Controll.static GIPNIMALPEG          0.7986 -> 0.1428
14586,2 fw Controll.static GIPNIMALPEG          0.1428 -> 0.3804
14607,3 fw Controll.static GIPNIMALPEG          0.3804 -> 0.8032
14619,4 fw Controll.static GIPNIMALPEG          0.8032 -> 0.0449
14630,6 fw Controll.static MKFDGFOCKNO         14.2881 -> 14.3381
14630,6 fw Controll.static LEKCBKLAILO         14.3381 -> 14.3881
14630,6 fw Controll.static OFJKHAFJIMA          0.0022 -> 0.0021
14636,5 fw Controll.static GIPNIMALPEG          0.0449 -> 0.3867
14647,5 fw Controll.static GIPNIMALPEG          0.3867 -> 0.6074
14669,1 fw Controll.static GIPNIMALPEG          0.6074 -> 0.0388
14673,9 fw Controll.static MKFDGFOCKNO         14.3381 -> 14.3881
14673,9 fw Controll.static LEKCBKLAILO         14.3881 -> 14.4381
14673,9 fw Controll.static OFJKHAFJIMA          0.0021 -> 0.0016
14682,9 fw Controll.static DBMGNKNGFLL               0 -> 1
14682,9 fw Controll.static OINJNFHMDFE               0 -> 0.3556
14682,9 fw Controll.static _JFKCDODJALP_k__BackingField            0 -> 1
14682,9 fw Controll.static GIPNIMALPEG          0.0388 -> 0.3156
14682,9 fw Controll.static JBKBOPCCIBM               0 -> 1
14696,1 fw Controll.static ILGHFLMKMCO         12.0278 -> 11.3205
14696,1 fw Controll.static CKLMDECPAGK               0 -> 11.6205
14696,1 fw Controll.static GIPNIMALPEG          0.3156 -> 0.5781
14713,1 fw Controll.static GIPNIMALPEG          0.5781 -> 0.9191
14724,7 fw Controll.static MKFDGFOCKNO         14.3881 -> 14.4381
14724,7 fw Controll.static LEKCBKLAILO         14.4381 -> 14.4881
14728,0 fw Controll.static OFJKHAFJIMA          0.0016 -> 0.0074
14728,1 fw Controll.static GIPNIMALPEG          0.9191 -> 0.2184
14747,5 fw Controll.static GIPNIMALPEG          0.2184 -> 0.6066
14759,0 fw Controll.static GIPNIMALPEG          0.6066 -> 0.8364
14773,9 fw Controll.static MKFDGFOCKNO         14.4381 -> 14.4881
14773,9 fw Controll.static LEKCBKLAILO         14.4881 -> 14.5381
14773,9 fw Controll.static OFJKHAFJIMA          0.0074 -> 0.0017
14781,5 fw Controll.static GIPNIMALPEG          0.8364 -> 0.2877
14785,7 fw Controll.static DJACNOGOCKD               1 -> 0
14794,2 fw Controll.static _JFKCDODJALP_k__BackingField            1 -> 0
14794,3 fw Controll.static GIPNIMALPEG          0.2877 -> 0.5421
14794,3 fw Controll.static JBKBOPCCIBM               1 -> 0
14811,0 fw Controll.static GIPNIMALPEG          0.5421 -> 0.8766
14819,0 fw Controll.static MKFDGFOCKNO         14.4881 -> 14.5381
14819,0 fw Controll.static LEKCBKLAILO         14.5381 -> 14.5881
14819,0 fw Controll.static OFJKHAFJIMA          0.0017 -> 0.0016
14826,1 fw Controll.static GIPNIMALPEG          0.8766 -> 0.1774
14843,6 fw Controll.static GIPNIMALPEG          0.1774 -> 0.5289
14856,9 fw Controll.static GIPNIMALPEG          0.5289 -> 0.7959
14868,3 fw Controll.static MKFDGFOCKNO         14.5381 -> 14.5881
14868,3 fw Controll.static LEKCBKLAILO         14.5881 -> 14.6381
14868,3 fw Controll.static OFJKHAFJIMA          0.0016 -> 0.001
14876,6 fw Controll.static GIPNIMALPEG          0.7959 -> 0.1898
14890,0 fw Controll.static GIPNIMALPEG          0.1898 -> 0.4576
14908,3 fw Controll.static GIPNIMALPEG          0.4576 -> 0.8227
14923,4 fw Controll.static GIPNIMALPEG          0.8227 -> 0.1254
14936,3 fw Controll.static MKFDGFOCKNO         14.5881 -> 14.6381
14936,3 fw Controll.static LEKCBKLAILO         14.6381 -> 14.6881
14936,4 fw Controll.static OFJKHAFJIMA           0.001 -> 0.0061
14936,4 fw Controll.static GIPNIMALPEG          0.1254 -> 0.3838
14956,6 fw Controll.static GIPNIMALPEG          0.3838 -> 0.7894
14968,4 fw Controll.static OFJKHAFJIMA          0.0061 -> 0.0011
14968,4 fw Controll.static GIPNIMALPEG          0.7894 -> 0.0256
14980,5 fw Controll.static MKFDGFOCKNO         14.6381 -> 14.6881
14980,5 fw Controll.static LEKCBKLAILO         14.6881 -> 14.7381
14986,7 fw Controll.static GIPNIMALPEG          0.0256 -> 0.39
14998,9 fw Controll.static GIPNIMALPEG            0.39 -> 0.6353
15023,1 fw Controll.static GIPNIMALPEG          0.6353 -> 0.119
15025,1 fw Controll.static MKFDGFOCKNO         14.6881 -> 14.7381
15025,1 fw Controll.static LEKCBKLAILO         14.7381 -> 14.7881
15025,1 fw Controll.static OFJKHAFJIMA          0.0011 -> 0.0057
15035,6 fw Controll.static GIPNIMALPEG           0.119 -> 0.3674
15056,4 fw Controll.static GIPNIMALPEG          0.3674 -> 0.7833
15072,7 fw Controll.static GIPNIMALPEG          0.7833 -> 0.1111
15085,9 fw Controll.static MKFDGFOCKNO         14.7381 -> 14.7881
15085,9 fw Controll.static LEKCBKLAILO         14.7881 -> 14.8381
15085,9 fw Controll.static OFJKHAFJIMA          0.0057 -> 0.0054
15090,5 fw Controll.static GIPNIMALPEG          0.1111 -> 0.4665
15106,3 fw Controll.static GIPNIMALPEG          0.4665 -> 0.7821
15119,8 fw Controll.static MKFDGFOCKNO         14.7881 -> 14.8382
15119,8 fw Controll.static LEKCBKLAILO         14.8381 -> 14.8882
15119,8 fw Controll.static OFJKHAFJIMA          0.0054 -> 0.0023
15126,2 fw Controll.static GIPNIMALPEG          0.7821 -> 0.181
15141,8 fw Controll.static GIPNIMALPEG           0.181 -> 0.4917
15159,7 fw Controll.static GIPNIMALPEG          0.4917 -> 0.851
15170,7 fw Controll.static MKFDGFOCKNO         14.8382 -> 14.8882
15170,7 fw Controll.static LEKCBKLAILO         14.8882 -> 14.9382
15170,7 fw Controll.static OFJKHAFJIMA          0.0023 -> 0.0028
15174,7 fw Controll.static GIPNIMALPEG           0.851 -> 0.1502
15190,6 fw Controll.static GIPNIMALPEG          0.1502 -> 0.4674
15210,0 fw Controll.static GIPNIMALPEG          0.4674 -> 0.8555
15218,7 fw Controll.static MKFDGFOCKNO         14.8882 -> 14.9382
15218,7 fw Controll.static LEKCBKLAILO         14.9382 -> 14.9882
15225,2 fw Controll.static OFJKHAFJIMA          0.0028 -> 0.0012
15225,2 fw Controll.static GIPNIMALPEG          0.8555 -> 0.1593
15242,4 fw Controll.static GLGCAOADGMN               0 -> 1
15242,5 fw Controll        MJPKOOHJOPA          9.7835 -> 12.079
15245,6 fw Controll.static MNHBPCOOMLE          553956 -> 556251
15245,6 fw Controll.static GIPNIMALPEG          0.1593 -> 0.5684
15259,8 fw Controll.static GIPNIMALPEG          0.5684 -> 0.852
15270,8 fw Controll.static NAKNALFCOIF              -3 -> -3.15
15270,8 fw Controll.static IGLCENGMMMJ            30.6 -> 30.75
15275,8 fw Controll.static MKFDGFOCKNO         14.9382 -> 14.9882
15275,9 fw Controll.static LEKCBKLAILO         14.9882 -> 15.0382
15275,9 fw Controll.static OFJKHAFJIMA          0.0012 -> 0.0033
15284,3 fw Controll.static GIPNIMALPEG           0.852 -> 0.3413
15284,3 fw Controll.static NAKNALFCOIF           -3.15 -> -3.3
15284,3 fw Controll.static IGLCENGMMMJ           30.75 -> 30.9
15284,3 fw Controll.static DGNDKAKOEPD          555081 -> 556086
15284,3 fw Controll.static BEJBLGGGOCC       338135363 -> 338136367
15284,3 fw Controll.static JELGPAKAJPE             104 -> 106
15284,3 fw Controll.static EENJPDHGGGC         13.9918 -> 14.9971
15297,4 fw Controll.static GIPNIMALPEG          0.3413 -> 0.6032
15319,1 fw Controll.static GIPNIMALPEG          0.6032 -> 0.037
15325,8 fw Controll.static MKFDGFOCKNO         14.9882 -> 15.0382
15325,8 fw Controll.static LEKCBKLAILO         15.0382 -> 15.0882
15325,8 fw Controll.static OFJKHAFJIMA          0.0033 -> 0.0016
15333,3 fw Controll.static GIPNIMALPEG           0.037 -> 0.3212
15339,7 fw Controll.static IGLCENGMMMJ            30.9 -> 31.05
15350,9 fw Controll.static GIPNIMALPEG          0.3212 -> 0.6738
15351,0 fw Controll.static IGLCENGMMMJ           31.05 -> 31.2
15365,5 fw Controll.static GIPNIMALPEG          0.6738 -> 0.9665
15378,0 fw Controll.static MKFDGFOCKNO         15.0382 -> 15.0882
15378,0 fw Controll.static LEKCBKLAILO         15.0882 -> 15.1382
15378,0 fw Controll.static OFJKHAFJIMA          0.0016 -> 0.0067
15388,5 fw Controll.static GIPNIMALPEG          0.9665 -> 0.4253
15388,5 fw Controll.static NAKNALFCOIF            -3.3 -> -3.45
15388,5 fw Controll.static IGLCENGMMMJ            31.2 -> 31.35
15402,2 fw Controll.static GIPNIMALPEG          0.4253 -> 0.6985
15425,1 fw Controll.static GIPNIMALPEG          0.6985 -> 0.1576
15425,1 fw Controll.static NAKNALFCOIF           -3.45 -> -3.6
15425,1 fw Controll.static IGLCENGMMMJ           31.35 -> 31.5
15427,5 fw Controll.static MKFDGFOCKNO         15.0882 -> 15.1382
15427,6 fw Controll.static LEKCBKLAILO         15.1382 -> 15.1882
15427,6 fw Controll.static OFJKHAFJIMA          0.0067 -> 0.0077
15437,9 fw Controll.static GIPNIMALPEG          0.1576 -> 0.4131
15449,3 fw Controll.static GIPNIMALPEG          0.4131 -> 0.6418
15467,8 fw Controll.static GIPNIMALPEG          0.6418 -> 0.0108
15474,6 fw Controll.static MKFDGFOCKNO         15.1382 -> 15.1882
15474,6 fw Controll.static LEKCBKLAILO         15.1882 -> 15.2382
15478,6 fw Controll.static OFJKHAFJIMA          0.0077 -> 0.0004
15478,6 fw Controll.static GIPNIMALPEG          0.0108 -> 0.2281
15489,8 fw Controll.static IGLCENGMMMJ            31.5 -> 31.65
15502,4 fw Controll.static GIPNIMALPEG          0.2281 -> 0.7032
15514,6 fw Controll.static GIPNIMALPEG          0.7032 -> 0.9487
15525,9 fw Controll.static MKFDGFOCKNO         15.1882 -> 15.2382
15525,9 fw Controll.static LEKCBKLAILO         15.2382 -> 15.2882
15525,9 fw Controll.static OFJKHAFJIMA          0.0004 -> 0.0042
15532,6 fw Controll.static GIPNIMALPEG          0.9487 -> 0.3069
15545,6 fw Controll.static GIPNIMALPEG          0.3069 -> 0.5679
15561,9 fw Controll.static GIPNIMALPEG          0.5679 -> 0.8934
15570,5 fw Controll.static MKFDGFOCKNO         15.2382 -> 15.2882
15570,5 fw Controll.static LEKCBKLAILO         15.2882 -> 15.3382
15570,5 fw Controll.static OFJKHAFJIMA          0.0042 -> 0.0032
15574,4 fw Controll.static GIPNIMALPEG          0.8934 -> 0.1433
15595,8 fw Controll.static GIPNIMALPEG          0.1433 -> 0.5725
15606,7 fw Controll.static GIPNIMALPEG          0.5725 -> 0.7888
15622,5 fw Controll.static MKFDGFOCKNO         15.2882 -> 15.3382
15622,5 fw Controll.static LEKCBKLAILO         15.3382 -> 15.3882
15622,5 fw Controll.static OFJKHAFJIMA          0.0032 -> 0.0051
15628,0 fw Controll.static GIPNIMALPEG          0.7888 -> 0.2162
15640,0 fw Controll.static GIPNIMALPEG          0.2162 -> 0.4561
15662,1 fw Controll.static GIPNIMALPEG          0.4561 -> 0.8988
15674,6 fw Controll.static GIPNIMALPEG          0.8988 -> 0.1476
15687,7 fw Controll.static MKFDGFOCKNO         15.3382 -> 15.3882
15687,7 fw Controll.static LEKCBKLAILO         15.3882 -> 15.4382
15687,7 fw Controll.static OFJKHAFJIMA          0.0051 -> 0.0072
15687,7 fw Controll.static GIPNIMALPEG          0.1476 -> 0.4097
15701,0 fw Controll.static GLGCAOADGMN               1 -> 0
15705,4 fw Controll.static GIPNIMALPEG          0.4097 -> 0.7634
15718,1 fw player          LNIDBHIAJJI              21 -> 22
15718,1 fw Controll.static OFJKHAFJIMA          0.0072 -> 0.0007
15718,1 fw Controll.static GIPNIMALPEG          0.7634 -> 0.0175
15730,1 fw Controll.static MKFDGFOCKNO         15.3882 -> 15.4382
15730,1 fw Controll.static LEKCBKLAILO         15.4382 -> 15.4882
15740,0 fw Controll.static GIPNIMALPEG          0.0175 -> 0.456
15753,6 fw Controll.static GIPNIMALPEG           0.456 -> 0.727
15771,9 fw Controll.static GIPNIMALPEG           0.727 -> 0.0928
15779,0 fw Controll.static MKFDGFOCKNO         15.4382 -> 15.4882
15779,0 fw Controll.static LEKCBKLAILO         15.4882 -> 15.5382
15779,0 fw Controll.static OFJKHAFJIMA          0.0007 -> 0.0045
15784,3 fw Controll.static GIPNIMALPEG          0.0928 -> 0.3402
15806,1 fw Controll.static GIPNIMALPEG          0.3402 -> 0.7765
15810,0 fw Controll.static BFEOOOMMGLK               0 -> 1
15810,0 fw Controll.static GLGCAOADGMN               0 -> 1
15810,0 fw Controll        MJPKOOHJOPA          12.079 -> 12.6484
15820,3 fw Controll.static MNHBPCOOMLE          556251 -> 556819
15820,3 fw Controll.static GIPNIMALPEG          0.7765 -> 0.0617
15823,3 fw Controll.static BFEOOOMMGLK               1 -> 0
15832,2 fw Controll.static MKFDGFOCKNO         15.4882 -> 15.5382
15832,2 fw Controll.static LEKCBKLAILO         15.5382 -> 15.5882
15832,2 fw Controll.static OFJKHAFJIMA          0.0045 -> 0.0029
15837,7 fw Controll.static GIPNIMALPEG          0.0617 -> 0.4084
15850,5 fw Controll.static GIPNIMALPEG          0.4084 -> 0.6661
15871,1 fw Controll.static GIPNIMALPEG          0.6661 -> 0.078
15874,9 fw Controll.static MKFDGFOCKNO         15.5382 -> 15.5882
15874,9 fw Controll.static LEKCBKLAILO         15.5882 -> 15.6382
15874,9 fw Controll.static OFJKHAFJIMA          0.0029 -> 0.0037
15885,9 fw Controll.static GIPNIMALPEG           0.078 -> 0.3715
15889,2 fw Controll.static GLGCAOADGMN               1 -> 0
15905,0 fw Controll.static GIPNIMALPEG          0.3715 -> 0.7543
15917,1 fw Controll.static GIPNIMALPEG          0.7543 -> 0.9964
15928,0 fw Controll.static MKFDGFOCKNO         15.5882 -> 15.6382
15928,0 fw Controll.static LEKCBKLAILO         15.6382 -> 15.6882
15928,0 fw Controll.static OFJKHAFJIMA          0.0037 -> 0.0061
15928,1 fw Controll.static GIPNIMALPEG          0.9964 -> 0.2159
15949,2 fw Controll.static GIPNIMALPEG          0.2159 -> 0.6389
15962,3 fw Controll.static GIPNIMALPEG          0.6389 -> 0.9002
15974,8 fw Controll.static MKFDGFOCKNO         15.6382 -> 15.6882
15974,8 fw Controll.static LEKCBKLAILO         15.6882 -> 15.7382
15974,8 fw Controll.static OFJKHAFJIMA          0.0061 -> 0.0074
15978,8 fw Controll.static GIPNIMALPEG          0.9002 -> 0.2303
15987,7 fw player          LNIDBHIAJJI              22 -> 21
15991,4 fw Controll.static GIPNIMALPEG          0.2303 -> 0.4831
16013,5 fw Controll.static GIPNIMALPEG          0.4831 -> 0.9241
16027,5 fw Controll.static GIPNIMALPEG          0.9241 -> 0.2051
16039,9 fw Controll.static MKFDGFOCKNO         15.6882 -> 15.7382
16039,9 fw Controll.static LEKCBKLAILO         15.7382 -> 15.7882
16039,9 fw Controll.static OFJKHAFJIMA          0.0074 -> 0.01
16044,0 fw Controll.static GIPNIMALPEG          0.2051 -> 0.5342
16056,3 fw Controll.static GIPNIMALPEG          0.5342 -> 0.7816
16071,6 fw Controll.static MKFDGFOCKNO         15.7382 -> 15.7882
16071,6 fw Controll.static LEKCBKLAILO         15.7882 -> 15.8382
16071,6 fw Controll.static OFJKHAFJIMA            0.01 -> 0.0041
16079,3 fw Controll.static GIPNIMALPEG          0.7816 -> 0.2414
16090,3 fw Controll.static GIPNIMALPEG          0.2414 -> 0.4601
16106,4 fw Controll.static MNHBPCOOMLE          556819 -> 557116
16106,4 fw Controll        MJPKOOHJOPA         12.6484 -> 12.9432
16110,9 fw Controll.static GIPNIMALPEG          0.4601 -> 0.8724
16119,3 fw Controll.static GLGCAOADGMN               0 -> 1
16119,3 fw Controll.static MKFDGFOCKNO         15.7882 -> 15.8382
16119,3 fw Controll.static LEKCBKLAILO         15.8382 -> 15.8882
16119,3 fw Controll.static OFJKHAFJIMA          0.0041 -> 0.0019
16123,5 fw Controll.static GIPNIMALPEG          0.8724 -> 0.1257
16138,9 fw player          LNIDBHIAJJI              21 -> 22
16144,4 fw Controll.static GIPNIMALPEG          0.1257 -> 0.5423
16149,9 fw Controll.static GLGCAOADGMN               1 -> 0
16156,3 fw Controll.static GIPNIMALPEG          0.5423 -> 0.7809
16170,1 fw Controll.static MKFDGFOCKNO         15.8382 -> 15.8883
16170,1 fw Controll.static LEKCBKLAILO         15.8882 -> 15.9383
16170,1 fw Controll.static OFJKHAFJIMA          0.0019 -> 0.0027
16170,1 fw Controll.static GIPNIMALPEG          0.7809 -> 0.0568
16187,3 fw Controll.static GIPNIMALPEG          0.0568 -> 0.4002
16198,8 fw Controll.static GIPNIMALPEG          0.4002 -> 0.6298
16220,7 # net: TcpClient.Connected = True
16220,8 fw Controll.static GIPNIMALPEG          0.6298 -> 0.0678
16220,8 fw Controll.static IGLCENGMMMJ           31.65 -> 31.8
16225,0 fw Controll.static MKFDGFOCKNO         15.8883 -> 15.9383
16225,0 fw Controll.static LEKCBKLAILO         15.9383 -> 15.9883
16225,0 fw Controll.static OFJKHAFJIMA          0.0027 -> 0.0032
16232,7 fw Controll.static GIPNIMALPEG          0.0678 -> 0.3092
16252,1 fw Controll.static GIPNIMALPEG          0.3092 -> 0.6958
16265,6 fw Controll.static GIPNIMALPEG          0.6958 -> 0.9653
16271,0 fw Controll.static DGNDKAKOEPD          556086 -> 557076
16271,0 fw Controll.static BEJBLGGGOCC       338136367 -> 338137363
16271,0 fw Controll.static JELGPAKAJPE             106 -> 96
16271,0 fw Controll.static EENJPDHGGGC         14.9971 -> 15.9867
16277,4 fw Controll.static MKFDGFOCKNO         15.9383 -> 15.9883
16277,4 fw Controll.static LEKCBKLAILO         15.9883 -> 16.0383
16277,4 fw Controll.static OFJKHAFJIMA          0.0032 -> 0.0036
16282,8 fw Controll.static GIPNIMALPEG          0.9653 -> 0.3109
16294,1 fw Controll.static GIPNIMALPEG          0.3109 -> 0.5368
16303,3 fw player          LNIDBHIAJJI              22 -> 21
16303,3 fw Controll.static IGLCENGMMMJ            31.8 -> 32.1
16315,7 fw Controll.static GIPNIMALPEG          0.5368 -> 0.9678
16321,9 fw Controll.static MKFDGFOCKNO         15.9883 -> 16.0383
16321,9 fw Controll.static LEKCBKLAILO         16.0383 -> 16.0883
16321,9 fw Controll.static OFJKHAFJIMA          0.0036 -> 0.0045
16327,7 fw Controll.static GIPNIMALPEG          0.9678 -> 0.2084
16348,6 fw Controll.static GIPNIMALPEG          0.2084 -> 0.6262
16360,2 fw Controll.static GIPNIMALPEG          0.6262 -> 0.8573
16371,7 fw Controll.static MKFDGFOCKNO         16.0383 -> 16.0883
16371,7 fw Controll.static LEKCBKLAILO         16.0883 -> 16.1383
16371,7 fw Controll.static OFJKHAFJIMA          0.0045 -> 0.0042
16377,8 fw Controll.static GIPNIMALPEG          0.8573 -> 0.2096
16389,0 fw Controll.static GIPNIMALPEG          0.2096 -> 0.4345
16404,0 fw player          LNIDBHIAJJI              21 -> 22
16404,0 fw Controll.static GIPNIMALPEG          0.4345 -> 0.7342
16422,0 fw Controll.static GIPNIMALPEG          0.7342 -> 0.0948
16427,2 fw Controll.static MKFDGFOCKNO         16.0883 -> 16.1383
16427,2 fw Controll.static LEKCBKLAILO         16.1383 -> 16.1883
16434,8 fw Controll.static OFJKHAFJIMA          0.0042 -> 0.0045
16434,8 fw Controll.static GIPNIMALPEG          0.0948 -> 0.3497
16453,9 fw Controll.static GIPNIMALPEG          0.3497 -> 0.7331
16465,3 fw Controll.static GIPNIMALPEG          0.7331 -> 0.9606
16477,9 fw Controll.static MKFDGFOCKNO         16.1383 -> 16.1883
16477,9 fw Controll.static LEKCBKLAILO         16.1883 -> 16.2383
16477,9 fw Controll.static OFJKHAFJIMA          0.0045 -> 0.0066
16487,1 fw Controll.static GIPNIMALPEG          0.9606 -> 0.395
16502,1 fw Controll.static GIPNIMALPEG           0.395 -> 0.6951
16519,7 fw Controll.static GIPNIMALPEG          0.6951 -> 0.0485
16526,5 fw Controll.static MKFDGFOCKNO         16.1883 -> 16.2383
16526,5 fw Controll.static LEKCBKLAILO         16.2383 -> 16.2883
16526,5 fw Controll.static OFJKHAFJIMA          0.0066 -> 0.0022
16530,7 fw Controll.static GIPNIMALPEG          0.0485 -> 0.2674
16551,4 fw Controll.static GIPNIMALPEG          0.2674 -> 0.6819
16565,2 fw Controll.static FBINCNDDPAO         10.0278 -> 13.1022
16565,2 fw Controll.static ILGHFLMKMCO         11.3205 -> 15.1022
16565,3 fw Controll.static JADIDAJFOGK            0.35 -> 0.39
16565,3 fw Controll.static GIPNIMALPEG          0.6819 -> 0.9574
16569,1 fw Controll.static DJACNOGOCKD               0 -> 1
16578,4 fw Controll.static MKFDGFOCKNO         16.2383 -> 16.2883
16578,4 fw Controll.static LEKCBKLAILO         16.2883 -> 16.3383
16578,4 fw Controll.static OFJKHAFJIMA          0.0022 -> 0.0017
16585,5 fw Controll.static GIPNIMALPEG          0.9574 -> 0.3625
16597,1 fw Controll.static GIPNIMALPEG          0.3625 -> 0.5955
16617,6 fw Controll.static GIPNIMALPEG          0.5955 -> 0.0057
16621,0 fw Controll.static MKFDGFOCKNO         16.2883 -> 16.3383
16621,0 fw Controll.static LEKCBKLAILO         16.3383 -> 16.3883
16621,1 fw Controll.static OFJKHAFJIMA          0.0017 -> 0.0001
16631,8 fw Controll.static GIPNIMALPEG          0.0057 -> 0.2897
16644,6 fw Controll.static GIPNIMALPEG          0.2897 -> 0.5465
16661,2 fw Controll.static GIPNIMALPEG          0.5465 -> 0.8788
16670,2 fw Controll.static MKFDGFOCKNO         16.3383 -> 16.3883
16670,2 fw Controll.static LEKCBKLAILO         16.3883 -> 16.4383
16674,0 fw Controll.static OFJKHAFJIMA          0.0001 -> 0.0027
16674,0 fw Controll.static GIPNIMALPEG          0.8788 -> 0.1344
16697,5 fw Controll.static GIPNIMALPEG          0.1344 -> 0.6041
16710,4 fw Controll.static GIPNIMALPEG          0.6041 -> 0.8611
16726,5 fw Controll.static MKFDGFOCKNO         16.3883 -> 16.4383
16726,5 fw Controll.static LEKCBKLAILO         16.4383 -> 16.4883
16726,5 fw Controll.static OFJKHAFJIMA          0.0027 -> 0.0033
16736,3 fw Controll.static GIPNIMALPEG          0.8611 -> 0.3807
16747,8 fw Controll.static GIPNIMALPEG          0.3807 -> 0.609
16765,1 fw Controll.static GIPNIMALPEG           0.609 -> 0.9549
16771,6 fw Controll.static MKFDGFOCKNO         16.4383 -> 16.4883
16771,6 fw Controll.static LEKCBKLAILO         16.4883 -> 16.5383
16771,6 fw Controll.static OFJKHAFJIMA          0.0033 -> 0.0041
16775,9 fw Controll.static GIPNIMALPEG          0.9549 -> 0.1726
16796,1 fw Controll.static GIPNIMALPEG          0.1726 -> 0.5752
16807,4 fw Controll.static GIPNIMALPEG          0.5752 -> 0.8016
16818,8 fw Controll.static MKFDGFOCKNO         16.4883 -> 16.5383
16818,8 fw Controll.static LEKCBKLAILO         16.5383 -> 16.5883
16818,8 fw Controll.static OFJKHAFJIMA          0.0041 -> 0.0013
16825,7 fw Controll.static GIPNIMALPEG          0.8016 -> 0.1673
16837,5 fw Controll.static GIPNIMALPEG          0.1673 -> 0.4045
16853,8 fw Controll.static GIPNIMALPEG          0.4045 -> 0.7297
16868,4 fw Controll.static GIPNIMALPEG          0.7297 -> 0.0214
16878,9 fw Controll.static MKFDGFOCKNO         16.5383 -> 16.5883
16878,9 fw Controll.static LEKCBKLAILO         16.5883 -> 16.6383
16878,9 fw Controll.static OFJKHAFJIMA          0.0013 -> 0.0009
16878,9 fw Controll.static GIPNIMALPEG          0.0214 -> 0.2317
16900,3 fw Controll.static GIPNIMALPEG          0.2317 -> 0.6606
16913,8 fw Controll.static GIPNIMALPEG          0.6606 -> 0.9295
16926,4 fw Controll.static MKFDGFOCKNO         16.5883 -> 16.6383
16926,4 fw Controll.static LEKCBKLAILO         16.6383 -> 16.6883
16926,4 fw Controll.static OFJKHAFJIMA          0.0009 -> 0.0019
16930,6 fw Controll.static GIPNIMALPEG          0.9295 -> 0.2656
16942,3 fw Controll.static GIPNIMALPEG          0.2656 -> 0.4999
16963,9 fw Controll.static GIPNIMALPEG          0.4999 -> 0.9319
16969,0 fw Controll.static MKFDGFOCKNO         16.6383 -> 16.6883
16969,0 fw Controll.static LEKCBKLAILO         16.6883 -> 16.7383
16969,1 fw Controll.static OFJKHAFJIMA          0.0019 -> 0.0015
16976,0 fw Controll.static GIPNIMALPEG          0.9319 -> 0.1727
16991,7 fw Controll.static GIPNIMALPEG          0.1727 -> 0.488
17004,8 fw Controll.static GIPNIMALPEG           0.488 -> 0.7491
17018,6 fw Controll.static MKFDGFOCKNO         16.6883 -> 16.7383
17018,6 fw Controll.static LEKCBKLAILO         16.7383 -> 16.7883
17018,6 fw Controll.static OFJKHAFJIMA          0.0015 -> 0.0011
17025,6 fw Controll.static GIPNIMALPEG          0.7491 -> 0.1648
17037,7 fw Controll.static GIPNIMALPEG          0.1648 -> 0.4073
17053,6 fw Controll.static GIPNIMALPEG          0.4073 -> 0.7252
17068,1 fw Controll.static GIPNIMALPEG          0.7252 -> 0.016
17079,4 fw Controll.static MKFDGFOCKNO         16.7383 -> 16.7883
17079,4 fw Controll.static LEKCBKLAILO         16.7883 -> 16.8383
17079,4 fw Controll.static OFJKHAFJIMA          0.0011 -> 0.0006
17088,2 fw Controll.static GIPNIMALPEG           0.016 -> 0.4168
17100,3 fw Controll.static GIPNIMALPEG          0.4168 -> 0.6597
17112,1 fw Controll.static GIPNIMALPEG          0.6597 -> 0.8945
17124,1 fw Controll.static MKFDGFOCKNO         16.7883 -> 16.8383
17124,1 fw Controll.static LEKCBKLAILO         16.8383 -> 16.8883
17124,1 fw Controll.static OFJKHAFJIMA          0.0006 -> 0.0003
17128,4 fw Controll.static GIPNIMALPEG          0.8945 -> 0.2202
17141,5 fw Controll.static GIPNIMALPEG          0.2202 -> 0.4825
17161,5 fw Controll.static GIPNIMALPEG          0.4825 -> 0.8839
17174,3 fw Controll.static GIPNIMALPEG          0.8839 -> 0.1388
17188,3 fw Controll.static MKFDGFOCKNO         16.8383 -> 16.8883
17188,3 fw Controll.static LEKCBKLAILO         16.8883 -> 16.9383
17188,3 fw Controll.static OFJKHAFJIMA          0.0003 -> 0.0067
17191,6 fw Controll.static GIPNIMALPEG          0.1388 -> 0.484
17204,8 fw Controll.static GIPNIMALPEG           0.484 -> 0.7488
17218,5 fw Controll.static MKFDGFOCKNO         16.8883 -> 16.9383
17218,5 fw Controll.static LEKCBKLAILO         16.9383 -> 16.9883
17218,5 fw Controll.static OFJKHAFJIMA          0.0067 -> 0.001
17225,9 fw Controll.static GIPNIMALPEG          0.7488 -> 0.17
17238,1 fw Controll.static GIPNIMALPEG            0.17 -> 0.4144
17254,3 fw Controll.static GIPNIMALPEG          0.4144 -> 0.7385
17268,6 fw Controll.static GIPNIMALPEG          0.7385 -> 0.023
17280,0 fw Controll.static MKFDGFOCKNO         16.9383 -> 16.9883
17280,0 fw Controll.static LEKCBKLAILO         16.9883 -> 17.0383
17288,9 fw Controll.static GIPNIMALPEG           0.023 -> 0.4313
17288,9 fw Controll.static DGNDKAKOEPD          557076 -> 558086
17288,9 fw Controll.static BEJBLGGGOCC       338137363 -> 338138370
17288,9 fw Controll.static JELGPAKAJPE              96 -> 102
17288,9 fw Controll.static EENJPDHGGGC         15.9867 -> 16.9968
17301,9 fw Controll.static GIPNIMALPEG          0.4313 -> 0.6905
17319,0 fw Controll.static GIPNIMALPEG          0.6905 -> 0.0337
17328,4 fw Controll.static MKFDGFOCKNO         16.9883 -> 17.0383
17328,4 fw Controll.static LEKCBKLAILO         17.0383 -> 17.0883
17328,4 fw Controll.static OFJKHAFJIMA           0.001 -> 0.0015
17333,5 fw Controll.static GIPNIMALPEG          0.0337 -> 0.3235
17345,0 fw Controll.static GIPNIMALPEG          0.3235 -> 0.5537
17366,5 fw Controll.static GIPNIMALPEG          0.5537 -> 0.9838
17370,2 fw Controll.static MKFDGFOCKNO         17.0383 -> 17.0883
17370,2 fw Controll.static LEKCBKLAILO         17.0883 -> 17.1383
17378,9 fw Controll.static OFJKHAFJIMA          0.0015 -> 0.0027
17378,9 fw Controll.static GIPNIMALPEG          0.9838 -> 0.2312
17395,1 fw Controll.static GIPNIMALPEG          0.2312 -> 0.5546
17406,6 fw Controll.static GIPNIMALPEG          0.5546 -> 0.7847
17419,6 fw Controll.static MKFDGFOCKNO         17.0883 -> 17.1383
17419,6 fw Controll.static LEKCBKLAILO         17.1383 -> 17.1883
17419,6 fw Controll.static OFJKHAFJIMA          0.0027 -> 0.002
17427,9 fw Controll.static GIPNIMALPEG          0.7847 -> 0.2105
17439,3 fw Controll.static GIPNIMALPEG          0.2105 -> 0.4381
17456,1 fw Controll.static GIPNIMALPEG          0.4381 -> 0.7748
17467,9 fw Controll.static GIPNIMALPEG          0.7748 -> 0.0109
17479,6 fw Controll.static MKFDGFOCKNO         17.1383 -> 17.1883
17479,6 fw Controll.static LEKCBKLAILO         17.1883 -> 17.2383
17479,6 fw Controll.static OFJKHAFJIMA           0.002 -> 0.0004
17487,0 fw Controll.static GIPNIMALPEG          0.0109 -> 0.3936
17499,2 fw Controll.static GIPNIMALPEG          0.3936 -> 0.6375
17518,2 fw Controll.static GIPNIMALPEG          0.6375 -> 0.0161
17525,2 fw Controll.static MKFDGFOCKNO         17.1883 -> 17.2383
17525,2 fw Controll.static LEKCBKLAILO         17.2383 -> 17.2883
17525,2 fw Controll.static OFJKHAFJIMA          0.0004 -> 0.0006
17528,9 fw Controll.static GIPNIMALPEG          0.0161 -> 0.2313
17549,5 fw Controll.static GIPNIMALPEG          0.2313 -> 0.6429
17554,3 fw Controll.static CKLMDECPAGK         11.6205 -> 0
17561,5 fw Controll.static DBMGNKNGFLL               1 -> 0
17561,6 fw Controll.static OINJNFHMDFE          0.3556 -> 0.2454
17561,6 fw Controll.static _JFKCDODJALP_k__BackingField            0 -> 2
17561,6 fw Controll.static GIPNIMALPEG          0.6429 -> 0.884
17561,6 fw Controll.static JBKBOPCCIBM               0 -> 2
17574,5 fw Controll.static MKFDGFOCKNO         17.2383 -> 17.2883
17574,5 fw Controll.static LEKCBKLAILO         17.2883 -> 17.3383
17574,5 fw Controll.static OFJKHAFJIMA          0.0006 -> 0.007
17574,5 fw Controll.static GIPNIMALPEG           0.884 -> 0.1432
17590,8 fw Controll.static GIPNIMALPEG          0.1432 -> 0.4687
17604,0 fw Controll.static GIPNIMALPEG          0.4687 -> 0.732
17617,9 fw Controll.static MKFDGFOCKNO         17.2883 -> 17.3383
17617,9 fw Controll.static LEKCBKLAILO         17.3383 -> 17.3883
17618,0 fw Controll.static OFJKHAFJIMA           0.007 -> 0.0004
17624,4 fw Controll.static GIPNIMALPEG           0.732 -> 0.1404
17636,8 fw Controll.static GIPNIMALPEG          0.1404 -> 0.3879
17652,5 fw Controll.static GIPNIMALPEG          0.3879 -> 0.703
17666,4 fw Controll.static GIPNIMALPEG           0.703 -> 0.9809
17678,0 fw Controll.static MKFDGFOCKNO         17.3383 -> 17.3883
17678,0 fw Controll.static LEKCBKLAILO         17.3883 -> 17.4383
17678,0 fw Controll.static OFJKHAFJIMA          0.0004 -> 0.0055
17686,4 fw Controll.static GIPNIMALPEG          0.9809 -> 0.3808
17698,6 fw Controll.static GIPNIMALPEG          0.3808 -> 0.6237
17715,9 fw Controll.static GIPNIMALPEG          0.6237 -> 0.9707
17721,5 fw Controll.static MKFDGFOCKNO         17.3883 -> 17.4384
17721,5 fw Controll.static LEKCBKLAILO         17.4383 -> 17.4883
17721,5 fw Controll.static OFJKHAFJIMA          0.0055 -> 0.0039
17727,5 fw Controll.static GIPNIMALPEG          0.9707 -> 0.2029
17743,9 fw Controll.static GIPNIMALPEG          0.2029 -> 0.5304
17755,7 fw Controll.static GIPNIMALPEG          0.5304 -> 0.767
17776,9 fw Controll.static GIPNIMALPEG           0.767 -> 0.1892
17783,3 fw Controll.static MKFDGFOCKNO         17.4384 -> 17.4884
17783,3 fw Controll.static LEKCBKLAILO         17.4883 -> 17.5384
17783,4 fw Controll.static OFJKHAFJIMA          0.0039 -> 0.0093
17789,8 fw Controll.static GIPNIMALPEG          0.1892 -> 0.4477
17804,3 fw Controll.static GIPNIMALPEG          0.4477 -> 0.7393
17819,8 fw Controll.static GIPNIMALPEG          0.7393 -> 0.0492
17828,1 fw Controll.static MKFDGFOCKNO         17.4884 -> 17.5384
17828,1 fw Controll.static LEKCBKLAILO         17.5384 -> 17.5884
17833,1 fw Controll.static OFJKHAFJIMA          0.0093 -> 0.0023
17833,1 fw Controll.static GIPNIMALPEG          0.0492 -> 0.3138
17852,2 fw Controll.static GIPNIMALPEG          0.3138 -> 0.6962
17865,2 fw Controll.static GIPNIMALPEG          0.6962 -> 0.9556
17876,5 fw Controll.static MKFDGFOCKNO         17.5384 -> 17.5884
17876,5 fw Controll.static LEKCBKLAILO         17.5884 -> 17.6384
17876,5 fw Controll.static OFJKHAFJIMA          0.0023 -> 0.0007
17882,9 fw Controll.static GIPNIMALPEG          0.9556 -> 0.3111
17893,9 fw Controll.static GIPNIMALPEG          0.3111 -> 0.5314
17911,2 fw Controll.static GIPNIMALPEG          0.5314 -> 0.8764
17920,7 fw Controll.static MKFDGFOCKNO         17.5884 -> 17.6384
17920,7 fw Controll.static LEKCBKLAILO         17.6384 -> 17.6884
17920,8 fw Controll.static OFJKHAFJIMA          0.0007 -> 0.0031
17924,6 fw Controll.static GIPNIMALPEG          0.8764 -> 0.1448
17944,0 fw Controll.static GIPNIMALPEG          0.1448 -> 0.5327
17955,7 fw Controll.static GIPNIMALPEG          0.5327 -> 0.7661
17968,5 fw Controll.static MKFDGFOCKNO         17.6384 -> 17.6884
17968,5 fw Controll.static LEKCBKLAILO         17.6884 -> 17.7384
17968,5 fw Controll.static OFJKHAFJIMA          0.0031 -> 0.001
17970,9 fw Controll.static GIPNIMALPEG          0.7661 -> 0.0716
17984,2 fw Controll.static GIPNIMALPEG          0.0716 -> 0.3366
18005,6 fw Controll.static GIPNIMALPEG          0.3366 -> 0.7643
18018,0 fw Controll.static GIPNIMALPEG          0.7643 -> 0.0116
18032,0 fw Controll.static MKFDGFOCKNO         17.6884 -> 17.7384
18032,0 fw Controll.static LEKCBKLAILO         17.7384 -> 17.7884
18032,0 fw Controll.static OFJKHAFJIMA           0.001 -> 0.0004
18032,0 fw Controll.static GIPNIMALPEG          0.0116 -> 0.2917
18048,9 fw Controll.static GIPNIMALPEG          0.2917 -> 0.63
18059,8 fw Controll.static GIPNIMALPEG            0.63 -> 0.8483
18071,0 fw Controll.static MKFDGFOCKNO         17.7384 -> 17.7884
18071,0 fw Controll.static LEKCBKLAILO         17.7884 -> 17.8384
18071,0 fw Controll.static OFJKHAFJIMA          0.0004 -> 0.0005
18080,7 fw Controll.static GIPNIMALPEG          0.8483 -> 0.2662
18092,8 fw Controll.static GIPNIMALPEG          0.2662 -> 0.5082
18108,9 fw Controll.static GIPNIMALPEG          0.5082 -> 0.8296
18121,8 fw Controll.static GIPNIMALPEG          0.8296 -> 0.0888
18133,4 fw Controll.static MKFDGFOCKNO         17.7884 -> 17.8384
18133,4 fw Controll.static LEKCBKLAILO         17.8384 -> 17.8884
18133,4 fw Controll.static OFJKHAFJIMA          0.0005 -> 0.0042
18142,0 fw Controll.static GIPNIMALPEG          0.0888 -> 0.4931
18154,3 fw Controll.static GIPNIMALPEG          0.4931 -> 0.7378
18170,0 fw Controll.static GIPNIMALPEG          0.7378 -> 0.0519
18180,6 fw Controll.static MKFDGFOCKNO         17.8384 -> 17.8884
18180,7 fw Controll.static LEKCBKLAILO         17.8884 -> 17.9384
18180,7 fw Controll.static OFJKHAFJIMA          0.0042 -> 0.0024
18185,4 fw Controll.static GIPNIMALPEG          0.0519 -> 0.3597
18210,6 fw Controll.static GIPNIMALPEG          0.3597 -> 0.863
18223,3 fw Controll.static GIPNIMALPEG           0.863 -> 0.118
18235,1 fw Controll.static MKFDGFOCKNO         17.8884 -> 17.9384
18235,1 fw Controll.static LEKCBKLAILO         17.9384 -> 17.9884
18235,1 fw Controll.static OFJKHAFJIMA          0.0024 -> 0.0057
18239,4 fw Controll.static GIPNIMALPEG           0.118 -> 0.4403
18251,5 fw Controll.static GIPNIMALPEG          0.4403 -> 0.6827
18266,6 fw Controll.static GIPNIMALPEG          0.6827 -> 0.9847
18282,2 fw Controll.static MKFDGFOCKNO         17.9384 -> 17.9884
18282,2 fw Controll.static LEKCBKLAILO         17.9884 -> 18.0384
18282,2 fw Controll.static OFJKHAFJIMA          0.0057 -> 0.0089
18288,2 fw Controll.static GIPNIMALPEG          0.9847 -> 0.4155
18292,1 fw Controll.static DGNDKAKOEPD          558086 -> 559087
18292,1 fw Controll.static BEJBLGGGOCC       338138370 -> 338139364
18292,1 fw Controll.static JELGPAKAJPE             102 -> 106
18292,1 fw Controll.static EENJPDHGGGC         16.9968 -> 17.9976
18300,0 fw Controll.static GIPNIMALPEG          0.4155 -> 0.6516
18316,1 fw Controll.static GIPNIMALPEG          0.6516 -> 0.9739
18325,8 fw Controll.static MKFDGFOCKNO         17.9884 -> 18.0384
18325,8 fw Controll.static LEKCBKLAILO         18.0384 -> 18.0884
18325,8 fw Controll.static OFJKHAFJIMA          0.0089 -> 0.0082
18330,6 fw Controll.static GIPNIMALPEG          0.9739 -> 0.2631
18349,1 fw Controll.static GIPNIMALPEG          0.2631 -> 0.6347
18360,2 fw Controll.static GIPNIMALPEG          0.6347 -> 0.8568
18371,0 fw Controll.static MKFDGFOCKNO         18.0384 -> 18.0884
18371,0 fw Controll.static LEKCBKLAILO         18.0884 -> 18.1384
18371,0 fw Controll.static OFJKHAFJIMA          0.0082 -> 0.0035
18379,7 fw Controll.static GIPNIMALPEG          0.8568 -> 0.2463
18390,7 fw Controll.static GIPNIMALPEG          0.2463 -> 0.4661
18409,1 fw Controll.static GIPNIMALPEG          0.4661 -> 0.833
18422,2 fw Controll.static GIPNIMALPEG           0.833 -> 0.0959
18436,3 fw Controll.static MKFDGFOCKNO         18.0884 -> 18.1384
18436,3 fw Controll.static LEKCBKLAILO         18.1384 -> 18.1884
18436,3 fw Controll.static OFJKHAFJIMA          0.0035 -> 0.0046
18440,3 fw Controll.static GIPNIMALPEG          0.0959 -> 0.4576
18452,5 fw Controll.static GIPNIMALPEG          0.4576 -> 0.702
18474,9 fw Controll.static GIPNIMALPEG           0.702 -> 0.1506
18480,2 fw Controll.static MKFDGFOCKNO         18.1384 -> 18.1884
18480,2 fw Controll.static LEKCBKLAILO         18.1884 -> 18.2384
18480,2 fw Controll.static OFJKHAFJIMA          0.0046 -> 0.0073
18486,8 fw Controll.static GIPNIMALPEG          0.1506 -> 0.3884
18499,3 fw Controll.static GIPNIMALPEG          0.3884 -> 0.6372
18515,1 fw Controll.static GIPNIMALPEG          0.6372 -> 0.9545
18525,6 fw Controll.static MKFDGFOCKNO         18.1884 -> 18.2384
18525,6 fw Controll.static LEKCBKLAILO         18.2384 -> 18.2884
18530,0 fw Controll.static OFJKHAFJIMA          0.0073 -> 0.008
18530,0 fw Controll.static GIPNIMALPEG          0.9545 -> 0.2516
18549,2 fw Controll.static GIPNIMALPEG          0.2516 -> 0.6352
18563,6 fw Controll.static _JFKCDODJALP_k__BackingField            2 -> 0
18563,6 fw Controll.static GIPNIMALPEG          0.6352 -> 0.9239
18563,6 fw Controll.static JBKBOPCCIBM               2 -> 0
18567,9 fw Controll.static DJACNOGOCKD               1 -> 0
18575,0 fw Controll.static MKFDGFOCKNO         18.2384 -> 18.2884
18575,0 fw Controll.static LEKCBKLAILO         18.2884 -> 18.3384
18575,0 fw Controll.static OFJKHAFJIMA           0.008 -> 0.0003
18580,6 fw Controll.static GIPNIMALPEG          0.9239 -> 0.2639
18592,1 fw Controll.static GIPNIMALPEG          0.2639 -> 0.4944
18612,4 fw Controll.static GIPNIMALPEG          0.4944 -> 0.8996
18618,8 fw Controll.static MKFDGFOCKNO         18.2884 -> 18.3384
18618,8 fw Controll.static LEKCBKLAILO         18.3384 -> 18.3884
18618,8 fw Controll.static OFJKHAFJIMA          0.0003 -> 0.0011
18630,5 fw Controll.static GIPNIMALPEG          0.8996 -> 0.2592
18648,6 fw Controll.static GIPNIMALPEG          0.2592 -> 0.623
18663,2 fw Controll.static GIPNIMALPEG           0.623 -> 0.9163
18675,3 fw Controll.static MKFDGFOCKNO         18.3384 -> 18.3884
18675,3 fw Controll.static LEKCBKLAILO         18.3884 -> 18.4384
18675,3 fw Controll.static OFJKHAFJIMA          0.0011 -> 0.0076
18681,5 fw Controll.static GIPNIMALPEG          0.9163 -> 0.2808
18697,5 fw Controll.static GIPNIMALPEG          0.2808 -> 0.601
18715,1 fw Controll.static GIPNIMALPEG           0.601 -> 0.9543
18719,5 fw Controll.static MKFDGFOCKNO         18.3884 -> 18.4384
18719,5 fw Controll.static LEKCBKLAILO         18.4384 -> 18.4884
18719,5 fw Controll.static OFJKHAFJIMA          0.0076 -> 0.0018
18727,7 fw Controll.static GIPNIMALPEG          0.9543 -> 0.2048
18739,5 fw Controll.static GIPNIMALPEG          0.2048 -> 0.4411
18759,6 fw Controll.static GIPNIMALPEG          0.4411 -> 0.8436
18771,7 fw Controll.static OFJKHAFJIMA          0.0018 -> 0.004
18771,7 fw Controll.static GIPNIMALPEG          0.8436 -> 0.085
18784,5 fw Controll.static MKFDGFOCKNO         18.4384 -> 18.4884
18784,5 fw Controll.static LEKCBKLAILO         18.4884 -> 18.5384
18791,7 fw Controll.static GIPNIMALPEG           0.085 -> 0.4862
18803,6 fw Controll.static GIPNIMALPEG          0.4862 -> 0.7239
18824,7 fw Controll.static GIPNIMALPEG          0.7239 -> 0.1447
18829,2 fw Controll.static MKFDGFOCKNO         18.4884 -> 18.5384
18829,2 fw Controll.static LEKCBKLAILO         18.5384 -> 18.5884
18829,2 fw Controll.static OFJKHAFJIMA           0.004 -> 0.007
18836,2 fw Controll.static GIPNIMALPEG          0.1447 -> 0.3745
18855,5 fw Controll.static GIPNIMALPEG          0.3745 -> 0.7623
18866,6 fw Controll.static GIPNIMALPEG          0.7623 -> 0.9834
18879,8 fw Controll.static MKFDGFOCKNO         18.5384 -> 18.5884
18879,8 fw Controll.static LEKCBKLAILO         18.5884 -> 18.6384
18879,8 fw Controll.static OFJKHAFJIMA           0.007 -> 0.0066
18887,5 fw Controll.static GIPNIMALPEG          0.9834 -> 0.4022
18900,2 fw Controll.static GIPNIMALPEG          0.4022 -> 0.654
18916,1 fw Controll.static GIPNIMALPEG           0.654 -> 0.9731
18926,1 fw Controll.static MKFDGFOCKNO         18.5884 -> 18.6384
18926,1 fw Controll.static LEKCBKLAILO         18.6384 -> 18.6884
18926,1 fw Controll.static OFJKHAFJIMA          0.0066 -> 0.0069
18929,3 fw Controll.static GIPNIMALPEG          0.9731 -> 0.2376
18949,1 fw Controll.static GIPNIMALPEG          0.2376 -> 0.6344
18964,0 fw Controll.static GIPNIMALPEG          0.6344 -> 0.9321
18975,1 fw Controll.static MKFDGFOCKNO         18.6384 -> 18.6884
18975,1 fw Controll.static LEKCBKLAILO         18.6884 -> 18.7384
18975,1 fw Controll.static OFJKHAFJIMA          0.0069 -> 0.0015
18975,1 fw Controll.static GIPNIMALPEG          0.9321 -> 0.1532
18994,8 fw Controll.static GIPNIMALPEG          0.1532 -> 0.5477
19007,1 fw Controll.static GIPNIMALPEG          0.5477 -> 0.792
19019,0 fw Controll.static MKFDGFOCKNO         18.6884 -> 18.7384
19019,0 fw Controll.static LEKCBKLAILO         18.7384 -> 18.7884
19019,0 fw Controll.static OFJKHAFJIMA          0.0015 -> 0.0014
19025,3 fw Controll.static GIPNIMALPEG           0.792 -> 0.1552
19039,2 fw Controll.static GIPNIMALPEG          0.1552 -> 0.4334
19056,4 fw Controll.static GIPNIMALPEG          0.4334 -> 0.7798
19067,4 fw Controll.static GIPNIMALPEG          0.7798 -> 0.9998
19080,5 fw Controll.static MKFDGFOCKNO         18.7384 -> 18.7884
19080,5 fw Controll.static LEKCBKLAILO         18.7884 -> 18.8384
19080,5 fw Controll.static OFJKHAFJIMA          0.0014 -> 0.0073
19086,9 fw Controll.static GIPNIMALPEG          0.9998 -> 0.3885
19098,8 fw Controll.static GIPNIMALPEG          0.3885 -> 0.6264
19114,8 fw Controll.static GIPNIMALPEG          0.6264 -> 0.9481
19123,4 fw Controll.static MKFDGFOCKNO         18.7884 -> 18.8384
19123,4 fw Controll.static LEKCBKLAILO         18.8384 -> 18.8884
19123,4 fw Controll.static OFJKHAFJIMA          0.0073 -> 0.0056
19128,8 fw Controll.static GIPNIMALPEG          0.9481 -> 0.2262
19147,3 fw Controll.static GIPNIMALPEG          0.2262 -> 0.5977
19161,7 fw Controll.static GIPNIMALPEG          0.5977 -> 0.8859
19174,2 fw Controll.static MKFDGFOCKNO         18.8384 -> 18.8884
19174,2 fw Controll.static LEKCBKLAILO         18.8884 -> 18.9384
19174,2 fw Controll.static OFJKHAFJIMA          0.0056 -> 0.0066
19179,5 fw Controll.static GIPNIMALPEG          0.8859 -> 0.2415
19190,5 fw Controll.static GIPNIMALPEG          0.2415 -> 0.4614
19203,2 fw Controll.static GIPNIMALPEG          0.4614 -> 0.7157
19223,2 fw Controll.static GIPNIMALPEG          0.7157 -> 0.1145
19227,9 fw Controll.static MKFDGFOCKNO         18.8884 -> 18.9384
19227,9 fw Controll.static LEKCBKLAILO         18.9384 -> 18.9884
19235,1 fw Controll.static OFJKHAFJIMA          0.0066 -> 0.0055
19235,1 fw Controll.static GIPNIMALPEG          0.1145 -> 0.3528
19251,3 fw Controll.static GIPNIMALPEG          0.3528 -> 0.6778
19264,8 fw Controll.static GIPNIMALPEG          0.6778 -> 0.9464
19272,8 fw Controll.static NAKNALFCOIF            -3.6 -> -3.75
19272,8 fw Controll.static IGLCENGMMMJ            32.1 -> 32.25
19279,2 fw Controll.static MKFDGFOCKNO         18.9384 -> 18.9884
19279,2 fw Controll.static LEKCBKLAILO         18.9884 -> 19.0384
19279,2 fw Controll.static OFJKHAFJIMA          0.0055 -> 0.005
19285,0 fw Controll.static GIPNIMALPEG          0.9464 -> 0.3505
19296,9 fw Controll.static GIPNIMALPEG          0.3505 -> 0.5882
19305,6 fw Controll.static NAKNALFCOIF           -3.75 -> -4.2
19305,6 fw Controll.static IGLCENGMMMJ           32.25 -> 32.55
19318,7 fw Controll.static GIPNIMALPEG          0.5882 -> 0.024
19318,7 fw Controll.static NAKNALFCOIF            -4.2 -> -4.35
19318,7 fw Controll.static IGLCENGMMMJ           32.55 -> 32.7
19323,1 fw Controll.static MKFDGFOCKNO         18.9884 -> 19.0384
19323,1 fw Controll.static LEKCBKLAILO         19.0384 -> 19.0884
19323,1 fw Controll.static OFJKHAFJIMA           0.005 -> 0.001
19332,1 fw Controll.static GIPNIMALPEG           0.024 -> 0.2932
19335,3 fw Controll.static NAKNALFCOIF           -4.35 -> -4.8
19335,3 fw Controll.static IGLCENGMMMJ            32.7 -> 32.85
19335,3 fw Controll.static DGNDKAKOEPD          559087 -> 560142
19335,3 fw Controll.static BEJBLGGGOCC       338139364 -> 338140428
19335,3 fw Controll.static JELGPAKAJPE             106 -> 158
19335,3 fw Controll.static EENJPDHGGGC         17.9976 -> 19.0533
19348,5 fw Controll.static GIPNIMALPEG          0.2932 -> 0.622
19348,6 fw Controll.static NAKNALFCOIF            -4.8 -> -5.1
19363,7 fw Controll.static GIPNIMALPEG           0.622 -> 0.9245
19369,4 fw Controll.static NAKNALFCOIF            -5.1 -> -5.7
19369,4 fw Controll.static IGLCENGMMMJ           32.85 -> 33.15
19377,6 fw Controll.static MKFDGFOCKNO         19.0384 -> 19.0884
19377,6 fw Controll.static LEKCBKLAILO         19.0884 -> 19.1384
19377,6 fw Controll.static OFJKHAFJIMA           0.001 -> 0.0018
19379,8 fw Controll.static GIPNIMALPEG          0.9245 -> 0.2467
19379,8 fw Controll.static NAKNALFCOIF            -5.7 -> -6
19379,8 fw Controll.static IGLCENGMMMJ           33.15 -> 33.3
19396,4 fw Controll.static GIPNIMALPEG          0.2467 -> 0.5797
19396,5 fw Controll.static NAKNALFCOIF              -6 -> -6.15
19416,7 fw Controll.static GIPNIMALPEG          0.5797 -> 0.9857
19416,7 fw Controll.static NAKNALFCOIF           -6.15 -> -6.6
19416,7 fw Controll.static IGLCENGMMMJ            33.3 -> 33.45
19420,5 fw Controll.static MKFDGFOCKNO         19.0884 -> 19.1384
19420,5 fw Controll.static LEKCBKLAILO         19.1384 -> 19.1884
19420,5 fw Controll.static OFJKHAFJIMA          0.0018 -> 0.0029
19430,1 fw Controll.static GIPNIMALPEG          0.9857 -> 0.2528
19430,1 fw Controll.static NAKNALFCOIF            -6.6 -> -6.75
19430,1 fw Controll.static IGLCENGMMMJ           33.45 -> 33.6
19444,6 fw player          LNIDBHIAJJI              22 -> 23
19444,6 fw player          ACAIGMNLLEC             253 -> 252
19444,7 fw player          HEADELMLILF               0 -> 1
19444,7 fw Controll.static GIPNIMALPEG          0.2528 -> 0.5441
19462,7 fw Controll.static GIPNIMALPEG          0.5441 -> 0.9059
19462,8 fw Controll.static NAKNALFCOIF           -6.75 -> -6.9
19470,7 fw Controll.static MKFDGFOCKNO         19.1384 -> 19.1884
19470,7 fw Controll.static LEKCBKLAILO         19.1884 -> 19.2384
19474,3 fw Controll.static OFJKHAFJIMA          0.0029 -> 0.0031
19474,3 fw Controll.static GIPNIMALPEG          0.9059 -> 0.1368
19484,2 fw Controll.static NAKNALFCOIF            -6.9 -> -7.05
19497,7 fw Controll.static GIPNIMALPEG          0.1368 -> 0.6046
19497,7 fw Controll.static NAKNALFCOIF           -7.05 -> -7.2
19497,7 fw Controll.static IGLCENGMMMJ            33.6 -> 33.75
19501,6 fw player          ACAIGMNLLEC             252 -> 251
19510,0 fw Controll.static GIPNIMALPEG          0.6046 -> 0.8508
19523,5 fw Controll.static MKFDGFOCKNO         19.1884 -> 19.2385
19523,5 fw Controll.static LEKCBKLAILO         19.2384 -> 19.2885
19523,5 fw Controll.static OFJKHAFJIMA          0.0031 -> 0.0058
19528,2 fw Controll.static GIPNIMALPEG          0.8508 -> 0.2142
19540,3 fw Controll.static GIPNIMALPEG          0.2142 -> 0.4564
19548,4 fw player          HEADELMLILF               1 -> 0
19561,8 fw Controll.static GIPNIMALPEG          0.4564 -> 0.8856
19576,8 fw Controll.static GIPNIMALPEG          0.8856 -> 0.187
19579,5 fw player          ACAIGMNLLEC             251 -> 250
19579,5 fw player          HEADELMLILF               0 -> 1
19589,5 fw Controll.static MKFDGFOCKNO         19.2385 -> 19.2885
19589,5 fw Controll.static LEKCBKLAILO         19.2885 -> 19.3385
19589,5 fw Controll.static OFJKHAFJIMA          0.0058 -> 0.0092
19594,9 fw Controll.static GIPNIMALPEG           0.187 -> 0.5485
19594,9 fw Controll.static NAKNALFCOIF            -7.2 -> -7.35
19607,2 fw Controll.static GIPNIMALPEG          0.5485 -> 0.7935
19615,8 fw Controll.static NAKNALFCOIF           -7.35 -> -7.5
19620,4 fw Controll.static MKFDGFOCKNO         19.2885 -> 19.3385
19620,4 fw Controll.static LEKCBKLAILO         19.3385 -> 19.3885
19620,4 fw Controll.static OFJKHAFJIMA          0.0092 -> 0.0027
19629,2 fw Controll.static GIPNIMALPEG          0.7935 -> 0.2349
19643,9 fw player          LNIDBHIAJJI              23 -> 24
19643,9 fw player          HEADELMLILF               1 -> 0
19643,9 fw Controll.static GIPNIMALPEG          0.2349 -> 0.5287
19661,9 fw Controll.static GIPNIMALPEG          0.5287 -> 0.8895
19673,4 fw Controll.static GIPNIMALPEG          0.8895 -> 0.1193
19685,6 fw Controll.static MKFDGFOCKNO         19.3385 -> 19.3885
19685,6 fw Controll.static LEKCBKLAILO         19.3885 -> 19.4385
19685,6 fw Controll.static OFJKHAFJIMA          0.0027 -> 0.0058
19685,6 fw Controll.static GIPNIMALPEG          0.1193 -> 0.3628
19690,8 fw Controll.static NAKNALFCOIF            -7.5 -> -7.65
19702,4 fw Controll.static GIPNIMALPEG          0.3628 -> 0.698
19714,3 fw Controll.static GIPNIMALPEG           0.698 -> 0.9368
19727,8 fw Controll.static MKFDGFOCKNO         19.3885 -> 19.4385
19727,8 fw Controll.static LEKCBKLAILO         19.4385 -> 19.4885
19727,8 fw Controll.static OFJKHAFJIMA          0.0058 -> 0.0059
19735,2 fw Controll.static GIPNIMALPEG          0.9368 -> 0.3541
19748,3 fw Controll.static GIPNIMALPEG          0.3541 -> 0.6153
19765,3 fw Controll.static GIPNIMALPEG          0.6153 -> 0.9575
19776,3 fw Controll.static MKFDGFOCKNO         19.4385 -> 19.4885
19776,3 fw Controll.static LEKCBKLAILO         19.4885 -> 19.5385
19776,4 fw Controll.static OFJKHAFJIMA          0.0059 -> 0.0086
19778,9 fw Controll.static GIPNIMALPEG          0.9575 -> 0.2293
19801,6 fw Controll.static GIPNIMALPEG          0.2293 -> 0.6823
19813,2 fw Controll.static GIPNIMALPEG          0.6823 -> 0.9134
19827,1 fw Controll.static MKFDGFOCKNO         19.4885 -> 19.5385
19827,1 fw Controll.static LEKCBKLAILO         19.5385 -> 19.5885
19827,1 fw Controll.static OFJKHAFJIMA          0.0086 -> 0.0006
19830,5 fw Controll.static GIPNIMALPEG          0.9134 -> 0.2599
19845,2 fw Controll.static GIPNIMALPEG          0.2599 -> 0.5542
19865,4 fw Controll.static GIPNIMALPEG          0.5542 -> 0.9594
19873,0 fw Controll.static MKFDGFOCKNO         19.5385 -> 19.5885
19873,0 fw Controll.static LEKCBKLAILO         19.5885 -> 19.6385
19873,0 fw Controll.static OFJKHAFJIMA          0.0006 -> 0.0053
19878,3 fw Controll.static GIPNIMALPEG          0.9594 -> 0.2163
19897,7 fw Controll.static GIPNIMALPEG          0.2163 -> 0.6054
19910,3 fw Controll.static GIPNIMALPEG          0.6054 -> 0.8566
19922,8 fw Controll.static MKFDGFOCKNO         19.5885 -> 19.6385
19922,8 fw Controll.static LEKCBKLAILO         19.6385 -> 19.6885
19922,8 fw Controll.static OFJKHAFJIMA          0.0053 -> 0.005
19922,8 fw Controll.static GIPNIMALPEG          0.8566 -> 0.1061
19944,2 fw Controll.static GIPNIMALPEG          0.1061 -> 0.5317
19959,0 fw Controll.static GIPNIMALPEG          0.5317 -> 0.8299
19970,6 fw Controll.static MKFDGFOCKNO         19.6385 -> 19.6885
19970,6 fw Controll.static LEKCBKLAILO         19.6885 -> 19.7385
19970,6 fw Controll.static OFJKHAFJIMA           0.005 -> 0.003
19976,5 fw Controll.static GIPNIMALPEG          0.8299 -> 0.1802
19986,8 fw Controll.static GIPNIMALPEG          0.1802 -> 0.386
20009,4 fw Controll.static GIPNIMALPEG           0.386 -> 0.8386
20022,2 fw Controll.static GIPNIMALPEG          0.8386 -> 0.0931
20035,0 fw Controll.static MKFDGFOCKNO         19.6885 -> 19.7385
20035,0 fw Controll.static LEKCBKLAILO         19.7385 -> 19.7885
20035,0 fw Controll.static OFJKHAFJIMA           0.003 -> 0.0045
20043,0 fw Controll.static GIPNIMALPEG          0.0931 -> 0.5094
20055,3 fw Controll.static GIPNIMALPEG          0.5094 -> 0.7564
20067,8 fw Controll.static MKFDGFOCKNO         19.7385 -> 19.7885
20067,8 fw Controll.static LEKCBKLAILO         19.7885 -> 19.8385
20067,9 fw Controll.static OFJKHAFJIMA          0.0045 -> 0.0001
20075,4 fw Controll.static GIPNIMALPEG          0.7564 -> 0.1584
20087,4 fw Controll.static GIPNIMALPEG          0.1584 -> 0.3985
20105,2 fw Controll.static GIPNIMALPEG          0.3985 -> 0.7544
20116,9 fw Controll.static GIPNIMALPEG          0.7544 -> 0.9887
20129,0 fw Controll.static MKFDGFOCKNO         19.7885 -> 19.8385
20129,0 fw Controll.static LEKCBKLAILO         19.8385 -> 19.8885
20129,0 fw Controll.static OFJKHAFJIMA          0.0001 -> 0.0049
20134,2 fw Controll.static GIPNIMALPEG          0.9887 -> 0.3336
20145,0 fw Controll.static GIPNIMALPEG          0.3336 -> 0.5492
20159,8 fw Controll.static GIPNIMALPEG          0.5492 -> 0.845
20171,8 fw Controll.static MKFDGFOCKNO         19.8385 -> 19.8885
20171,8 fw Controll.static LEKCBKLAILO         19.8885 -> 19.9385
20171,8 fw Controll.static OFJKHAFJIMA          0.0049 -> 0.0041
20180,0 fw Controll.static GIPNIMALPEG           0.845 -> 0.2502
20192,0 fw Controll.static GIPNIMALPEG          0.2502 -> 0.4905
20210,1 fw Controll.static GIPNIMALPEG          0.4905 -> 0.8525
20218,5 fw Controll.static MKFDGFOCKNO         19.8885 -> 19.9385
20218,5 fw Controll.static LEKCBKLAILO         19.9385 -> 19.9885
20218,5 fw Controll.static OFJKHAFJIMA          0.0041 -> 0.0008
20225,5 fw Controll.static GIPNIMALPEG          0.8525 -> 0.1605
20243,8 fw Controll.static GIPNIMALPEG          0.1605 -> 0.5263
20255,3 fw Controll.static GIPNIMALPEG          0.5263 -> 0.7555
20274,9 fw Controll.static GIPNIMALPEG          0.7555 -> 0.1471
20278,3 fw Controll.static MKFDGFOCKNO         19.9385 -> 19.9885
20278,3 fw Controll.static LEKCBKLAILO         19.9885 -> 20.0385
20278,3 fw Controll.static OFJKHAFJIMA          0.0008 -> 0.0072
20287,8 fw Controll.static GIPNIMALPEG          0.1471 -> 0.405
20305,2 fw Controll.static GIPNIMALPEG           0.405 -> 0.7531
20317,5 fw Controll.static GIPNIMALPEG          0.7531 -> 0.9996
20329,8 fw Controll.static MKFDGFOCKNO         19.9885 -> 20.0385
20329,8 fw Controll.static LEKCBKLAILO         20.0385 -> 20.0885
20329,8 fw Controll.static OFJKHAFJIMA          0.0072 -> 0.0052
20333,8 fw Controll.static GIPNIMALPEG          0.9996 -> 0.3254
20346,5 fw Controll.static GIPNIMALPEG          0.3254 -> 0.5803
20346,5 fw Controll.static NAKNALFCOIF           -7.65 -> -7.95
20363,8 fw player          APFNBGHAJMD               1 -> 0
20371,0 fw Controll.static GIPNIMALPEG          0.5803 -> 0.0686
20371,0 fw Controll.static NAKNALFCOIF           -7.95 -> -8.1
20371,0 fw Controll.static DGNDKAKOEPD          560142 -> 561168
20371,0 fw Controll.static BEJBLGGGOCC       338140428 -> 338141363
20371,0 fw Controll.static JELGPAKAJPE             158 -> 186
20371,0 fw Controll.static EENJPDHGGGC         19.0533 -> 20.0791
20378,0 fw Controll.static MKFDGFOCKNO         20.0385 -> 20.0885
20378,0 fw Controll.static LEKCBKLAILO         20.0885 -> 20.1385
20378,0 fw Controll.static OFJKHAFJIMA          0.0052 -> 0.0032
20383,4 fw Controll.static GIPNIMALPEG          0.0686 -> 0.317
20383,4 fw Controll.static NAKNALFCOIF            -8.1 -> -8.25
20395,8 fw Controll.static GIPNIMALPEG           0.317 -> 0.566
20408,4 fw Controll.static NAKNALFCOIF           -8.25 -> -8.7
20408,4 fw Controll.static IGLCENGMMMJ           33.75 -> 33.9
20411,1 fw player          APFNBGHAJMD               0 -> 1
20421,9 fw Controll.static GIPNIMALPEG           0.566 -> 0.0861
20421,9 fw Controll.static NAKNALFCOIF            -8.7 -> -8.85
20421,9 fw Controll.static IGLCENGMMMJ            33.9 -> 34.05
20426,4 fw Controll.static MKFDGFOCKNO         20.0885 -> 20.1385
20426,4 fw Controll.static LEKCBKLAILO         20.1385 -> 20.1885
20433,3 fw Controll.static OFJKHAFJIMA          0.0032 -> 0.0041
20433,3 fw Controll.static GIPNIMALPEG          0.0861 -> 0.3155
20454,7 fw Controll.static GIPNIMALPEG          0.3155 -> 0.7431
20454,7 fw Controll.static NAKNALFCOIF           -8.85 -> -9
20467,8 fw Controll.static GIPNIMALPEG          0.7431 -> 0.006
20478,8 fw Controll.static MKFDGFOCKNO         20.1385 -> 20.1885
20478,8 fw Controll.static LEKCBKLAILO         20.1885 -> 20.2385
20478,8 fw Controll.static OFJKHAFJIMA          0.0041 -> 0.0001
20486,6 fw Controll.static GIPNIMALPEG           0.006 -> 0.3807
20499,0 fw Controll.static GIPNIMALPEG          0.3807 -> 0.6285
20518,8 fw Controll.static GIPNIMALPEG          0.6285 -> 0.0249
20525,1 fw Controll.static MKFDGFOCKNO         20.1885 -> 20.2385
20525,1 fw Controll.static LEKCBKLAILO         20.2385 -> 20.2885
20525,1 fw Controll.static OFJKHAFJIMA          0.0001 -> 0.0011
20531,1 fw Controll.static GIPNIMALPEG          0.0249 -> 0.2696
20544,1 fw player          HEADELMLILF               0 -> 1
20548,6 fw player          ACAIGMNLLEC             250 -> 249
20548,7 fw Controll.static GIPNIMALPEG          0.2696 -> 0.6224
20548,7 fw Controll.static NAKNALFCOIF              -9 -> -9.15
20561,2 fw Controll.static GIPNIMALPEG          0.6224 -> 0.8739
20570,4 fw Controll.static NAKNALFCOIF           -9.15 -> -9.3
20576,0 fw Controll.static MKFDGFOCKNO         20.2385 -> 20.2885
20576,0 fw Controll.static LEKCBKLAILO         20.2885 -> 20.3385
20576,1 fw Controll.static OFJKHAFJIMA          0.0011 -> 0.0026
20582,4 fw Controll.static GIPNIMALPEG          0.8739 -> 0.2967
20587,5 fw player          HEADELMLILF               1 -> 0
20596,1 fw Controll.static GIPNIMALPEG          0.2967 -> 0.5704
20613,3 fw Controll.static GIPNIMALPEG          0.5704 -> 0.9146
20625,1 fw Controll.static MKFDGFOCKNO         20.2885 -> 20.3385
20625,1 fw Controll.static LEKCBKLAILO         20.3385 -> 20.3885
20625,1 fw Controll.static OFJKHAFJIMA          0.0026 -> 0.0073
20627,4 fw Controll.static GIPNIMALPEG          0.9146 -> 0.1965
20642,8 fw Controll.static GIPNIMALPEG          0.1965 -> 0.5052
20659,7 fw Controll.static GIPNIMALPEG          0.5052 -> 0.8427
20670,5 fw Controll.static MKFDGFOCKNO         20.3385 -> 20.3885
20670,5 fw Controll.static LEKCBKLAILO         20.3885 -> 20.4385
20675,1 fw Controll.static OFJKHAFJIMA          0.0073 -> 0.0027
20675,1 fw Controll.static GIPNIMALPEG          0.8427 -> 0.1508
20696,0 fw Controll.static GIPNIMALPEG          0.1508 -> 0.5688
20710,2 fw Controll.static GIPNIMALPEG          0.5688 -> 0.8524
20724,6 fw Controll.static MKFDGFOCKNO         20.3885 -> 20.4385
20724,6 fw Controll.static LEKCBKLAILO         20.4385 -> 20.4885
20724,6 fw Controll.static OFJKHAFJIMA          0.0027 -> 0.0069
20727,8 fw Controll.static GIPNIMALPEG          0.8524 -> 0.2054
20742,9 fw Controll.static GIPNIMALPEG          0.2054 -> 0.5066
20763,0 fw Controll.static GIPNIMALPEG          0.5066 -> 0.908
20777,1 fw Controll.static GIPNIMALPEG           0.908 -> 0.1906
20790,8 fw Controll.static MKFDGFOCKNO         20.4385 -> 20.4885
20790,8 fw Controll.static LEKCBKLAILO         20.4885 -> 20.5385
20790,8 fw Controll.static OFJKHAFJIMA          0.0069 -> 0.0094
20794,5 fw Controll.static GIPNIMALPEG          0.1906 -> 0.5387
20809,2 fw Controll.static GIPNIMALPEG          0.5387 -> 0.8331
20823,7 fw Controll.static MKFDGFOCKNO         20.4885 -> 20.5386
20823,7 fw Controll.static LEKCBKLAILO         20.5385 -> 20.5886
20823,7 fw Controll.static OFJKHAFJIMA          0.0094 -> 0.006
20826,8 fw Controll.static GIPNIMALPEG          0.8331 -> 0.1856
20842,1 fw Controll.static GIPNIMALPEG          0.1856 -> 0.4908
20860,5 fw Controll.static GIPNIMALPEG          0.4908 -> 0.8594
20873,4 fw Controll.static GIPNIMALPEG          0.8594 -> 0.1174
20885,8 fw Controll.static MKFDGFOCKNO         20.5386 -> 20.5886
20885,8 fw Controll.static LEKCBKLAILO         20.5886 -> 20.6386
20885,8 fw Controll.static OFJKHAFJIMA           0.006 -> 0.0057
20885,8 fw Controll.static GIPNIMALPEG          0.1174 -> 0.3637
20903,9 fw Controll.static GIPNIMALPEG          0.3637 -> 0.7255
20916,9 fw Controll.static GIPNIMALPEG          0.7255 -> 0.9858
20929,5 fw Controll.static MKFDGFOCKNO         20.5886 -> 20.6386
20929,5 fw Controll.static LEKCBKLAILO         20.6386 -> 20.6886
20929,5 fw Controll.static OFJKHAFJIMA          0.0057 -> 0.0082
20939,7 fw Controll.static GIPNIMALPEG          0.9858 -> 0.4419
20953,1 fw Controll.static GIPNIMALPEG          0.4419 -> 0.7102
20970,1 fw Controll.static GIPNIMALPEG          0.7102 -> 0.0498
20977,9 fw Controll.static MKFDGFOCKNO         20.6386 -> 20.6886
20977,9 fw Controll.static LEKCBKLAILO         20.6886 -> 20.7386
20977,9 fw Controll.static OFJKHAFJIMA          0.0082 -> 0.0023
20982,4 fw Controll.static GIPNIMALPEG          0.0498 -> 0.2961
21002,2 fw Controll.static GIPNIMALPEG          0.2961 -> 0.693
21002,2 fw Controll.static NAKNALFCOIF            -9.3 -> -9.45
21014,3 fw Controll.static GIPNIMALPEG           0.693 -> 0.9342
21027,8 fw Controll.static MKFDGFOCKNO         20.6886 -> 20.7386
21027,8 fw Controll.static LEKCBKLAILO         20.7386 -> 20.7886
21027,8 fw Controll.static OFJKHAFJIMA          0.0023 -> 0.0009
21031,3 fw Controll.static GIPNIMALPEG          0.9342 -> 0.2757
21031,4 fw Controll.static NAKNALFCOIF           -9.45 -> -9.75
21031,4 fw Controll.static IGLCENGMMMJ           34.05 -> 33.9
21045,3 fw Controll.static GIPNIMALPEG          0.2757 -> 0.5544
21056,6 fw Controll.static NAKNALFCOIF           -9.75 -> -10.05
21056,6 fw Controll.static IGLCENGMMMJ            33.9 -> 33.6
21073,7 fw Controll.static GIPNIMALPEG          0.5544 -> 0.1217
21075,8 fw Controll.static MKFDGFOCKNO         20.7386 -> 20.7886
21075,8 fw Controll.static LEKCBKLAILO         20.7886 -> 20.8386
21075,8 fw Controll.static OFJKHAFJIMA          0.0009 -> 0.0059
21086,5 fw Controll.static GIPNIMALPEG          0.1217 -> 0.3772
21091,8 fw Controll.static IGLCENGMMMJ            33.6 -> 33.45
21103,9 fw Controll.static GIPNIMALPEG          0.3772 -> 0.7267
21103,9 fw Controll.static NAKNALFCOIF          -10.05 -> -10.35
21103,9 fw Controll.static IGLCENGMMMJ           33.45 -> 33.3
21116,3 fw Controll.static GIPNIMALPEG          0.7267 -> 0.9742
21129,5 fw Controll.static MKFDGFOCKNO         20.7886 -> 20.8386
21129,5 fw Controll.static LEKCBKLAILO         20.8386 -> 20.8886
21129,6 fw Controll.static OFJKHAFJIMA          0.0059 -> 0.0086
21129,6 fw Controll.static GIPNIMALPEG          0.9742 -> 0.2396
21139,4 fw Controll.static NAKNALFCOIF          -10.35 -> -10.5
21139,4 fw Controll.static IGLCENGMMMJ            33.3 -> 33.15
21151,5 fw Controll.static GIPNIMALPEG          0.2396 -> 0.6781
21165,3 fw Controll.static GIPNIMALPEG          0.6781 -> 0.9551
21178,0 fw Controll.static MKFDGFOCKNO         20.8386 -> 20.8886
21178,0 fw Controll.static LEKCBKLAILO         20.8886 -> 20.9386
21178,0 fw Controll.static OFJKHAFJIMA          0.0086 -> 0.0021
21182,9 fw Controll.static GIPNIMALPEG          0.9551 -> 0.3063
21194,9 fw Controll.static GIPNIMALPEG          0.3063 -> 0.547
21219,2 fw player          LNIDBHIAJJI              24 -> 23
21219,2 fw player          ACAIGMNLLEC             249 -> 248
21219,2 fw player          HEADELMLILF               0 -> 1
21219,2 fw Controll.static GIPNIMALPEG           0.547 -> 0.032
21225,1 # net: TcpClient.Connected = True
21225,1 fw Controll.static MKFDGFOCKNO         20.8886 -> 20.9386
21225,1 fw Controll.static LEKCBKLAILO         20.9386 -> 20.9886
21225,1 fw Controll.static OFJKHAFJIMA          0.0021 -> 0.0014
21231,1 fw Controll.static GIPNIMALPEG           0.032 -> 0.2703
21243,8 fw player          HEADELMLILF               1 -> 0
21247,3 fw Controll.static GIPNIMALPEG          0.2703 -> 0.5935
21260,3 fw Controll.static GIPNIMALPEG          0.5935 -> 0.8546
21273,8 fw Controll.static MKFDGFOCKNO         20.9386 -> 20.9886
21273,8 fw Controll.static LEKCBKLAILO         20.9886 -> 21.0386
21273,8 fw Controll.static OFJKHAFJIMA          0.0014 -> 0.0012
21282,1 fw Controll.static GIPNIMALPEG          0.8546 -> 0.2897
21282,1 fw Controll.static DGNDKAKOEPD          561168 -> 562079
21282,1 fw Controll.static BEJBLGGGOCC       338141363 -> 338142364
21282,1 fw Controll.static JELGPAKAJPE             186 -> 100
21282,1 fw Controll.static EENJPDHGGGC         20.0791 -> 20.9902
21292,9 fw Controll.static GIPNIMALPEG          0.2897 -> 0.5057
21311,4 fw Controll.static GIPNIMALPEG          0.5057 -> 0.8767
21318,6 fw Controll.static MKFDGFOCKNO         20.9886 -> 21.0386
21318,6 fw Controll.static LEKCBKLAILO         21.0386 -> 21.0886
21318,6 fw Controll.static OFJKHAFJIMA          0.0012 -> 0.0008
21324,5 fw Controll.static GIPNIMALPEG          0.8767 -> 0.1383
21343,1 fw Controll.static GIPNIMALPEG          0.1383 -> 0.5108
21355,3 fw Controll.static GIPNIMALPEG          0.5108 -> 0.7546
21367,5 fw Controll.static GIPNIMALPEG          0.7546 -> 0.9978
21381,4 fw Controll.static MKFDGFOCKNO         21.0386 -> 21.0886
21381,4 fw Controll.static LEKCBKLAILO         21.0886 -> 21.1386
21381,4 fw Controll.static OFJKHAFJIMA          0.0008 -> 0.0064
21388,7 fw Controll.static GIPNIMALPEG          0.9978 -> 0.4212
21400,0 fw Controll.static GIPNIMALPEG          0.4212 -> 0.6469
21417,3 fw Controll.static GIPNIMALPEG          0.6469 -> 0.9946
21425,5 fw Controll.static MKFDGFOCKNO         21.0886 -> 21.1386
21425,5 fw Controll.static LEKCBKLAILO         21.1386 -> 21.1886
21425,5 fw Controll.static OFJKHAFJIMA          0.0064 -> 0.0076
21428,7 fw Controll.static GIPNIMALPEG          0.9946 -> 0.2228
21455,3 fw Controll.static GIPNIMALPEG          0.2228 -> 0.7541
21468,4 fw Controll.static GIPNIMALPEG          0.7541 -> 0.0162
21480,4 fw Controll.static MKFDGFOCKNO         21.1386 -> 21.1886
21480,4 fw Controll.static LEKCBKLAILO         21.1886 -> 21.2386
21480,4 fw Controll.static OFJKHAFJIMA          0.0076 -> 0.0006
21486,1 fw Controll.static GIPNIMALPEG          0.0162 -> 0.3693
21498,4 fw Controll.static GIPNIMALPEG          0.3693 -> 0.6153
21519,8 fw Controll.static GIPNIMALPEG          0.6153 -> 0.0424
21526,0 fw Controll.static MKFDGFOCKNO         21.1886 -> 21.2386
21526,0 fw Controll.static LEKCBKLAILO         21.2386 -> 21.2886
21526,0 fw Controll.static OFJKHAFJIMA          0.0006 -> 0.0019
21532,0 fw Controll.static GIPNIMALPEG          0.0424 -> 0.2876
21551,7 fw Controll.static GIPNIMALPEG          0.2876 -> 0.6825
21564,7 fw Controll.static GIPNIMALPEG          0.6825 -> 0.9404
21577,0 fw Controll.static MKFDGFOCKNO         21.2386 -> 21.2886
21577,0 fw Controll.static LEKCBKLAILO         21.2886 -> 21.3386
21577,0 fw Controll.static OFJKHAFJIMA          0.0019 -> 0.0041
21584,2 fw Controll.static GIPNIMALPEG          0.9404 -> 0.3305
